Archive member included because of file (symbol)

c:/program files (x86)/atollic/truestudio for arm pro 3.2.0/armtools/bin/../lib/gcc/arm-atollic-eabi/4.6.2/thumb/armv7-m\libgcc.a(_aeabi_uldivmod.o)
                              BSP\bsp.o (__aeabi_uldivmod)
c:/program files (x86)/atollic/truestudio for arm pro 3.2.0/armtools/bin/../lib/gcc/arm-atollic-eabi/4.6.2/thumb/armv7-m\libgcc.a(bpabi.o)
                              c:/program files (x86)/atollic/truestudio for arm pro 3.2.0/armtools/bin/../lib/gcc/arm-atollic-eabi/4.6.2/thumb/armv7-m\libgcc.a(_aeabi_uldivmod.o) (__gnu_uldivmod_helper)
c:/program files (x86)/atollic/truestudio for arm pro 3.2.0/armtools/bin/../lib/gcc/arm-atollic-eabi/4.6.2/thumb/armv7-m\libgcc.a(unwind-arm.o)
                              c:/program files (x86)/atollic/truestudio for arm pro 3.2.0/armtools/bin/../lib/gcc/arm-atollic-eabi/4.6.2/thumb/armv7-m\libgcc.a(bpabi.o) (__aeabi_unwind_cpp_pr0)
c:/program files (x86)/atollic/truestudio for arm pro 3.2.0/armtools/bin/../lib/gcc/arm-atollic-eabi/4.6.2/thumb/armv7-m\libgcc.a(libunwind.o)
                              c:/program files (x86)/atollic/truestudio for arm pro 3.2.0/armtools/bin/../lib/gcc/arm-atollic-eabi/4.6.2/thumb/armv7-m\libgcc.a(unwind-arm.o) (restore_core_regs)
c:/program files (x86)/atollic/truestudio for arm pro 3.2.0/armtools/bin/../lib/gcc/arm-atollic-eabi/4.6.2/thumb/armv7-m\libgcc.a(pr-support.o)
                              c:/program files (x86)/atollic/truestudio for arm pro 3.2.0/armtools/bin/../lib/gcc/arm-atollic-eabi/4.6.2/thumb/armv7-m\libgcc.a(unwind-arm.o) (__gnu_unwind_execute)
c:/program files (x86)/atollic/truestudio for arm pro 3.2.0/armtools/bin/../lib/gcc/arm-atollic-eabi/4.6.2/thumb/armv7-m\libgcc.a(_dvmd_tls.o)
                              c:/program files (x86)/atollic/truestudio for arm pro 3.2.0/armtools/bin/../lib/gcc/arm-atollic-eabi/4.6.2/thumb/armv7-m\libgcc.a(_aeabi_uldivmod.o) (__aeabi_ldiv0)
c:/program files (x86)/atollic/truestudio for arm pro 3.2.0/armtools/bin/../lib/gcc/arm-atollic-eabi/4.6.2/thumb/armv7-m\libgcc.a(_divdi3.o)
                              c:/program files (x86)/atollic/truestudio for arm pro 3.2.0/armtools/bin/../lib/gcc/arm-atollic-eabi/4.6.2/thumb/armv7-m\libgcc.a(bpabi.o) (__divdi3)
c:/program files (x86)/atollic/truestudio for arm pro 3.2.0/armtools/bin/../lib/gcc/arm-atollic-eabi/4.6.2/thumb/armv7-m\libgcc.a(_udivdi3.o)
                              c:/program files (x86)/atollic/truestudio for arm pro 3.2.0/armtools/bin/../lib/gcc/arm-atollic-eabi/4.6.2/thumb/armv7-m\libgcc.a(bpabi.o) (__udivdi3)
c:/program files (x86)/atollic/truestudio for arm pro 3.2.0/armtools/bin/../lib/gcc/arm-atollic-eabi/4.6.2/../../../../arm-atollic-eabi/lib/thumb/armv7-m\libc.a(lib_a-abort.o)
                              c:/program files (x86)/atollic/truestudio for arm pro 3.2.0/armtools/bin/../lib/gcc/arm-atollic-eabi/4.6.2/thumb/armv7-m\libgcc.a(unwind-arm.o) (abort)
c:/program files (x86)/atollic/truestudio for arm pro 3.2.0/armtools/bin/../lib/gcc/arm-atollic-eabi/4.6.2/../../../../arm-atollic-eabi/lib/thumb/armv7-m\libc.a(lib_a-init.o)
                              BSP\cstartup.o (__libc_init_array)
c:/program files (x86)/atollic/truestudio for arm pro 3.2.0/armtools/bin/../lib/gcc/arm-atollic-eabi/4.6.2/../../../../arm-atollic-eabi/lib/thumb/armv7-m\libc.a(lib_a-memcpy.o)
                              c:/program files (x86)/atollic/truestudio for arm pro 3.2.0/armtools/bin/../lib/gcc/arm-atollic-eabi/4.6.2/thumb/armv7-m\libgcc.a(unwind-arm.o) (memcpy)
c:/program files (x86)/atollic/truestudio for arm pro 3.2.0/armtools/bin/../lib/gcc/arm-atollic-eabi/4.6.2/../../../../arm-atollic-eabi/lib/thumb/armv7-m\libc.a(lib_a-signal.o)
                              c:/program files (x86)/atollic/truestudio for arm pro 3.2.0/armtools/bin/../lib/gcc/arm-atollic-eabi/4.6.2/../../../../arm-atollic-eabi/lib/thumb/armv7-m\libc.a(lib_a-abort.o) (raise)
c:/program files (x86)/atollic/truestudio for arm pro 3.2.0/armtools/bin/../lib/gcc/arm-atollic-eabi/4.6.2/../../../../arm-atollic-eabi/lib/thumb/armv7-m\libc.a(lib_a-signalr.o)
                              c:/program files (x86)/atollic/truestudio for arm pro 3.2.0/armtools/bin/../lib/gcc/arm-atollic-eabi/4.6.2/../../../../arm-atollic-eabi/lib/thumb/armv7-m\libc.a(lib_a-signal.o) (_kill_r)
c:/program files (x86)/atollic/truestudio for arm pro 3.2.0/armtools/bin/../lib/gcc/arm-atollic-eabi/4.6.2/../../../../arm-atollic-eabi/lib/thumb/armv7-m\libc.a(lib_a-syscalls.o)
                              c:/program files (x86)/atollic/truestudio for arm pro 3.2.0/armtools/bin/../lib/gcc/arm-atollic-eabi/4.6.2/../../../../arm-atollic-eabi/lib/thumb/armv7-m\libc.a(lib_a-signalr.o) (_getpid)
c:/program files (x86)/atollic/truestudio for arm pro 3.2.0/armtools/bin/../lib/gcc/arm-atollic-eabi/4.6.2/../../../../arm-atollic-eabi/lib/thumb/armv7-m\libc.a(lib_a-impure.o)
[...]
Memory Configuration

Name             Origin             Length             Attributes
FLASH            0x08000000         0x00020000         xr
RAM              0x20000000         0x00004000         xrw
MEMORY_B1        0x60000000         0x00000000         xr
*default*        0x00000000         0xffffffff

Linker script and memory map

LOAD c:/program files (x86)/atollic/truestudio for arm pro 3.2.0/armtools/bin/../lib/gcc/arm-atollic-eabi/4.6.2/thumb/armv7-m/crti.o
LOAD c:/program files (x86)/atollic/truestudio for arm pro 3.2.0/armtools/bin/../lib/gcc/arm-atollic-eabi/4.6.2/thumb/armv7-m/crtbegin.o
LOAD uCOS-III\Source\os_var.o
LOAD uCOS-III\Source\os_tmr.o
LOAD uCOS-III\Source\os_time.o
LOAD uCOS-III\Source\os_tick.o
LOAD uCOS-III\Source\os_task.o
LOAD uCOS-III\Source\os_stat.o
LOAD uCOS-III\Source\os_sem.o
LOAD uCOS-III\Source\os_q.o
LOAD uCOS-III\Source\os_prio.o
LOAD uCOS-III\Source\os_pend_multi.o
LOAD uCOS-III\Source\os_mutex.o
LOAD uCOS-III\Source\os_msg.o
LOAD uCOS-III\Source\os_mem.o
LOAD uCOS-III\Source\os_int.o
LOAD uCOS-III\Source\os_flag.o
LOAD uCOS-III\Source\os_dbg.o
LOAD uCOS-III\Source\os_core.o
LOAD uCOS-III\Source\os_cfg_app.o
LOAD uCOS-III\Ports\ARM-Cortex-M3\Generic\GNU\os_cpu_c.o
LOAD uCOS-III\Ports\ARM-Cortex-M3\Generic\GNU\os_cpu_a.o
LOAD uC-LIB\lib_str.o
LOAD uC-LIB\lib_mem.o
LOAD uC-LIB\lib_math.o
LOAD uC-LIB\lib_ascii.o
LOAD uC-CPU\cpu_core.o
LOAD uC-CPU\ARM-Cortex-M3\GNU\cpu_c.o
LOAD uC-CPU\ARM-Cortex-M3\GNU\cpu_a.o
LOAD BSP\cstartup.o
LOAD BSP\bsp_periph.o
LOAD BSP\bsp_int.o
LOAD BSP\bsp.o
LOAD BSP\ST\STM32L1xx\src\stm32l1xx_wwdg.o
LOAD BSP\ST\STM32L1xx\src\stm32l1xx_usart.o
LOAD BSP\ST\STM32L1xx\src\stm32l1xx_tim.o
LOAD BSP\ST\STM32L1xx\src\stm32l1xx_syscfg.o
LOAD BSP\ST\STM32L1xx\src\stm32l1xx_spi.o
LOAD BSP\ST\STM32L1xx\src\stm32l1xx_sdio.o
LOAD BSP\ST\STM32L1xx\src\stm32l1xx_rtc.o
LOAD BSP\ST\STM32L1xx\src\stm32l1xx_rcc.o
LOAD BSP\ST\STM32L1xx\src\stm32l1xx_pwr.o
LOAD BSP\ST\STM32L1xx\src\stm32l1xx_opamp.o
LOAD BSP\ST\STM32L1xx\src\stm32l1xx_lcd.o
LOAD BSP\ST\STM32L1xx\src\stm32l1xx_iwdg.o
LOAD BSP\ST\STM32L1xx\src\stm32l1xx_i2c.o
LOAD BSP\ST\STM32L1xx\src\stm32l1xx_gpio.o
LOAD BSP\ST\STM32L1xx\src\stm32l1xx_fsmc.o
LOAD BSP\ST\STM32L1xx\src\stm32l1xx_flash_ramfunc.o
LOAD BSP\ST\STM32L1xx\src\stm32l1xx_flash.o
LOAD BSP\ST\STM32L1xx\src\stm32l1xx_exti.o
LOAD BSP\ST\STM32L1xx\src\stm32l1xx_dma.o
LOAD BSP\ST\STM32L1xx\src\stm32l1xx_dbgmcu.o
LOAD BSP\ST\STM32L1xx\src\stm32l1xx_dac.o
LOAD BSP\ST\STM32L1xx\src\stm32l1xx_crc.o
LOAD BSP\ST\STM32L1xx\src\stm32l1xx_comp.o
LOAD BSP\ST\STM32L1xx\src\stm32l1xx_aes_util.o
LOAD BSP\ST\STM32L1xx\src\stm32l1xx_aes.o
LOAD BSP\ST\STM32L1xx\src\stm32l1xx_adc.o
LOAD BSP\ST\STM32L1xx\src\misc.o
LOAD BSP\OS\bsp_os.o
LOAD APP\os_app_hooks.o
LOAD APP\app.o
                0x00001000                malloc_getpagesize_P = 0x1000
START GROUP
LOAD c:/program files (x86)/atollic/truestudio for arm pro 3.2.0/armtools/bin/../lib/gcc/arm-atollic-eabi/4.6.2/thumb/armv7-m\libgcc.a
LOAD c:/program files (x86)/atollic/truestudio for arm pro 3.2.0/armtools/bin/../lib/gcc/arm-atollic-eabi/4.6.2/../../../../arm-atollic-eabi/lib/thumb/armv7-m\libc.a
END GROUP
LOAD c:/program files (x86)/atollic/truestudio for arm pro 3.2.0/armtools/bin/../lib/gcc/arm-atollic-eabi/4.6.2/thumb/armv7-m/crtend.o
LOAD c:/program files (x86)/atollic/truestudio for arm pro 3.2.0/armtools/bin/../lib/gcc/arm-atollic-eabi/4.6.2/thumb/armv7-m/crtn.o
                0x20004000                _estack = 0x20004000
                0x00000000                _Min_Heap_Size = 0x0
                0x00000080                _Min_Stack_Size = 0x80

.isr_vector     0x08000000      0x124
                0x08000000                . = ALIGN (0x4)
 *(.isr_vector)
 .isr_vector    0x08000000      0x124 BSP\cstartup.o
                0x08000000                g_pfnVectors
                0x08000124                . = ALIGN (0x4)

.text           0x08000124     0x5ba0
                0x08000124                . = ALIGN (0x4)
 *(.text)
 .text          0x08000124       0x54 c:/program files (x86)/atollic/truestudio for arm pro 3.2.0/armtools/bin/../lib/gcc/arm-atollic-eabi/4.6.2/thumb/armv7-m/crtbegin.o
 .text          0x08000178       0x88 uCOS-III\Ports\ARM-Cortex-M3\Generic\GNU\os_cpu_a.o
                0x08000178                OSStartHighRdy
                0x08000196                OS_CPU_PendSVHandler
 .text          0x08000200       0x34 uC-CPU\ARM-Cortex-M3\GNU\cpu_a.o
                0x08000200                CPU_IntDis
                0x08000204                CPU_IntEn
                0x08000208                CPU_SR_Save
                0x08000210                CPU_SR_Restore
                0x08000216                CPU_WaitForInt
                0x0800021a                CPU_WaitForExcept
                0x0800021e                CPU_CntLeadZeros
                0x08000224                CPU_CntTrailZeros
                0x0800022e                CPU_RevBits
 *(.text*)
 .text.OS_TmrInit
                0x08000234      0x1ac uCOS-III\Source\os_tmr.o
                0x08000234                OS_TmrInit
 .text.OS_TmrLink
                0x080003e0      0x19c uCOS-III\Source\os_tmr.o
                0x080003e0                OS_TmrLink
 .text.OS_TmrResetPeak
                0x0800057c       0x4c uCOS-III\Source\os_tmr.o
                0x0800057c                OS_TmrResetPeak
 .text.OS_TmrUnlink
                0x080005c8       0xac uCOS-III\Source\os_tmr.o
                0x080005c8                OS_TmrUnlink
 .text.OS_TmrTask
                0x08000674      0x13c uCOS-III\Source\os_tmr.o
                0x08000674                OS_TmrTask
 .text.OSTimeDly
                0x080007b0      0x100 uCOS-III\Source\os_time.o
                0x080007b0                OSTimeDly
 .text.OSTimeDlyHMSM
                0x080008b0      0x234 uCOS-III\Source\os_time.o
                0x080008b0                OSTimeDlyHMSM
 .text.OSTimeTick
                0x08000ae4       0xa4 uCOS-III\Source\os_time.o
                0x08000ae4                OSTimeTick
 .text.OS_TickTask
                0x08000b88       0x3c uCOS-III\Source\os_tick.o
                0x08000b88                OS_TickTask
 .text.OS_TickTaskInit
                0x08000bc4       0xf0 uCOS-III\Source\os_tick.o
                0x08000bc4                OS_TickTaskInit
 .text.OS_TickListInit
                0x08000cb4       0x5c uCOS-III\Source\os_tick.o
                0x08000cb4                OS_TickListInit
 .text.OS_TickListInsert
                0x08000d10      0x23c uCOS-III\Source\os_tick.o
                0x08000d10                OS_TickListInsert
 .text.OS_TickListRemove
                0x08000f4c       0x98 uCOS-III\Source\os_tick.o
                0x08000f4c                OS_TickListRemove
 .text.OS_TickListResetPeak
                0x08000fe4       0x4c uCOS-III\Source\os_tick.o
                0x08000fe4                OS_TickListResetPeak
 .text.OS_TickListUpdate
                0x08001030      0x26c uCOS-III\Source\os_tick.o
                0x08001030                OS_TickListUpdate
 .text.OSTaskCreate
                0x0800129c      0x248 uCOS-III\Source\os_task.o
                0x0800129c                OSTaskCreate
 .text.OSTaskResume
                0x080014e4       0x6c uCOS-III\Source\os_task.o
                0x080014e4                OSTaskResume
 .text.OSTaskSemPend
                0x08001550      0x278 uCOS-III\Source\os_task.o
                0x08001550                OSTaskSemPend
 .text.OSTaskSemPost
                0x080017c8       0x50 uCOS-III\Source\os_task.o
                0x080017c8                OSTaskSemPost
 .text.OSTaskStkChk
                0x08001818      0x108 uCOS-III\Source\os_task.o
                0x08001818                OSTaskStkChk
 .text.OSTaskSuspend
                0x08001920       0x4c uCOS-III\Source\os_task.o
                0x08001920                OSTaskSuspend
 .text.OS_TaskDbgListAdd
                0x0800196c       0x64 uCOS-III\Source\os_task.o
                0x0800196c                OS_TaskDbgListAdd
 .text.OS_TaskInit
                0x080019d0       0x44 uCOS-III\Source\os_task.o
                0x080019d0                OS_TaskInit
 .text.OS_TaskInitTCB
                0x08001a14      0x210 uCOS-III\Source\os_task.o
                0x08001a14                OS_TaskInitTCB
 .text.OS_TaskResume
                0x08001c24      0x13c uCOS-III\Source\os_task.o
                0x08001c24                OS_TaskResume
 .text.OS_TaskReturn
                0x08001d60       0x34 uCOS-III\Source\os_task.o
                0x08001d60                OS_TaskReturn
 .text.OS_TaskSemPost
                0x08001d94      0x134 uCOS-III\Source\os_task.o
                0x08001d94                OS_TaskSemPost
 .text.OS_TaskSuspend
                0x08001ec8      0x13c uCOS-III\Source\os_task.o
                0x08001ec8                OS_TaskSuspend
 .text.OSStatReset
                0x08002004      0x170 uCOS-III\Source\os_stat.o
                0x08002004                OSStatReset
 .text.OSStatTaskCPUUsageInit
                0x08002174      0x144 uCOS-III\Source\os_stat.o
                0x08002174                OSStatTaskCPUUsageInit
 .text.OS_StatTask
                0x080022b8      0x404 uCOS-III\Source\os_stat.o
                0x080022b8                OS_StatTask
 .text.OS_StatTaskInit
                0x080026bc      0x114 uCOS-III\Source\os_stat.o
                0x080026bc                OS_StatTaskInit
 .text.OS_SemInit
                0x080027d0       0x38 uCOS-III\Source\os_sem.o
                0x080027d0                OS_SemInit
 .text.OS_QInit
                0x08002808       0x38 uCOS-III\Source\os_q.o
                0x08002808                OS_QInit
 .text.OS_PrioInit
                0x08002840       0x38 uCOS-III\Source\os_prio.o
                0x08002840                OS_PrioInit
 .text.OS_PrioGetHighest
                0x08002878       0x50 uCOS-III\Source\os_prio.o
                0x08002878                OS_PrioGetHighest
 .text.OS_PrioInsert
                0x080028c8       0x58 uCOS-III\Source\os_prio.o
                0x080028c8                OS_PrioInsert
 .text.OS_PrioRemove
                0x08002920       0x5c uCOS-III\Source\os_prio.o
                0x08002920                OS_PrioRemove
 .text.OS_MutexInit
                0x0800297c       0x38 uCOS-III\Source\os_mutex.o
                0x0800297c                OS_MutexInit
 .text.OS_MsgPoolInit
                0x080029b4      0x124 uCOS-III\Source\os_msg.o
                0x080029b4                OS_MsgPoolInit
 .text.OS_MsgQInit
                0x08002ad8       0x3c uCOS-III\Source\os_msg.o
                0x08002ad8                OS_MsgQInit
 .text.OS_MemInit
                0x08002b14       0x38 uCOS-III\Source\os_mem.o
                0x08002b14                OS_MemInit
 .text.OS_FlagInit
                0x08002b4c       0x38 uCOS-III\Source\os_flag.o
                0x08002b4c                OS_FlagInit
 .text.OS_Dbg_Init
                0x08002b84      0x2cc uCOS-III\Source\os_dbg.o
                0x08002b84                OS_Dbg_Init
 .text.OSInit   0x08002e50      0x274 uCOS-III\Source\os_core.o
                0x08002e50                OSInit
 .text.OSIntEnter
                0x080030c4       0x48 uCOS-III\Source\os_core.o
                0x080030c4                OSIntEnter
 .text.OSIntExit
                0x0800310c      0x130 uCOS-III\Source\os_core.o
                0x0800310c                OSIntExit
 .text.OSSched  0x0800323c       0xe4 uCOS-III\Source\os_core.o
                0x0800323c                OSSched
 .text.OSSchedLock
                0x08003320       0x94 uCOS-III\Source\os_core.o
                0x08003320                OSSchedLock
 .text.OSSchedUnlock
                0x080033b4       0xb4 uCOS-III\Source\os_core.o
                0x080033b4                OSSchedUnlock
 .text.OSStart  0x08003468       0xac uCOS-III\Source\os_core.o
                0x08003468                OSStart
 .text.OS_IdleTask
                0x08003514       0x54 uCOS-III\Source\os_core.o
                0x08003514                OS_IdleTask
 .text.OS_IdleTaskInit
                0x08003568       0x84 uCOS-III\Source\os_core.o
                0x08003568                OS_IdleTaskInit
 .text.OS_Pend  0x080035ec       0xb4 uCOS-III\Source\os_core.o
                0x080035ec                OS_Pend
 .text.OS_PendDataInit
                0x080036a0       0x7c uCOS-III\Source\os_core.o
                0x080036a0                OS_PendDataInit
 .text.OS_PendDbgNameAdd
                0x0800371c       0x84 uCOS-III\Source\os_core.o
                0x0800371c                OS_PendDbgNameAdd
 .text.OS_PendDbgNameRemove
                0x080037a0       0x54 uCOS-III\Source\os_core.o
                0x080037a0                OS_PendDbgNameRemove
 .text.OS_PendListInsertPrio
                0x080037f4       0xf4 uCOS-III\Source\os_core.o
                0x080037f4                OS_PendListInsertPrio
 .text.OS_PendListRemove
                0x080038e8       0x5c uCOS-III\Source\os_core.o
                0x080038e8                OS_PendListRemove
 .text.OS_PendListRemove1
                0x08003944       0xa0 uCOS-III\Source\os_core.o
                0x08003944                OS_PendListRemove1
 .text.OS_Post  0x080039e4      0x11c uCOS-III\Source\os_core.o
                0x080039e4                OS_Post
 .text.OS_Post1
                0x08003b00       0x60 uCOS-III\Source\os_core.o
                0x08003b00                OS_Post1
 .text.OS_RdyListInit
                0x08003b60       0x5c uCOS-III\Source\os_core.o
                0x08003b60                OS_RdyListInit
 .text.OS_RdyListInsert
                0x08003bbc       0x40 uCOS-III\Source\os_core.o
                0x08003bbc                OS_RdyListInsert
 .text.OS_RdyListInsertHead
                0x08003bfc       0x94 uCOS-III\Source\os_core.o
                0x08003bfc                OS_RdyListInsertHead
 .text.OS_RdyListInsertTail
                0x08003c90       0x90 uCOS-III\Source\os_core.o
                0x08003c90                OS_RdyListInsertTail
 .text.OS_RdyListMoveHeadToTail
                0x08003d20       0x98 uCOS-III\Source\os_core.o
                0x08003d20                OS_RdyListMoveHeadToTail
 .text.OS_RdyListRemove
                0x08003db8       0xc8 uCOS-III\Source\os_core.o
                0x08003db8                OS_RdyListRemove
 .text.OS_SchedLockTimeMeasStart
                0x08003e80       0x24 uCOS-III\Source\os_core.o
                0x08003e80                OS_SchedLockTimeMeasStart
 .text.OS_SchedLockTimeMeasStop
                0x08003ea4       0x68 uCOS-III\Source\os_core.o
                0x08003ea4                OS_SchedLockTimeMeasStop
 .text.OS_SchedRoundRobin
                0x08003f0c       0xd8 uCOS-III\Source\os_core.o
                0x08003f0c                OS_SchedRoundRobin
 .text.OS_TaskBlock
                0x08003fe4       0x58 uCOS-III\Source\os_core.o
                0x08003fe4                OS_TaskBlock
 .text.OS_TaskRdy
                0x0800403c       0x2c uCOS-III\Source\os_core.o
                0x0800403c                OS_TaskRdy
 .text.OSCfg_Init
                0x08004068        0xc uCOS-III\Source\os_cfg_app.o
                0x08004068                OSCfg_Init
 .text.OSIdleTaskHook
                0x08004074       0x20 uCOS-III\Ports\ARM-Cortex-M3\Generic\GNU\os_cpu_c.o
                0x08004074                OSIdleTaskHook
 .text.OSInitHook
                0x08004094       0x74 uCOS-III\Ports\ARM-Cortex-M3\Generic\GNU\os_cpu_c.o
                0x08004094                OSInitHook
 .text.OSStatTaskHook
                0x08004108       0x20 uCOS-III\Ports\ARM-Cortex-M3\Generic\GNU\os_cpu_c.o
                0x08004108                OSStatTaskHook
 .text.OSTaskCreateHook
                0x08004128       0x2c uCOS-III\Ports\ARM-Cortex-M3\Generic\GNU\os_cpu_c.o
                0x08004128                OSTaskCreateHook
 .text.OSTaskReturnHook
                0x08004154       0x2c uCOS-III\Ports\ARM-Cortex-M3\Generic\GNU\os_cpu_c.o
                0x08004154                OSTaskReturnHook
 .text.OSTaskStkInit
                0x08004180      0x128 uCOS-III\Ports\ARM-Cortex-M3\Generic\GNU\os_cpu_c.o
                0x08004180                OSTaskStkInit
 .text.OSTaskSwHook
                0x080042a8       0xe8 uCOS-III\Ports\ARM-Cortex-M3\Generic\GNU\os_cpu_c.o
                0x080042a8                OSTaskSwHook
 .text.OSTimeTickHook
                0x08004390       0x20 uCOS-III\Ports\ARM-Cortex-M3\Generic\GNU\os_cpu_c.o
                0x08004390                OSTimeTickHook
 .text.OS_CPU_SysTickHandler
                0x080043b0       0x44 uCOS-III\Ports\ARM-Cortex-M3\Generic\GNU\os_cpu_c.o
                0x080043b0                OS_CPU_SysTickHandler
 .text.OS_CPU_SysTickInit
                0x080043f4       0x74 uCOS-III\Ports\ARM-Cortex-M3\Generic\GNU\os_cpu_c.o
                0x080043f4                OS_CPU_SysTickInit
 .text.Mem_Init
                0x08004468       0xbc uC-LIB\lib_mem.o
                0x08004468                Mem_Init
 .text.Mem_Clr  0x08004524       0x20 uC-LIB\lib_mem.o
                0x08004524                Mem_Clr
 .text.Mem_Set  0x08004544       0xe4 uC-LIB\lib_mem.o
                0x08004544                Mem_Set
 .text.Math_Init
                0x08004628       0x10 uC-LIB\lib_math.o
                0x08004628                Math_Init
 .text.Math_RandSetSeed
                0x08004638       0x30 uC-LIB\lib_math.o
                0x08004638                Math_RandSetSeed
 .text.CPU_Init
                0x08004668       0x10 uC-CPU\cpu_core.o
                0x08004668                CPU_Init
 .text.CPU_NameClr
                0x08004678       0x34 uC-CPU\cpu_core.o
                0x08004678                CPU_NameClr
 .text.CPU_TS_TmrFreqSet
                0x080046ac       0x20 uC-CPU\cpu_core.o
                0x080046ac                CPU_TS_TmrFreqSet
 .text.CPU_NameInit
                0x080046cc        0xc uC-CPU\cpu_core.o
 .text.CPU_TS_Init
                0x080046d8       0x18 uC-CPU\cpu_core.o
 .text.Reset_Handler
                0x080046f0       0x44 BSP\cstartup.o
                0x080046f0                Reset_Handler
 .text.App_NMI_ISR
                0x08004734        0x2 BSP\cstartup.o
 .text.App_Fault_ISR
                0x08004736        0x2 BSP\cstartup.o
 .text.App_MemFault_ISR
                0x08004738        0x2 BSP\cstartup.o
 .text.App_BusFault_ISR
                0x0800473a        0x2 BSP\cstartup.o
 .text.App_UsageFault_ISR
                0x0800473c        0x2 BSP\cstartup.o
 .text.App_Spurious_ISR
                0x0800473e        0x2 BSP\cstartup.o
 .text.BSP_PeriphEn
                0x08004740      0x210 BSP\bsp_periph.o
                0x08004740                BSP_PeriphEn
 .text.BSP_IntDisAll
                0x08004950        0xc BSP\bsp_int.o
                0x08004950                BSP_IntDisAll
 .text.BSP_IntVectSet
                0x0800495c       0x3c BSP\bsp_int.o
                0x0800495c                BSP_IntVectSet
 .text.BSP_IntInit
                0x08004998       0x34 BSP\bsp_int.o
                0x08004998                BSP_IntInit
 .text.BSP_IntHandlerWWDG
                0x080049cc       0x10 BSP\bsp_int.o
                0x080049cc                BSP_IntHandlerWWDG
 .text.BSP_IntHandlerPVD
                0x080049dc       0x10 BSP\bsp_int.o
                0x080049dc                BSP_IntHandlerPVD
 .text.BSP_IntHandlerTAMP_STAMP
                0x080049ec       0x10 BSP\bsp_int.o
                0x080049ec                BSP_IntHandlerTAMP_STAMP
 .text.BSP_IntHandlerRTC_WKUP
                0x080049fc       0x10 BSP\bsp_int.o
                0x080049fc                BSP_IntHandlerRTC_WKUP
 .text.BSP_IntHandlerFLASH
                0x08004a0c       0x10 BSP\bsp_int.o
                0x08004a0c                BSP_IntHandlerFLASH
 .text.BSP_IntHandlerRCC
                0x08004a1c       0x10 BSP\bsp_int.o
                0x08004a1c                BSP_IntHandlerRCC
 .text.BSP_IntHandlerEXTI0
                0x08004a2c       0x10 BSP\bsp_int.o
                0x08004a2c                BSP_IntHandlerEXTI0
 .text.BSP_IntHandlerEXTI1
                0x08004a3c       0x10 BSP\bsp_int.o
                0x08004a3c                BSP_IntHandlerEXTI1
 .text.BSP_IntHandlerEXTI2
                0x08004a4c       0x10 BSP\bsp_int.o
                0x08004a4c                BSP_IntHandlerEXTI2
 .text.BSP_IntHandlerEXTI3
                0x08004a5c       0x10 BSP\bsp_int.o
                0x08004a5c                BSP_IntHandlerEXTI3
 .text.BSP_IntHandlerEXTI4
                0x08004a6c       0x10 BSP\bsp_int.o
                0x08004a6c                BSP_IntHandlerEXTI4
 .text.BSP_IntHandlerDMA1_CH1
                0x08004a7c       0x10 BSP\bsp_int.o
                0x08004a7c                BSP_IntHandlerDMA1_CH1
 .text.BSP_IntHandlerDMA1_CH2
                0x08004a8c       0x10 BSP\bsp_int.o
                0x08004a8c                BSP_IntHandlerDMA1_CH2
 .text.BSP_IntHandlerDMA1_CH3
                0x08004a9c       0x10 BSP\bsp_int.o
                0x08004a9c                BSP_IntHandlerDMA1_CH3
 .text.BSP_IntHandlerDMA1_CH4
                0x08004aac       0x10 BSP\bsp_int.o
                0x08004aac                BSP_IntHandlerDMA1_CH4
 .text.BSP_IntHandlerDMA1_CH5
                0x08004abc       0x10 BSP\bsp_int.o
                0x08004abc                BSP_IntHandlerDMA1_CH5
 .text.BSP_IntHandlerDMA1_CH6
                0x08004acc       0x10 BSP\bsp_int.o
                0x08004acc                BSP_IntHandlerDMA1_CH6
 .text.BSP_IntHandlerDMA1_CH7
                0x08004adc       0x10 BSP\bsp_int.o
                0x08004adc                BSP_IntHandlerDMA1_CH7
 .text.BSP_IntHandlerADC1
                0x08004aec       0x10 BSP\bsp_int.o
                0x08004aec                BSP_IntHandlerADC1
 .text.BSP_IntHandlerUSB_HP
                0x08004afc       0x10 BSP\bsp_int.o
                0x08004afc                BSP_IntHandlerUSB_HP
 .text.BSP_IntHandlerUSB_LP
                0x08004b0c       0x10 BSP\bsp_int.o
                0x08004b0c                BSP_IntHandlerUSB_LP
 .text.BSP_IntHandlerDAC
                0x08004b1c       0x10 BSP\bsp_int.o
                0x08004b1c                BSP_IntHandlerDAC
 .text.BSP_IntHandlerCOMP
                0x08004b2c       0x10 BSP\bsp_int.o
                0x08004b2c                BSP_IntHandlerCOMP
 .text.BSP_IntHandlerEXTI9_5
                0x08004b3c       0x10 BSP\bsp_int.o
                0x08004b3c                BSP_IntHandlerEXTI9_5
 .text.BSP_IntHandlerLCD
                0x08004b4c       0x10 BSP\bsp_int.o
                0x08004b4c                BSP_IntHandlerLCD
 .text.BSP_IntHandlerTIM9
                0x08004b5c       0x10 BSP\bsp_int.o
                0x08004b5c                BSP_IntHandlerTIM9
 .text.BSP_IntHandlerTIM10
                0x08004b6c       0x10 BSP\bsp_int.o
                0x08004b6c                BSP_IntHandlerTIM10
 .text.BSP_IntHandlerTIM11
                0x08004b7c       0x10 BSP\bsp_int.o
                0x08004b7c                BSP_IntHandlerTIM11
 .text.BSP_IntHandlerTIM2
                0x08004b8c       0x10 BSP\bsp_int.o
                0x08004b8c                BSP_IntHandlerTIM2
 .text.BSP_IntHandlerTIM3
                0x08004b9c       0x10 BSP\bsp_int.o
                0x08004b9c                BSP_IntHandlerTIM3
 .text.BSP_IntHandlerTIM4
                0x08004bac       0x10 BSP\bsp_int.o
                0x08004bac                BSP_IntHandlerTIM4
 .text.BSP_IntHandlerI2C1_EV
                0x08004bbc       0x10 BSP\bsp_int.o
                0x08004bbc                BSP_IntHandlerI2C1_EV
 .text.BSP_IntHandlerI2C1_ER
                0x08004bcc       0x10 BSP\bsp_int.o
                0x08004bcc                BSP_IntHandlerI2C1_ER
 .text.BSP_IntHandlerI2C2_EV
                0x08004bdc       0x10 BSP\bsp_int.o
                0x08004bdc                BSP_IntHandlerI2C2_EV
 .text.BSP_IntHandlerI2C2_ER
                0x08004bec       0x10 BSP\bsp_int.o
                0x08004bec                BSP_IntHandlerI2C2_ER
 .text.BSP_IntHandlerSPI1
                0x08004bfc       0x10 BSP\bsp_int.o
                0x08004bfc                BSP_IntHandlerSPI1
 .text.BSP_IntHandlerSPI2
                0x08004c0c       0x10 BSP\bsp_int.o
                0x08004c0c                BSP_IntHandlerSPI2
 .text.BSP_IntHandlerUSART1
                0x08004c1c       0x10 BSP\bsp_int.o
                0x08004c1c                BSP_IntHandlerUSART1
 .text.BSP_IntHandlerUSART2
                0x08004c2c       0x10 BSP\bsp_int.o
                0x08004c2c                BSP_IntHandlerUSART2
 .text.BSP_IntHandlerUSART3
                0x08004c3c       0x10 BSP\bsp_int.o
                0x08004c3c                BSP_IntHandlerUSART3
 .text.BSP_IntHandlerEXTI15_10
                0x08004c4c       0x10 BSP\bsp_int.o
                0x08004c4c                BSP_IntHandlerEXTI15_10
 .text.BSP_IntHandlerRTCAlarm
                0x08004c5c       0x10 BSP\bsp_int.o
                0x08004c5c                BSP_IntHandlerRTCAlarm
 .text.BSP_IntHandlerUSB_FS_WKUP
                0x08004c6c       0x10 BSP\bsp_int.o
                0x08004c6c                BSP_IntHandlerUSB_FS_WKUP
 .text.BSP_IntHandlerTIM6
                0x08004c7c       0x10 BSP\bsp_int.o
                0x08004c7c                BSP_IntHandlerTIM6
 .text.BSP_IntHandlerTIM7
                0x08004c8c       0x10 BSP\bsp_int.o
                0x08004c8c                BSP_IntHandlerTIM7
 .text.BSP_IntHandlerSDIO
                0x08004c9c       0x10 BSP\bsp_int.o
                0x08004c9c                BSP_IntHandlerSDIO
 .text.BSP_IntHandlerTIM5
                0x08004cac       0x10 BSP\bsp_int.o
                0x08004cac                BSP_IntHandlerTIM5
 .text.BSP_IntHandlerSPI3
                0x08004cbc       0x10 BSP\bsp_int.o
                0x08004cbc                BSP_IntHandlerSPI3
 .text.BSP_IntHandlerUART4
                0x08004ccc       0x10 BSP\bsp_int.o
                0x08004ccc                BSP_IntHandlerUART4
 .text.BSP_IntHandlerUART5
                0x08004cdc       0x10 BSP\bsp_int.o
                0x08004cdc                BSP_IntHandlerUART5
 .text.BSP_IntHandlerDMA2_CH1
                0x08004cec       0x10 BSP\bsp_int.o
                0x08004cec                BSP_IntHandlerDMA2_CH1
 .text.BSP_IntHandlerDMA2_CH2
                0x08004cfc       0x10 BSP\bsp_int.o
                0x08004cfc                BSP_IntHandlerDMA2_CH2
 .text.BSP_IntHandlerDMA2_CH3
                0x08004d0c       0x10 BSP\bsp_int.o
                0x08004d0c                BSP_IntHandlerDMA2_CH3
 .text.BSP_IntHandlerDMA2_CH4
                0x08004d1c       0x10 BSP\bsp_int.o
                0x08004d1c                BSP_IntHandlerDMA2_CH4
 .text.BSP_IntHandlerDMA2_CH5
                0x08004d2c       0x10 BSP\bsp_int.o
                0x08004d2c                BSP_IntHandlerDMA2_CH5
 .text.BSP_IntHandlerAES
                0x08004d3c       0x10 BSP\bsp_int.o
                0x08004d3c                BSP_IntHandlerAES
 .text.BSP_IntHandlerCOMP_ACQ
                0x08004d4c       0x10 BSP\bsp_int.o
                0x08004d4c                BSP_IntHandlerCOMP_ACQ
 .text.BSP_IntHandler
                0x08004d5c       0x4c BSP\bsp_int.o
 .text.BSP_IntHandlerDummy
                0x08004da8        0xc BSP\bsp_int.o
 .text.BSP_Init
                0x08004db4       0xbc BSP\bsp.o
                0x08004db4                BSP_Init
 .text.BSP_CPU_ClkFreq
                0x08004e70       0x1c BSP\bsp.o
                0x08004e70                BSP_CPU_ClkFreq
 .text.BSP_LED_Init
                0x08004e8c       0x44 BSP\bsp.o
 .text.BSP_LED_Toggle
                0x08004ed0      0x114 BSP\bsp.o
                0x08004ed0                BSP_LED_Toggle
 .text.CPU_TS_TmrInit
                0x08004fe4       0x5c BSP\bsp.o
                0x08004fe4                CPU_TS_TmrInit
 .text.CPU_TS_TmrRd
                0x08005040       0x20 BSP\bsp.o
                0x08005040                CPU_TS_TmrRd
 .text.RCC_DeInit
                0x08005060       0xa0 BSP\ST\STM32L1xx\src\stm32l1xx_rcc.o
                0x08005060                RCC_DeInit
 .text.RCC_HSEConfig
                0x08005100       0x30 BSP\ST\STM32L1xx\src\stm32l1xx_rcc.o
                0x08005100                RCC_HSEConfig
 .text.RCC_PLLConfig
                0x08005130       0x34 BSP\ST\STM32L1xx\src\stm32l1xx_rcc.o
                0x08005130                RCC_PLLConfig
 .text.RCC_PLLCmd
                0x08005164       0x20 BSP\ST\STM32L1xx\src\stm32l1xx_rcc.o
                0x08005164                RCC_PLLCmd
 .text.RCC_SYSCLKConfig
                0x08005184       0x40 BSP\ST\STM32L1xx\src\stm32l1xx_rcc.o
                0x08005184                RCC_SYSCLKConfig
 .text.RCC_GetSYSCLKSource
                0x080051c4       0x20 BSP\ST\STM32L1xx\src\stm32l1xx_rcc.o
                0x080051c4                RCC_GetSYSCLKSource
 .text.RCC_HCLKConfig
                0x080051e4       0x40 BSP\ST\STM32L1xx\src\stm32l1xx_rcc.o
                0x080051e4                RCC_HCLKConfig
 .text.RCC_PCLK1Config
                0x08005224       0x40 BSP\ST\STM32L1xx\src\stm32l1xx_rcc.o
                0x08005224                RCC_PCLK1Config
 .text.RCC_PCLK2Config
                0x08005264       0x44 BSP\ST\STM32L1xx\src\stm32l1xx_rcc.o
                0x08005264                RCC_PCLK2Config
 .text.RCC_GetClocksFreq
                0x080052a8      0x22c BSP\ST\STM32L1xx\src\stm32l1xx_rcc.o
                0x080052a8                RCC_GetClocksFreq
 .text.RCC_APB1PeriphClockCmd
                0x080054d4       0x58 BSP\ST\STM32L1xx\src\stm32l1xx_rcc.o
                0x080054d4                RCC_APB1PeriphClockCmd
 .text.RCC_GetFlagStatus
                0x0800552c       0x7c BSP\ST\STM32L1xx\src\stm32l1xx_rcc.o
                0x0800552c                RCC_GetFlagStatus
 .text.PWR_VoltageScalingConfig
                0x080055a8       0x44 BSP\ST\STM32L1xx\src\stm32l1xx_pwr.o
                0x080055a8                PWR_VoltageScalingConfig
 .text.PWR_GetFlagStatus
                0x080055ec       0x40 BSP\ST\STM32L1xx\src\stm32l1xx_pwr.o
                0x080055ec                PWR_GetFlagStatus
 .text.GPIO_Init
                0x0800562c      0x15c BSP\ST\STM32L1xx\src\stm32l1xx_gpio.o
                0x0800562c                GPIO_Init
 .text.GPIO_ReadOutputData
                0x08005788       0x1c BSP\ST\STM32L1xx\src\stm32l1xx_gpio.o
                0x08005788                GPIO_ReadOutputData
 .text.GPIO_SetBits
                0x080057a4       0x1c BSP\ST\STM32L1xx\src\stm32l1xx_gpio.o
                0x080057a4                GPIO_SetBits
 .text.GPIO_ResetBits
                0x080057c0       0x1c BSP\ST\STM32L1xx\src\stm32l1xx_gpio.o
                0x080057c0                GPIO_ResetBits
 .text.FLASH_SetLatency
                0x080057dc       0x40 BSP\ST\STM32L1xx\src\stm32l1xx_flash.o
                0x080057dc                FLASH_SetLatency
 .text.FLASH_PrefetchBufferCmd
                0x0800581c       0x4c BSP\ST\STM32L1xx\src\stm32l1xx_flash.o
                0x0800581c                FLASH_PrefetchBufferCmd
 .text.FLASH_ReadAccess64Cmd
                0x08005868       0x4c BSP\ST\STM32L1xx\src\stm32l1xx_flash.o
                0x08005868                FLASH_ReadAccess64Cmd
 .text.main     0x080058b4       0x8c APP\app.o
                0x080058b4                main
 .text.AppTaskStart
                0x08005940       0xb0 APP\app.o
 .text.AppTaskCreate
                0x080059f0        0xc APP\app.o
 .text.AppObjCreate
                0x080059fc        0xc APP\app.o
 .text.__libc_init_array
                0x08005a08       0x48 c:/program files (x86)/atollic/truestudio for arm pro 3.2.0/armtools/bin/../lib/gcc/arm-atollic-eabi/4.6.2/../../../../arm-atollic-eabi/lib/thumb/armv7-m\libc.a(lib_a-init.o)
                0x08005a08                __libc_init_array
 *(.rodata)
 .rodata        0x08005a50       0x20 uCOS-III\Source\os_tmr.o
 .rodata        0x08005a70       0x14 uCOS-III\Source\os_tick.o
 .rodata        0x08005a84        0xc uCOS-III\Source\os_task.o
 .rodata        0x08005a90       0x14 uCOS-III\Source\os_stat.o
 .rodata        0x08005aa4       0x2c uCOS-III\Source\os_core.o
 .rodata        0x08005ad0       0x10 APP\app.o
 *(.rodata*)
 .rodata.OSDbg_DbgEn
                0x08005ae0        0x1 uCOS-III\Source\os_dbg.o
                0x08005ae0                OSDbg_DbgEn
 .rodata.OSDbg_ArgChkEn
                0x08005ae1        0x1 uCOS-III\Source\os_dbg.o
                0x08005ae1                OSDbg_ArgChkEn
 .rodata.OSDbg_AppHooksEn
                0x08005ae2        0x1 uCOS-III\Source\os_dbg.o
                0x08005ae2                OSDbg_AppHooksEn
 *fill*         0x08005ae3        0x1 00
 .rodata.OSDbg_EndiannessTest
                0x08005ae4        0x4 uCOS-III\Source\os_dbg.o
                0x08005ae4                OSDbg_EndiannessTest
 .rodata.OSDbg_CalledFromISRChkEn
                0x08005ae8        0x1 uCOS-III\Source\os_dbg.o
                0x08005ae8                OSDbg_CalledFromISRChkEn
 .rodata.OSDbg_FlagEn
                0x08005ae9        0x1 uCOS-III\Source\os_dbg.o
                0x08005ae9                OSDbg_FlagEn
 *fill*         0x08005aea        0x2 00
 .rodata.OSDbg_FlagGrp
                0x08005aec       0x28 uCOS-III\Source\os_dbg.o
                0x08005aec                OSDbg_FlagGrp
 .rodata.OSDbg_FlagDelEn
                0x08005b14        0x1 uCOS-III\Source\os_dbg.o
                0x08005b14                OSDbg_FlagDelEn
 .rodata.OSDbg_FlagModeClrEn
                0x08005b15        0x1 uCOS-III\Source\os_dbg.o
                0x08005b15                OSDbg_FlagModeClrEn
 .rodata.OSDbg_FlagPendAbortEn
                0x08005b16        0x1 uCOS-III\Source\os_dbg.o
                0x08005b16                OSDbg_FlagPendAbortEn
 *fill*         0x08005b17        0x1 00
 .rodata.OSDbg_FlagGrpSize
                0x08005b18        0x2 uCOS-III\Source\os_dbg.o
                0x08005b18                OSDbg_FlagGrpSize
 .rodata.OSDbg_FlagWidth
                0x08005b1a        0x2 uCOS-III\Source\os_dbg.o
                0x08005b1a                OSDbg_FlagWidth
 .rodata.OSDbg_ISRPostDeferredEn
                0x08005b1c        0x1 uCOS-III\Source\os_dbg.o
                0x08005b1c                OSDbg_ISRPostDeferredEn
 *fill*         0x08005b1d        0x3 00
 .rodata.OSDbg_Mem
                0x08005b20       0x20 uCOS-III\Source\os_dbg.o
                0x08005b20                OSDbg_Mem
 .rodata.OSDbg_MemEn
                0x08005b40        0x1 uCOS-III\Source\os_dbg.o
                0x08005b40                OSDbg_MemEn
 *fill*         0x08005b41        0x1 00
 .rodata.OSDbg_MemSize
                0x08005b42        0x2 uCOS-III\Source\os_dbg.o
                0x08005b42                OSDbg_MemSize
 .rodata.OSDbg_MsgEn
                0x08005b44        0x1 uCOS-III\Source\os_dbg.o
                0x08005b44                OSDbg_MsgEn
 *fill*         0x08005b45        0x1 00
 .rodata.OSDbg_MsgSize
                0x08005b46        0x2 uCOS-III\Source\os_dbg.o
                0x08005b46                OSDbg_MsgSize
 .rodata.OSDbg_MsgPoolSize
                0x08005b48        0x2 uCOS-III\Source\os_dbg.o
                0x08005b48                OSDbg_MsgPoolSize
 .rodata.OSDbg_MsgQSize
                0x08005b4a        0x2 uCOS-III\Source\os_dbg.o
                0x08005b4a                OSDbg_MsgQSize
 .rodata.OSDbg_Mutex
                0x08005b4c       0x2c uCOS-III\Source\os_dbg.o
                0x08005b4c                OSDbg_Mutex
 .rodata.OSDbg_MutexEn
                0x08005b78        0x1 uCOS-III\Source\os_dbg.o
                0x08005b78                OSDbg_MutexEn
 .rodata.OSDbg_MutexDelEn
                0x08005b79        0x1 uCOS-III\Source\os_dbg.o
                0x08005b79                OSDbg_MutexDelEn
 .rodata.OSDbg_MutexPendAbortEn
                0x08005b7a        0x1 uCOS-III\Source\os_dbg.o
                0x08005b7a                OSDbg_MutexPendAbortEn
 *fill*         0x08005b7b        0x1 00
 .rodata.OSDbg_MutexSize
                0x08005b7c        0x2 uCOS-III\Source\os_dbg.o
                0x08005b7c                OSDbg_MutexSize
 .rodata.OSDbg_ObjTypeChkEn
                0x08005b7e        0x1 uCOS-III\Source\os_dbg.o
                0x08005b7e                OSDbg_ObjTypeChkEn
 .rodata.OSDbg_PendMultiEn
                0x08005b7f        0x1 uCOS-III\Source\os_dbg.o
                0x08005b7f                OSDbg_PendMultiEn
 .rodata.OSDbg_PendDataSize
                0x08005b80        0x2 uCOS-III\Source\os_dbg.o
                0x08005b80                OSDbg_PendDataSize
 .rodata.OSDbg_PendListSize
                0x08005b82        0x2 uCOS-III\Source\os_dbg.o
                0x08005b82                OSDbg_PendListSize
 .rodata.OSDbg_PendObjSize
                0x08005b84        0x2 uCOS-III\Source\os_dbg.o
                0x08005b84                OSDbg_PendObjSize
 .rodata.OSDbg_PrioMax
                0x08005b86        0x2 uCOS-III\Source\os_dbg.o
                0x08005b86                OSDbg_PrioMax
 .rodata.OSDbg_PrioTblSize
                0x08005b88        0x2 uCOS-III\Source\os_dbg.o
                0x08005b88                OSDbg_PrioTblSize
 .rodata.OSDbg_PtrSize
                0x08005b8a        0x2 uCOS-III\Source\os_dbg.o
                0x08005b8a                OSDbg_PtrSize
 .rodata.OSDbg_Q
                0x08005b8c       0x30 uCOS-III\Source\os_dbg.o
                0x08005b8c                OSDbg_Q
 .rodata.OSDbg_QEn
                0x08005bbc        0x1 uCOS-III\Source\os_dbg.o
                0x08005bbc                OSDbg_QEn
 .rodata.OSDbg_QDelEn
                0x08005bbd        0x1 uCOS-III\Source\os_dbg.o
                0x08005bbd                OSDbg_QDelEn
 .rodata.OSDbg_QFlushEn
                0x08005bbe        0x1 uCOS-III\Source\os_dbg.o
                0x08005bbe                OSDbg_QFlushEn
 .rodata.OSDbg_QPendAbortEn
                0x08005bbf        0x1 uCOS-III\Source\os_dbg.o
                0x08005bbf                OSDbg_QPendAbortEn
 .rodata.OSDbg_QSize
                0x08005bc0        0x2 uCOS-III\Source\os_dbg.o
                0x08005bc0                OSDbg_QSize
 .rodata.OSDbg_SchedRoundRobinEn
                0x08005bc2        0x1 uCOS-III\Source\os_dbg.o
                0x08005bc2                OSDbg_SchedRoundRobinEn
 *fill*         0x08005bc3        0x1 00
 .rodata.OSDbg_Sem
                0x08005bc4       0x28 uCOS-III\Source\os_dbg.o
                0x08005bc4                OSDbg_Sem
 .rodata.OSDbg_SemEn
                0x08005bec        0x1 uCOS-III\Source\os_dbg.o
                0x08005bec                OSDbg_SemEn
 .rodata.OSDbg_SemDelEn
                0x08005bed        0x1 uCOS-III\Source\os_dbg.o
                0x08005bed                OSDbg_SemDelEn
 .rodata.OSDbg_SemPendAbortEn
                0x08005bee        0x1 uCOS-III\Source\os_dbg.o
                0x08005bee                OSDbg_SemPendAbortEn
 .rodata.OSDbg_SemSetEn
                0x08005bef        0x1 uCOS-III\Source\os_dbg.o
                0x08005bef                OSDbg_SemSetEn
 .rodata.OSDbg_SemSize
                0x08005bf0        0x2 uCOS-III\Source\os_dbg.o
                0x08005bf0                OSDbg_SemSize
 .rodata.OSDbg_RdyList
                0x08005bf2        0x2 uCOS-III\Source\os_dbg.o
                0x08005bf2                OSDbg_RdyList
 .rodata.OSDbg_RdyListSize
                0x08005bf4        0x4 uCOS-III\Source\os_dbg.o
                0x08005bf4                OSDbg_RdyListSize
 .rodata.OSDbg_StkWidth
                0x08005bf8        0x1 uCOS-III\Source\os_dbg.o
                0x08005bf8                OSDbg_StkWidth
 .rodata.OSDbg_StatTaskEn
                0x08005bf9        0x1 uCOS-III\Source\os_dbg.o
                0x08005bf9                OSDbg_StatTaskEn
 .rodata.OSDbg_StatTaskStkChkEn
                0x08005bfa        0x1 uCOS-III\Source\os_dbg.o
                0x08005bfa                OSDbg_StatTaskStkChkEn
 .rodata.OSDbg_TaskChangePrioEn
                0x08005bfb        0x1 uCOS-III\Source\os_dbg.o
                0x08005bfb                OSDbg_TaskChangePrioEn
 .rodata.OSDbg_TaskDelEn
                0x08005bfc        0x1 uCOS-III\Source\os_dbg.o
                0x08005bfc                OSDbg_TaskDelEn
 .rodata.OSDbg_TaskQEn
                0x08005bfd        0x1 uCOS-III\Source\os_dbg.o
                0x08005bfd                OSDbg_TaskQEn
 .rodata.OSDbg_TaskQPendAbortEn
                0x08005bfe        0x1 uCOS-III\Source\os_dbg.o
                0x08005bfe                OSDbg_TaskQPendAbortEn
 .rodata.OSDbg_TaskProfileEn
                0x08005bff        0x1 uCOS-III\Source\os_dbg.o
                0x08005bff                OSDbg_TaskProfileEn
 .rodata.OSDbg_TaskRegTblSize
                0x08005c00        0x2 uCOS-III\Source\os_dbg.o
                0x08005c00                OSDbg_TaskRegTblSize
 .rodata.OSDbg_TaskSemPendAbortEn
                0x08005c02        0x1 uCOS-III\Source\os_dbg.o
                0x08005c02                OSDbg_TaskSemPendAbortEn
 .rodata.OSDbg_TaskSuspendEn
                0x08005c03        0x1 uCOS-III\Source\os_dbg.o
                0x08005c03                OSDbg_TaskSuspendEn
 .rodata.OSDbg_TCBSize
                0x08005c04        0x2 uCOS-III\Source\os_dbg.o
                0x08005c04                OSDbg_TCBSize
 .rodata.OSDbg_TickSpokeSize
                0x08005c06        0x2 uCOS-III\Source\os_dbg.o
                0x08005c06                OSDbg_TickSpokeSize
 .rodata.OSDbg_TimeDlyHMSMEn
                0x08005c08        0x1 uCOS-III\Source\os_dbg.o
                0x08005c08                OSDbg_TimeDlyHMSMEn
 .rodata.OSDbg_TimeDlyResumeEn
                0x08005c09        0x1 uCOS-III\Source\os_dbg.o
                0x08005c09                OSDbg_TimeDlyResumeEn
 *fill*         0x08005c0a        0x2 00
 .rodata.OSDbg_Tmr
                0x08005c0c       0x34 uCOS-III\Source\os_dbg.o
                0x08005c0c                OSDbg_Tmr
 .rodata.OSDbg_TmrEn
                0x08005c40        0x1 uCOS-III\Source\os_dbg.o
                0x08005c40                OSDbg_TmrEn
 .rodata.OSDbg_TmrDelEn
                0x08005c41        0x1 uCOS-III\Source\os_dbg.o
                0x08005c41                OSDbg_TmrDelEn
 .rodata.OSDbg_TmrSize
                0x08005c42        0x2 uCOS-III\Source\os_dbg.o
                0x08005c42                OSDbg_TmrSize
 .rodata.OSDbg_TmrSpokeSize
                0x08005c44        0x2 uCOS-III\Source\os_dbg.o
                0x08005c44                OSDbg_TmrSpokeSize
 .rodata.OSDbg_VersionNbr
                0x08005c46        0x2 uCOS-III\Source\os_dbg.o
                0x08005c46                OSDbg_VersionNbr
 .rodata.OSDbg_DataSize
                0x08005c48        0x4 uCOS-III\Source\os_dbg.o
                0x08005c48                OSDbg_DataSize
 .rodata.OSCfg_IdleTaskStkBasePtr
                0x08005c4c        0x4 uCOS-III\Source\os_cfg_app.o
                0x08005c4c                OSCfg_IdleTaskStkBasePtr
 .rodata.OSCfg_IdleTaskStkLimit
                0x08005c50        0x4 uCOS-III\Source\os_cfg_app.o
                0x08005c50                OSCfg_IdleTaskStkLimit
 .rodata.OSCfg_IdleTaskStkSize
                0x08005c54        0x4 uCOS-III\Source\os_cfg_app.o
                0x08005c54                OSCfg_IdleTaskStkSize
 .rodata.OSCfg_ISRStkBasePtr
                0x08005c58        0x4 uCOS-III\Source\os_cfg_app.o
                0x08005c58                OSCfg_ISRStkBasePtr
 .rodata.OSCfg_ISRStkSize
                0x08005c5c        0x4 uCOS-III\Source\os_cfg_app.o
                0x08005c5c                OSCfg_ISRStkSize
 .rodata.OSCfg_MsgPoolSize
                0x08005c60        0x2 uCOS-III\Source\os_cfg_app.o
                0x08005c60                OSCfg_MsgPoolSize
 *fill*         0x08005c62        0x2 00
 .rodata.OSCfg_MsgPoolBasePtr
                0x08005c64        0x4 uCOS-III\Source\os_cfg_app.o
                0x08005c64                OSCfg_MsgPoolBasePtr
 .rodata.OSCfg_StatTaskPrio
                0x08005c68        0x1 uCOS-III\Source\os_cfg_app.o
                0x08005c68                OSCfg_StatTaskPrio
 *fill*         0x08005c69        0x3 00
 .rodata.OSCfg_StatTaskRate_Hz
                0x08005c6c        0x4 uCOS-III\Source\os_cfg_app.o
                0x08005c6c                OSCfg_StatTaskRate_Hz
 .rodata.OSCfg_StatTaskStkBasePtr
                0x08005c70        0x4 uCOS-III\Source\os_cfg_app.o
                0x08005c70                OSCfg_StatTaskStkBasePtr
 .rodata.OSCfg_StatTaskStkLimit
                0x08005c74        0x4 uCOS-III\Source\os_cfg_app.o
                0x08005c74                OSCfg_StatTaskStkLimit
 .rodata.OSCfg_StatTaskStkSize
                0x08005c78        0x4 uCOS-III\Source\os_cfg_app.o
                0x08005c78                OSCfg_StatTaskStkSize
 .rodata.OSCfg_StkSizeMin
                0x08005c7c        0x4 uCOS-III\Source\os_cfg_app.o
                0x08005c7c                OSCfg_StkSizeMin
 .rodata.OSCfg_TickRate_Hz
                0x08005c80        0x4 uCOS-III\Source\os_cfg_app.o
                0x08005c80                OSCfg_TickRate_Hz
 .rodata.OSCfg_TickTaskPrio
                0x08005c84        0x1 uCOS-III\Source\os_cfg_app.o
                0x08005c84                OSCfg_TickTaskPrio
 *fill*         0x08005c85        0x3 00
 .rodata.OSCfg_TickTaskStkBasePtr
                0x08005c88        0x4 uCOS-III\Source\os_cfg_app.o
                0x08005c88                OSCfg_TickTaskStkBasePtr
 .rodata.OSCfg_TickTaskStkLimit
                0x08005c8c        0x4 uCOS-III\Source\os_cfg_app.o
                0x08005c8c                OSCfg_TickTaskStkLimit
 .rodata.OSCfg_TickTaskStkSize
                0x08005c90        0x4 uCOS-III\Source\os_cfg_app.o
                0x08005c90                OSCfg_TickTaskStkSize
 .rodata.OSCfg_TickWheelSize
                0x08005c94        0x2 uCOS-III\Source\os_cfg_app.o
                0x08005c94                OSCfg_TickWheelSize
 .rodata.OSCfg_TmrTaskPrio
                0x08005c96        0x1 uCOS-III\Source\os_cfg_app.o
                0x08005c96                OSCfg_TmrTaskPrio
 *fill*         0x08005c97        0x1 00
 .rodata.OSCfg_TmrTaskRate_Hz
                0x08005c98        0x4 uCOS-III\Source\os_cfg_app.o
                0x08005c98                OSCfg_TmrTaskRate_Hz
 .rodata.OSCfg_TmrTaskStkBasePtr
                0x08005c9c        0x4 uCOS-III\Source\os_cfg_app.o
                0x08005c9c                OSCfg_TmrTaskStkBasePtr
 .rodata.OSCfg_TmrTaskStkLimit
                0x08005ca0        0x4 uCOS-III\Source\os_cfg_app.o
                0x08005ca0                OSCfg_TmrTaskStkLimit
 .rodata.OSCfg_TmrTaskStkSize
                0x08005ca4        0x4 uCOS-III\Source\os_cfg_app.o
                0x08005ca4                OSCfg_TmrTaskStkSize
 .rodata.OSCfg_TmrWheelSize
                0x08005ca8        0x2 uCOS-III\Source\os_cfg_app.o
                0x08005ca8                OSCfg_TmrWheelSize
 *(.glue_7)
 .glue_7        0x00000000        0x0 linker stubs
 *(.glue_7t)
 .glue_7t       0x00000000        0x0 linker stubs
 *(.eh_frame)
 *fill*         0x08005caa        0x2 00
 .eh_frame      0x08005cac        0x0 c:/program files (x86)/atollic/truestudio for arm pro 3.2.0/armtools/bin/../lib/gcc/arm-atollic-eabi/4.6.2/thumb/armv7-m/crtbegin.o
 *(.init)
 .init          0x08005cac        0x4 c:/program files (x86)/atollic/truestudio for arm pro 3.2.0/armtools/bin/../lib/gcc/arm-atollic-eabi/4.6.2/thumb/armv7-m/crti.o
                0x08005cac                _init
 .init          0x08005cb0        0x8 c:/program files (x86)/atollic/truestudio for arm pro 3.2.0/armtools/bin/../lib/gcc/arm-atollic-eabi/4.6.2/thumb/armv7-m/crtn.o
 *(.fini)
 .fini          0x08005cb8        0x4 c:/program files (x86)/atollic/truestudio for arm pro 3.2.0/armtools/bin/../lib/gcc/arm-atollic-eabi/4.6.2/thumb/armv7-m/crti.o
                0x08005cb8                _fini
 .fini          0x08005cbc        0x8 c:/program files (x86)/atollic/truestudio for arm pro 3.2.0/armtools/bin/../lib/gcc/arm-atollic-eabi/4.6.2/thumb/armv7-m/crtn.o
                0x08005cc4                . = ALIGN (0x4)
                0x08005cc4                _etext = .

.vfp11_veneer   0x08005cc4        0x0
 .vfp11_veneer  0x00000000        0x0 linker stubs

.v4_bx          0x08005cc4        0x0
 .v4_bx         0x00000000        0x0 linker stubs

.ARM.extab
 *(.ARM.extab* .gnu.linkonce.armextab.*)

.ARM            0x08005cc4        0x0
                0x08005cc4                __exidx_start = .
 *(.ARM.exidx*)
                0x08005cc4                __exidx_end = .

.preinit_array  0x08005cc4        0x0
                0x08005cc4                PROVIDE (__preinit_array_start, .)
 *(.preinit_array*)
                0x08005cc4                PROVIDE (__preinit_array_end, .)

.init_array     0x08005cc4        0x4
                0x08005cc4                PROVIDE (__init_array_start, .)
 *(SORT(.init_array.*))
 *(.init_array*)
 .init_array    0x08005cc4        0x4 c:/program files (x86)/atollic/truestudio for arm pro 3.2.0/armtools/bin/../lib/gcc/arm-atollic-eabi/4.6.2/thumb/armv7-m/crtbegin.o
                0x08005cc8                PROVIDE (__init_array_end, .)

.fini_array     0x08005cc8        0x4
                0x08005cc8                PROVIDE (__fini_array_start, .)
 *(SORT(.fini_array.*))
 *(.fini_array*)
 .fini_array    0x08005cc8        0x4 c:/program files (x86)/atollic/truestudio for arm pro 3.2.0/armtools/bin/../lib/gcc/arm-atollic-eabi/4.6.2/thumb/armv7-m/crtbegin.o
                0x08005ccc                PROVIDE (__fini_array_end, .)
                0x08005ccc                _sidata = LOADADDR (.data)

.data           0x20000000       0x1c load address 0x08005ccc
                0x20000000                . = ALIGN (0x4)
                0x20000000                _sdata = .
 *(.data)
 *(.data*)
 .data.PLLMulTable
                0x20000000        0xc BSP\ST\STM32L1xx\src\stm32l1xx_rcc.o
 .data.APBAHBPrescTable
                0x2000000c       0x10 BSP\ST\STM32L1xx\src\stm32l1xx_rcc.o
                0x2000001c                . = ALIGN (0x4)
                0x2000001c                _edata = .

.jcr            0x2000001c        0x0 load address 0x08005ce8
 .jcr           0x2000001c        0x0 c:/program files (x86)/atollic/truestudio for arm pro 3.2.0/armtools/bin/../lib/gcc/arm-atollic-eabi/4.6.2/thumb/armv7-m/crtbegin.o
                0x2000001c                . = ALIGN (0x4)

.bss            0x2000001c     0x23e8 load address 0x08005ce8
                0x2000001c                _sbss = .
                0x2000001c                __bss_start__ = _sbss
 *(.bss)
 .bss           0x2000001c       0x1c c:/program files (x86)/atollic/truestudio for arm pro 3.2.0/armtools/bin/../lib/gcc/arm-atollic-eabi/4.6.2/thumb/armv7-m/crtbegin.o
 *(.bss*)
 .bss.BSP_IntVectTbl
                0x20000038       0xe4 BSP\bsp_int.o
 .bss.AppTaskStartTCB
                0x2000011c       0xc4 APP\app.o
 .bss.AppTaskStartStk
                0x200001e0      0x200 APP\app.o
 .bss.AppSw     0x200003e0        0x1 APP\app.o
 *(COMMON)
 *fill*         0x200003e1        0x3 00
 COMMON         0x200003e4      0x464 uCOS-III\Source\os_var.o
                0x200003e4                OSSchedLockNestingCtr
                0x200003e8                OS_AppTaskReturnHookPtr
                0x200003ec                OSStatTaskTimeMax
                0x200003f0                OSStatTaskCtr
                0x200003f4                OSTaskRegNextAvailID
                0x200003f5                OSRunning
                0x200003f8                OSRdyList
                0x20000488                OSPrioHighRdy
                0x20000489                OSStatTaskRdy
                0x2000048c                OSSemDbgListPtr
                0x20000490                OS_AppTaskCreateHookPtr
                0x20000494                OSPrioCur
                0x20000498                OSTickTaskTCB
                0x2000055c                OSTmrTickCtr
                0x20000560                OSSchedLockTimeBegin
                0x20000564                OSTCBCurPtr
                0x20000568                OSQQty
                0x2000056a                OSStatTaskCPUUsageMax
                0x2000056c                OSPrioSaved
                0x20000570                OSTCBHighRdyPtr
                0x20000574                OSSchedLockTimeMaxCur
                0x20000578                OSTaskDbgListPtr
                0x2000057c                OSTmrTaskTimeMax
                0x20000580                OS_AppTaskDelHookPtr
                0x20000584                OS_AppTimeTickHookPtr
                0x20000588                OSTaskCtxSwCtr
                0x2000058c                OSStatTaskCPUUsage
                0x2000058e                OSIntNestingCtr
                0x20000590                OSTaskQty
                0x20000594                OSTmrTaskTCB
                0x20000658                OSMsgPool
                0x20000664                OSIdleTaskTCB
                0x20000728                OSQDbgListPtr
                0x2000072c                OSSemQty
                0x20000730                OSMemDbgListPtr
                0x20000734                OSSchedRoundRobinDfltTimeQuanta
                0x20000738                OS_AppIdleTaskHookPtr
                0x2000073c                OSStatTaskCtrMax
                0x20000740                OSTickCtr
                0x20000744                OS_AppTaskSwHookPtr
                0x20000748                OSTmrQty
                0x2000074c                OSIdleTaskCtr
                0x20000750                OSStatTaskCtrRun
                0x20000754                OS_AppStatTaskHookPtr
                0x20000758                OSFlagQty
                0x2000075c                OSFlagDbgListPtr
                0x20000760                OSSchedLockTimeMax
                0x20000764                OSStatResetFlag
                0x20000766                OSMemQty
                0x20000768                OSMutexQty
                0x2000076c                OSStatTaskTCB
                0x20000830                OSTmrDbgListPtr
                0x20000834                OSTickTaskTimeMax
                0x20000838                OSTmrUpdateCnt
                0x2000083c                OSSchedRoundRobinEn
                0x20000840                OSMutexDbgListPtr
                0x20000844                OSTmrUpdateCtr
 COMMON         0x20000848        0x4 uCOS-III\Source\os_prio.o
                0x20000848                OSPrioTbl
 COMMON         0x2000084c     0x1350 uCOS-III\Source\os_cfg_app.o
                0x2000084c                OSCfg_StatTaskStk
                0x20000a4c                OSCfg_TickWheel
                0x20000ad4                OSCfg_MsgPool
                0x20001114                OSCfg_TmrTaskStk
                0x20001314                OSCfg_TmrWheel
                0x2000139c                OSCfg_ISRStk
                0x2000179c                OSCfg_TickTaskStk
                0x2000199c                OSCfg_IdleTaskStk
 COMMON         0x20001b9c        0x4 uCOS-III\Ports\ARM-Cortex-M3\Generic\GNU\os_cpu_c.o
                0x20001b9c                OS_CPU_ExceptStkBase
 COMMON         0x20001ba0      0x84c uC-LIB\lib_mem.o
                0x20001ba0                Mem_PoolHeap
                0x20001be8                Mem_Heap
                0x200023e8                Mem_PoolTbl
 COMMON         0x200023ec        0x4 uC-LIB\lib_math.o
                0x200023ec                Math_RandSeedCur
 COMMON         0x200023f0       0x14 uC-CPU\cpu_core.o
                0x200023f0                CPU_TS_TmrFreq_Hz
                0x200023f4                CPU_Name
                0x20002404                . = ALIGN (0x4)
                0x20002404                _ebss = .
                0x20002404                __bss_end__ = _ebss

._user_heap_stack
                0x20002404       0x80 load address 0x08005ce8
                0x20002404                . = ALIGN (0x4)
                0x20002404                PROVIDE (end, .)
                0x20002404                PROVIDE (_end, .)
                0x20002404                . = (. + _Min_Heap_Size)
                0x20002484                . = (. + _Min_Stack_Size)
 *fill*         0x20002404       0x80 00
                0x20002484                . = ALIGN (0x4)

.memory_b1_text
 *(.mb1text)
 *(.mb1text*)
 *(.mb1rodata)
 *(.mb1rodata*)

/DISCARD/
 libc.a(*)
 libm.a(*)
 libgcc.a(*)

.ARM.attributes
                0x00000000       0x29
 *(.ARM.attributes)
 .ARM.attributes
                0x00000000       0x1d c:/program files (x86)/atollic/truestudio for arm pro 3.2.0/armtools/bin/../lib/gcc/arm-atollic-eabi/4.6.2/thumb/armv7-m/crti.o
 .ARM.attributes
                0x0000001d       0x2d c:/program files (x86)/atollic/truestudio for arm pro 3.2.0/armtools/bin/../lib/gcc/arm-atollic-eabi/4.6.2/thumb/armv7-m/crtbegin.o
 .ARM.attributes
                0x0000004a       0x33 uCOS-III\Source\os_var.o
 .ARM.attributes
                0x0000007d       0x33 uCOS-III\Source\os_tmr.o
 .ARM.attributes
                0x000000b0       0x33 uCOS-III\Source\os_time.o
 .ARM.attributes
                0x000000e3       0x33 uCOS-III\Source\os_tick.o
 .ARM.attributes
                0x00000116       0x33 uCOS-III\Source\os_task.o
 .ARM.attributes
                0x00000149       0x33 uCOS-III\Source\os_stat.o
 .ARM.attributes
                0x0000017c       0x33 uCOS-III\Source\os_sem.o
 .ARM.attributes
                0x000001af       0x33 uCOS-III\Source\os_q.o
 .ARM.attributes
                0x000001e2       0x33 uCOS-III\Source\os_prio.o
 .ARM.attributes
                0x00000215       0x33 uCOS-III\Source\os_pend_multi.o
 .ARM.attributes
                0x00000248       0x33 uCOS-III\Source\os_mutex.o
 .ARM.attributes
                0x0000027b       0x33 uCOS-III\Source\os_msg.o
 .ARM.attributes
                0x000002ae       0x33 uCOS-III\Source\os_mem.o
 .ARM.attributes
                0x000002e1       0x33 uCOS-III\Source\os_int.o
 .ARM.attributes
                0x00000314       0x33 uCOS-III\Source\os_flag.o
 .ARM.attributes
                0x00000347       0x33 uCOS-III\Source\os_dbg.o
 .ARM.attributes
                0x0000037a       0x33 uCOS-III\Source\os_core.o
 .ARM.attributes
                0x000003ad       0x33 uCOS-III\Source\os_cfg_app.o
 .ARM.attributes
                0x000003e0       0x33 uCOS-III\Ports\ARM-Cortex-M3\Generic\GNU\os_cpu_c.o
 .ARM.attributes
                0x00000413       0x21 uCOS-III\Ports\ARM-Cortex-M3\Generic\GNU\os_cpu_a.o
 .ARM.attributes
                0x00000434       0x33 uC-LIB\lib_str.o
 .ARM.attributes
                0x00000467       0x33 uC-LIB\lib_mem.o
 .ARM.attributes
                0x0000049a       0x33 uC-LIB\lib_math.o
 .ARM.attributes
                0x000004cd       0x33 uC-LIB\lib_ascii.o
 .ARM.attributes
                0x00000500       0x33 uC-CPU\cpu_core.o
 .ARM.attributes
                0x00000533       0x33 uC-CPU\ARM-Cortex-M3\GNU\cpu_c.o
 .ARM.attributes
                0x00000566       0x21 uC-CPU\ARM-Cortex-M3\GNU\cpu_a.o
 .ARM.attributes
                0x00000587       0x21 BSP\cstartup.o
 .ARM.attributes
                0x000005a8       0x33 BSP\bsp_periph.o
 .ARM.attributes
                0x000005db       0x33 BSP\bsp_int.o
 .ARM.attributes
                0x0000060e       0x33 BSP\bsp.o
 .ARM.attributes
                0x00000641       0x33 BSP\ST\STM32L1xx\src\stm32l1xx_wwdg.o
 .ARM.attributes
                0x00000674       0x33 BSP\ST\STM32L1xx\src\stm32l1xx_usart.o
 .ARM.attributes
                0x000006a7       0x33 BSP\ST\STM32L1xx\src\stm32l1xx_tim.o
 .ARM.attributes
                0x000006da       0x33 BSP\ST\STM32L1xx\src\stm32l1xx_syscfg.o
 .ARM.attributes
                0x0000070d       0x33 BSP\ST\STM32L1xx\src\stm32l1xx_spi.o
 .ARM.attributes
                0x00000740       0x33 BSP\ST\STM32L1xx\src\stm32l1xx_sdio.o
 .ARM.attributes
                0x00000773       0x33 BSP\ST\STM32L1xx\src\stm32l1xx_rtc.o
 .ARM.attributes
                0x000007a6       0x33 BSP\ST\STM32L1xx\src\stm32l1xx_rcc.o
 .ARM.attributes
                0x000007d9       0x33 BSP\ST\STM32L1xx\src\stm32l1xx_pwr.o
 .ARM.attributes
                0x0000080c       0x33 BSP\ST\STM32L1xx\src\stm32l1xx_opamp.o
 .ARM.attributes
                0x0000083f       0x33 BSP\ST\STM32L1xx\src\stm32l1xx_lcd.o
 .ARM.attributes
                0x00000872       0x33 BSP\ST\STM32L1xx\src\stm32l1xx_iwdg.o
 .ARM.attributes
                0x000008a5       0x33 BSP\ST\STM32L1xx\src\stm32l1xx_i2c.o
 .ARM.attributes
                0x000008d8       0x33 BSP\ST\STM32L1xx\src\stm32l1xx_gpio.o
 .ARM.attributes
                0x0000090b       0x33 BSP\ST\STM32L1xx\src\stm32l1xx_fsmc.o
 .ARM.attributes
                0x0000093e       0x33 BSP\ST\STM32L1xx\src\stm32l1xx_flash_ramfunc.o
 .ARM.attributes
                0x00000971       0x33 BSP\ST\STM32L1xx\src\stm32l1xx_flash.o
 .ARM.attributes
                0x000009a4       0x33 BSP\ST\STM32L1xx\src\stm32l1xx_exti.o
 .ARM.attributes
                0x000009d7       0x33 BSP\ST\STM32L1xx\src\stm32l1xx_dma.o
 .ARM.attributes
                0x00000a0a       0x33 BSP\ST\STM32L1xx\src\stm32l1xx_dbgmcu.o
 .ARM.attributes
                0x00000a3d       0x33 BSP\ST\STM32L1xx\src\stm32l1xx_dac.o
 .ARM.attributes
                0x00000a70       0x33 BSP\ST\STM32L1xx\src\stm32l1xx_crc.o
 .ARM.attributes
                0x00000aa3       0x33 BSP\ST\STM32L1xx\src\stm32l1xx_comp.o
 .ARM.attributes
                0x00000ad6       0x33 BSP\ST\STM32L1xx\src\stm32l1xx_aes_util.o
 .ARM.attributes
                0x00000b09       0x33 BSP\ST\STM32L1xx\src\stm32l1xx_aes.o
 .ARM.attributes
                0x00000b3c       0x33 BSP\ST\STM32L1xx\src\stm32l1xx_adc.o
 .ARM.attributes
                0x00000b6f       0x33 BSP\ST\STM32L1xx\src\misc.o
 .ARM.attributes
                0x00000ba2       0x33 BSP\OS\bsp_os.o
 .ARM.attributes
                0x00000bd5       0x33 APP\os_app_hooks.o
 .ARM.attributes
                0x00000c08       0x33 APP\app.o
 .ARM.attributes
                0x00000c3b       0x1d c:/program files (x86)/atollic/truestudio for arm pro 3.2.0/armtools/bin/../lib/gcc/arm-atollic-eabi/4.6.2/thumb/armv7-m\libgcc.a(_aeabi_uldivmod.o)
 .ARM.attributes
                0x00000c58       0x2d c:/program files (x86)/atollic/truestudio for arm pro 3.2.0/armtools/bin/../lib/gcc/arm-atollic-eabi/4.6.2/thumb/armv7-m\libgcc.a(bpabi.o)
 .ARM.attributes
                0x00000c85       0x2d c:/program files (x86)/atollic/truestudio for arm pro 3.2.0/armtools/bin/../lib/gcc/arm-atollic-eabi/4.6.2/thumb/armv7-m\libgcc.a(unwind-arm.o)
 .ARM.attributes
                0x00000cb2       0x1d c:/program files (x86)/atollic/truestudio for arm pro 3.2.0/armtools/bin/../lib/gcc/arm-atollic-eabi/4.6.2/thumb/armv7-m\libgcc.a(libunwind.o)
 .ARM.attributes
                0x00000ccf       0x2d c:/program files (x86)/atollic/truestudio for arm pro 3.2.0/armtools/bin/../lib/gcc/arm-atollic-eabi/4.6.2/thumb/armv7-m\libgcc.a(pr-support.o)
 .ARM.attributes
                0x00000cfc       0x1d c:/program files (x86)/atollic/truestudio for arm pro 3.2.0/armtools/bin/../lib/gcc/arm-atollic-eabi/4.6.2/thumb/armv7-m\libgcc.a(_dvmd_tls.o)
 .ARM.attributes
                0x00000d19       0x2d c:/program files (x86)/atollic/truestudio for arm pro 3.2.0/armtools/bin/../lib/gcc/arm-atollic-eabi/4.6.2/thumb/armv7-m\libgcc.a(_divdi3.o)
 .ARM.attributes
                0x00000d46       0x2d c:/program files (x86)/atollic/truestudio for arm pro 3.2.0/armtools/bin/../lib/gcc/arm-atollic-eabi/4.6.2/thumb/armv7-m\libgcc.a(_udivdi3.o)
 .ARM.attributes
                0x00000d73       0x2d c:/program files (x86)/atollic/truestudio for arm pro 3.2.0/armtools/bin/../lib/gcc/arm-atollic-eabi/4.6.2/../../../../arm-atollic-eabi/lib/thumb/armv7-m\libc.a(lib_a-abort.o)
 .ARM.attributes
                0x00000da0       0x2d c:/program files (x86)/atollic/truestudio for arm pro 3.2.0/armtools/bin/../lib/gcc/arm-atollic-eabi/4.6.2/../../../../arm-atollic-eabi/lib/thumb/armv7-m\libc.a(lib_a-init.o)
 .ARM.attributes
                0x00000dcd       0x2d c:/program files (x86)/atollic/truestudio for arm pro 3.2.0/armtools/bin/../lib/gcc/arm-atollic-eabi/4.6.2/../../../../arm-atollic-eabi/lib/thumb/armv7-m\libc.a(lib_a-memcpy.o)
 .ARM.attributes
                0x00000dfa       0x2d c:/program files (x86)/atollic/truestudio for arm pro 3.2.0/armtools/bin/../lib/gcc/arm-atollic-eabi/4.6.2/../../../../arm-atollic-eabi/lib/thumb/armv7-m\libc.a(lib_a-signal.o)
 .ARM.attributes
                0x00000e27       0x2d c:/program files (x86)/atollic/truestudio for arm pro 3.2.0/armtools/bin/../lib/gcc/arm-atollic-eabi/4.6.2/../../../../arm-atollic-eabi/lib/thumb/armv7-m\libc.a(lib_a-signalr.o)
 .ARM.attributes
                0x00000e54       0x2d c:/program files (x86)/atollic/truestudio for arm pro 3.2.0/armtools/bin/../lib/gcc/arm-atollic-eabi/4.6.2/../../../../arm-atollic-eabi/lib/thumb/armv7-m\libc.a(lib_a-syscalls.o)
 .ARM.attributes
                0x00000e81       0x2d c:/program files (x86)/atollic/truestudio for arm pro 3.2.0/armtools/bin/../lib/gcc/arm-atollic-eabi/4.6.2/../../../../arm-atollic-eabi/lib/thumb/armv7-m\libc.a(lib_a-impure.o)
 .ARM.attributes
                0x00000eae       0x2d c:/program files (x86)/atollic/truestudio for arm pro 3.2.0/armtools/bin/../lib/gcc/arm-atollic-eabi/4.6.2/../../../../arm-atollic-eabi/lib/thumb/armv7-m\libc.a(lib_a-mallocr.o)
 .ARM.attributes
                0x00000edb       0x2d c:/program files (x86)/atollic/truestudio for arm pro 3.2.0/armtools/bin/../lib/gcc/arm-atollic-eabi/4.6.2/../../../../arm-atollic-eabi/lib/thumb/armv7-m\libc.a(lib_a-mlock.o)
 .ARM.attributes
                0x00000f08       0x2d c:/program files (x86)/atollic/truestudio for arm pro 3.2.0/armtools/bin/../lib/gcc/arm-atollic-eabi/4.6.2/../../../../arm-atollic-eabi/lib/thumb/armv7-m\libc.a(lib_a-reent.o)
 .ARM.attributes
                0x00000f35       0x2d c:/program files (x86)/atollic/truestudio for arm pro 3.2.0/armtools/bin/../lib/gcc/arm-atollic-eabi/4.6.2/../../../../arm-atollic-eabi/lib/thumb/armv7-m\libc.a(lib_a-sbrkr.o)
 .ARM.attributes
                0x00000f62       0x2d c:/program files (x86)/atollic/truestudio for arm pro 3.2.0/armtools/bin/../lib/gcc/arm-atollic-eabi/4.6.2/../../../../arm-atollic-eabi/lib/thumb/armv7-m\libc.a(lib_a-freer.o)
 .ARM.attributes
                0x00000f8f       0x2d c:/program files (x86)/atollic/truestudio for arm pro 3.2.0/armtools/bin/../lib/gcc/arm-atollic-eabi/4.6.2/thumb/armv7-m/crtend.o
 .ARM.attributes
                0x00000fbc       0x1d c:/program files (x86)/atollic/truestudio for arm pro 3.2.0/armtools/bin/../lib/gcc/arm-atollic-eabi/4.6.2/thumb/armv7-m/crtn.o
OUTPUT(uCOS-III.elf elf32-littlearm)

.debug_info     0x00000000    0x26097
 .debug_info    0x00000000     0x10f6 uCOS-III\Source\os_var.o
 .debug_info    0x000010f6     0x150f uCOS-III\Source\os_tmr.o
 .debug_info    0x00002605     0x1020 uCOS-III\Source\os_time.o
 .debug_info    0x00003625     0x106c uCOS-III\Source\os_tick.o
 .debug_info    0x00004691     0x17d7 uCOS-III\Source\os_task.o
 .debug_info    0x00005e68     0x121f uCOS-III\Source\os_stat.o
 .debug_info    0x00007087     0x11b1 uCOS-III\Source\os_sem.o
 .debug_info    0x00008238     0x1177 uCOS-III\Source\os_q.o
 .debug_info    0x000093af      0x1db uCOS-III\Source\os_prio.o
 .debug_info    0x0000958a     0x1058 uCOS-III\Source\os_pend_multi.o
 .debug_info    0x0000a5e2     0x1034 uCOS-III\Source\os_mutex.o
 .debug_info    0x0000b616      0x953 uCOS-III\Source\os_msg.o
 .debug_info    0x0000bf69      0x8ed uCOS-III\Source\os_mem.o
 .debug_info    0x0000c856       0x73 uCOS-III\Source\os_int.o
 .debug_info    0x0000c8c9     0x1224 uCOS-III\Source\os_flag.o
 .debug_info    0x0000daed     0x1c57 uCOS-III\Source\os_dbg.o
 .debug_info    0x0000f744     0x1c18 uCOS-III\Source\os_core.o
 .debug_info    0x0001135c      0xf38 uCOS-III\Source\os_cfg_app.o
 .debug_info    0x00012294      0xb51 uCOS-III\Ports\ARM-Cortex-M3\Generic\GNU\os_cpu_c.o
 .debug_info    0x00012de5       0xf6 uCOS-III\Ports\ARM-Cortex-M3\Generic\GNU\os_cpu_a.o
 .debug_info    0x00012edb      0xda9 uC-LIB\lib_str.o
 .debug_info    0x00013c84      0xee1 uC-LIB\lib_mem.o
 .debug_info    0x00014b65      0x188 uC-LIB\lib_math.o
 .debug_info    0x00014ced      0x465 uC-LIB\lib_ascii.o
 .debug_info    0x00015152      0x589 uC-CPU\cpu_core.o
 .debug_info    0x000156db      0x3b5 uC-CPU\ARM-Cortex-M3\GNU\cpu_c.o
 .debug_info    0x00015a90       0xe3 uC-CPU\ARM-Cortex-M3\GNU\cpu_a.o
 .debug_info    0x00015b73       0xcc BSP\cstartup.o
 .debug_info    0x00015c3f      0x171 BSP\bsp_periph.o
 .debug_info    0x00015db0      0x793 BSP\bsp_int.o
 .debug_info    0x00016543      0x543 BSP\bsp.o
 .debug_info    0x00016a86      0x25a BSP\ST\STM32L1xx\src\stm32l1xx_wwdg.o
 .debug_info    0x00016ce0      0xa53 BSP\ST\STM32L1xx\src\stm32l1xx_usart.o
 .debug_info    0x00017733     0x1afd BSP\ST\STM32L1xx\src\stm32l1xx_tim.o
 .debug_info    0x00019230      0x461 BSP\ST\STM32L1xx\src\stm32l1xx_syscfg.o
 .debug_info    0x00019691      0x972 BSP\ST\STM32L1xx\src\stm32l1xx_spi.o
 .debug_info    0x0001a003      0x8a7 BSP\ST\STM32L1xx\src\stm32l1xx_sdio.o
 .debug_info    0x0001a8aa     0x1293 BSP\ST\STM32L1xx\src\stm32l1xx_rtc.o
 .debug_info    0x0001bb3d      0xab0 BSP\ST\STM32L1xx\src\stm32l1xx_rcc.o
 .debug_info    0x0001c5ed      0x5ff BSP\ST\STM32L1xx\src\stm32l1xx_pwr.o
 .debug_info    0x0001cbec      0x336 BSP\ST\STM32L1xx\src\stm32l1xx_opamp.o
 .debug_info    0x0001cf22      0x4eb BSP\ST\STM32L1xx\src\stm32l1xx_lcd.o
 .debug_info    0x0001d40d      0x20f BSP\ST\STM32L1xx\src\stm32l1xx_iwdg.o
 .debug_info    0x0001d61c      0xb95 BSP\ST\STM32L1xx\src\stm32l1xx_i2c.o
 .debug_info    0x0001e1b1      0x687 BSP\ST\STM32L1xx\src\stm32l1xx_gpio.o
 .debug_info    0x0001e838      0x353 BSP\ST\STM32L1xx\src\stm32l1xx_fsmc.o
 .debug_info    0x0001eb8b      0x48c BSP\ST\STM32L1xx\src\stm32l1xx_flash_ramfunc.o
 .debug_info    0x0001f017      0xc77 BSP\ST\STM32L1xx\src\stm32l1xx_flash.o
 .debug_info    0x0001fc8e      0x376 BSP\ST\STM32L1xx\src\stm32l1xx_exti.o
 .debug_info    0x00020004      0x4b1 BSP\ST\STM32L1xx\src\stm32l1xx_dma.o
 .debug_info    0x000204b5      0x1f3 BSP\ST\STM32L1xx\src\stm32l1xx_dbgmcu.o
 .debug_info    0x000206a8      0x687 BSP\ST\STM32L1xx\src\stm32l1xx_dac.o
 .debug_info    0x00020d2f      0x20f BSP\ST\STM32L1xx\src\stm32l1xx_crc.o
 .debug_info    0x00020f3e      0x281 BSP\ST\STM32L1xx\src\stm32l1xx_comp.o
 .debug_info    0x000211bf      0xf7a BSP\ST\STM32L1xx\src\stm32l1xx_aes_util.o
 .debug_info    0x00022139      0x5ea BSP\ST\STM32L1xx\src\stm32l1xx_aes.o
 .debug_info    0x00022723      0xd6a BSP\ST\STM32L1xx\src\stm32l1xx_adc.o
 .debug_info    0x0002348d      0x598 BSP\ST\STM32L1xx\src\misc.o
 .debug_info    0x00023a25      0xee9 BSP\OS\bsp_os.o
 .debug_info    0x0002490e      0x99e APP\os_app_hooks.o
 .debug_info    0x000252ac      0xdeb APP\app.o

.debug_abbrev   0x00000000     0x4a9f
 .debug_abbrev  0x00000000       0xbb uCOS-III\Source\os_var.o
 .debug_abbrev  0x000000bb      0x18a uCOS-III\Source\os_tmr.o
 .debug_abbrev  0x00000245      0x176 uCOS-III\Source\os_time.o
 .debug_abbrev  0x000003bb      0x171 uCOS-III\Source\os_tick.o
 .debug_abbrev  0x0000052c      0x176 uCOS-III\Source\os_task.o
 .debug_abbrev  0x000006a2      0x15d uCOS-III\Source\os_stat.o
 .debug_abbrev  0x000007ff      0x17e uCOS-III\Source\os_sem.o
 .debug_abbrev  0x0000097d      0x17e uCOS-III\Source\os_q.o
 .debug_abbrev  0x00000afb       0xd3 uCOS-III\Source\os_prio.o
 .debug_abbrev  0x00000bce      0x171 uCOS-III\Source\os_pend_multi.o
 .debug_abbrev  0x00000d3f      0x156 uCOS-III\Source\os_mutex.o
 .debug_abbrev  0x00000e95      0x145 uCOS-III\Source\os_msg.o
 .debug_abbrev  0x00000fda      0x120 uCOS-III\Source\os_mem.o
 .debug_abbrev  0x000010fa       0x2a uCOS-III\Source\os_int.o
 .debug_abbrev  0x00001124      0x16f uCOS-III\Source\os_flag.o
 .debug_abbrev  0x00001293      0x10c uCOS-III\Source\os_dbg.o
 .debug_abbrev  0x0000139f      0x199 uCOS-III\Source\os_core.o
 .debug_abbrev  0x00001538       0xfd uCOS-III\Source\os_cfg_app.o
 .debug_abbrev  0x00001635      0x1c7 uCOS-III\Ports\ARM-Cortex-M3\Generic\GNU\os_cpu_c.o
 .debug_abbrev  0x000017fc       0x14 uCOS-III\Ports\ARM-Cortex-M3\Generic\GNU\os_cpu_a.o
 .debug_abbrev  0x00001810      0x10d uC-LIB\lib_str.o
 .debug_abbrev  0x0000191d      0x175 uC-LIB\lib_mem.o
 .debug_abbrev  0x00001a92      0x102 uC-LIB\lib_math.o
 .debug_abbrev  0x00001b94       0xcd uC-LIB\lib_ascii.o
 .debug_abbrev  0x00001c61      0x15a uC-CPU\cpu_core.o
 .debug_abbrev  0x00001dbb      0x10a uC-CPU\ARM-Cortex-M3\GNU\cpu_c.o
 .debug_abbrev  0x00001ec5       0x14 uC-CPU\ARM-Cortex-M3\GNU\cpu_a.o
 .debug_abbrev  0x00001ed9       0x12 BSP\cstartup.o
 .debug_abbrev  0x00001eeb       0xc5 BSP\bsp_periph.o
 .debug_abbrev  0x00001fb0      0x15a BSP\bsp_int.o
 .debug_abbrev  0x0000210a      0x192 BSP\bsp.o
 .debug_abbrev  0x0000229c      0x120 BSP\ST\STM32L1xx\src\stm32l1xx_wwdg.o
 .debug_abbrev  0x000023bc      0x150 BSP\ST\STM32L1xx\src\stm32l1xx_usart.o
 .debug_abbrev  0x0000250c      0x174 BSP\ST\STM32L1xx\src\stm32l1xx_tim.o
 .debug_abbrev  0x00002680      0x156 BSP\ST\STM32L1xx\src\stm32l1xx_syscfg.o
 .debug_abbrev  0x000027d6      0x15f BSP\ST\STM32L1xx\src\stm32l1xx_spi.o
 .debug_abbrev  0x00002935      0x16f BSP\ST\STM32L1xx\src\stm32l1xx_sdio.o
 .debug_abbrev  0x00002aa4      0x16d BSP\ST\STM32L1xx\src\stm32l1xx_rtc.o
 .debug_abbrev  0x00002c11      0x1b9 BSP\ST\STM32L1xx\src\stm32l1xx_rcc.o
 .debug_abbrev  0x00002dca      0x195 BSP\ST\STM32L1xx\src\stm32l1xx_pwr.o
 .debug_abbrev  0x00002f5f      0x131 BSP\ST\STM32L1xx\src\stm32l1xx_opamp.o
 .debug_abbrev  0x00003090      0x17d BSP\ST\STM32L1xx\src\stm32l1xx_lcd.o
 .debug_abbrev  0x0000320d       0xfc BSP\ST\STM32L1xx\src\stm32l1xx_iwdg.o
 .debug_abbrev  0x00003309      0x15f BSP\ST\STM32L1xx\src\stm32l1xx_i2c.o
 .debug_abbrev  0x00003468      0x175 BSP\ST\STM32L1xx\src\stm32l1xx_gpio.o
 .debug_abbrev  0x000035dd       0xed BSP\ST\STM32L1xx\src\stm32l1xx_fsmc.o
 .debug_abbrev  0x000036ca      0x153 BSP\ST\STM32L1xx\src\stm32l1xx_flash_ramfunc.o
 .debug_abbrev  0x0000381d      0x185 BSP\ST\STM32L1xx\src\stm32l1xx_flash.o
 .debug_abbrev  0x000039a2      0x19a BSP\ST\STM32L1xx\src\stm32l1xx_exti.o
 .debug_abbrev  0x00003b3c      0x150 BSP\ST\STM32L1xx\src\stm32l1xx_dma.o
 .debug_abbrev  0x00003c8c       0xdc BSP\ST\STM32L1xx\src\stm32l1xx_dbgmcu.o
 .debug_abbrev  0x00003d68      0x174 BSP\ST\STM32L1xx\src\stm32l1xx_dac.o
 .debug_abbrev  0x00003edc      0x10c BSP\ST\STM32L1xx\src\stm32l1xx_crc.o
 .debug_abbrev  0x00003fe8      0x147 BSP\ST\STM32L1xx\src\stm32l1xx_comp.o
 .debug_abbrev  0x0000412f      0x1d4 BSP\ST\STM32L1xx\src\stm32l1xx_aes_util.o
 .debug_abbrev  0x00004303      0x17c BSP\ST\STM32L1xx\src\stm32l1xx_aes.o
 .debug_abbrev  0x0000447f      0x15f BSP\ST\STM32L1xx\src\stm32l1xx_adc.o
 .debug_abbrev  0x000045de      0x128 BSP\ST\STM32L1xx\src\misc.o
 .debug_abbrev  0x00004706      0x148 BSP\OS\bsp_os.o
 .debug_abbrev  0x0000484e      0x107 APP\os_app_hooks.o
 .debug_abbrev  0x00004955      0x14a APP\app.o

.debug_line     0x00000000     0xf76f
 .debug_line    0x00000000      0x22c uCOS-III\Source\os_var.o
 .debug_line    0x0000022c      0x4cd uCOS-III\Source\os_tmr.o
 .debug_line    0x000006f9      0x340 uCOS-III\Source\os_time.o
 .debug_line    0x00000a39      0x3cc uCOS-III\Source\os_tick.o
 .debug_line    0x00000e05      0x6ed uCOS-III\Source\os_task.o
 .debug_line    0x000014f2      0x37b uCOS-III\Source\os_stat.o
 .debug_line    0x0000186d      0x3f6 uCOS-III\Source\os_sem.o
 .debug_line    0x00001c63      0x3d0 uCOS-III\Source\os_q.o
 .debug_line    0x00002033      0x221 uCOS-III\Source\os_prio.o
 .debug_line    0x00002254      0x33d uCOS-III\Source\os_pend_multi.o
 .debug_line    0x00002591      0x394 uCOS-III\Source\os_mutex.o
 .debug_line    0x00002925      0x33a uCOS-III\Source\os_msg.o
 .debug_line    0x00002c5f      0x27b uCOS-III\Source\os_mem.o
 .debug_line    0x00002eda       0x1d uCOS-III\Source\os_int.o
 .debug_line    0x00002ef7      0x437 uCOS-III\Source\os_flag.o
 .debug_line    0x0000332e      0x2b1 uCOS-III\Source\os_dbg.o
 .debug_line    0x000035df      0x804 uCOS-III\Source\os_core.o
 .debug_line    0x00003de3      0x271 uCOS-III\Source\os_cfg_app.o
 .debug_line    0x00004054      0x443 uCOS-III\Ports\ARM-Cortex-M3\Generic\GNU\os_cpu_c.o
 .debug_line    0x00004497       0x9f uCOS-III\Ports\ARM-Cortex-M3\Generic\GNU\os_cpu_a.o
 .debug_line    0x00004536      0x5b0 uC-LIB\lib_str.o
 .debug_line    0x00004ae6      0x6b2 uC-LIB\lib_mem.o
 .debug_line    0x00005198      0x1ef uC-LIB\lib_math.o
 .debug_line    0x00005387      0x446 uC-LIB\lib_ascii.o
 .debug_line    0x000057cd      0x381 uC-CPU\cpu_core.o
 .debug_line    0x00005b4e      0x29a uC-CPU\ARM-Cortex-M3\GNU\cpu_c.o
 .debug_line    0x00005de8       0x82 uC-CPU\ARM-Cortex-M3\GNU\cpu_a.o
 .debug_line    0x00005e6a       0xd4 BSP\cstartup.o
 .debug_line    0x00005f3e      0x29c BSP\bsp_periph.o
 .debug_line    0x000061da      0x6b4 BSP\bsp_int.o
 .debug_line    0x0000688e      0x52b BSP\bsp.o
 .debug_line    0x00006db9      0x2c8 BSP\ST\STM32L1xx\src\stm32l1xx_wwdg.o
 .debug_line    0x00007081      0x58b BSP\ST\STM32L1xx\src\stm32l1xx_usart.o
 .debug_line    0x0000760c      0xa49 BSP\ST\STM32L1xx\src\stm32l1xx_tim.o
 .debug_line    0x00008055      0x367 BSP\ST\STM32L1xx\src\stm32l1xx_syscfg.o
 .debug_line    0x000083bc      0x50f BSP\ST\STM32L1xx\src\stm32l1xx_spi.o
 .debug_line    0x000088cb      0x535 BSP\ST\STM32L1xx\src\stm32l1xx_sdio.o
 .debug_line    0x00008e00      0x8e6 BSP\ST\STM32L1xx\src\stm32l1xx_rtc.o
 .debug_line    0x000096e6      0x60c BSP\ST\STM32L1xx\src\stm32l1xx_rcc.o
 .debug_line    0x00009cf2      0x383 BSP\ST\STM32L1xx\src\stm32l1xx_pwr.o
 .debug_line    0x0000a075      0x31b BSP\ST\STM32L1xx\src\stm32l1xx_opamp.o
 .debug_line    0x0000a390      0x44b BSP\ST\STM32L1xx\src\stm32l1xx_lcd.o
 .debug_line    0x0000a7db      0x29d BSP\ST\STM32L1xx\src\stm32l1xx_iwdg.o
 .debug_line    0x0000aa78      0x5c9 BSP\ST\STM32L1xx\src\stm32l1xx_i2c.o
 .debug_line    0x0000b041      0x42e BSP\ST\STM32L1xx\src\stm32l1xx_gpio.o
 .debug_line    0x0000b46f      0x38a BSP\ST\STM32L1xx\src\stm32l1xx_fsmc.o
 .debug_line    0x0000b7f9      0x397 BSP\ST\STM32L1xx\src\stm32l1xx_flash_ramfunc.o
 .debug_line    0x0000bb90      0x6c1 BSP\ST\STM32L1xx\src\stm32l1xx_flash.o
 .debug_line    0x0000c251      0x396 BSP\ST\STM32L1xx\src\stm32l1xx_exti.o
 .debug_line    0x0000c5e7      0x3f5 BSP\ST\STM32L1xx\src\stm32l1xx_dma.o
 .debug_line    0x0000c9dc      0x28e BSP\ST\STM32L1xx\src\stm32l1xx_dbgmcu.o
 .debug_line    0x0000cc6a      0x453 BSP\ST\STM32L1xx\src\stm32l1xx_dac.o
 .debug_line    0x0000d0bd      0x2ab BSP\ST\STM32L1xx\src\stm32l1xx_crc.o
 .debug_line    0x0000d368      0x372 BSP\ST\STM32L1xx\src\stm32l1xx_comp.o
 .debug_line    0x0000d6da      0x72d BSP\ST\STM32L1xx\src\stm32l1xx_aes_util.o
 .debug_line    0x0000de07      0x459 BSP\ST\STM32L1xx\src\stm32l1xx_aes.o
 .debug_line    0x0000e260      0x66b BSP\ST\STM32L1xx\src\stm32l1xx_adc.o
 .debug_line    0x0000e8cb      0x336 BSP\ST\STM32L1xx\src\misc.o
 .debug_line    0x0000ec01      0x48c BSP\OS\bsp_os.o
 .debug_line    0x0000f08d      0x301 APP\os_app_hooks.o
 .debug_line    0x0000f38e      0x3e1 APP\app.o

.debug_str      0x00000000     0x9b63
 .debug_str     0x00000000      0xa32 uCOS-III\Source\os_var.o
                                0xb0e (size before relaxing)
 .debug_str     0x00000a32      0xeb7 uCOS-III\Source\os_tmr.o
                               0x153e (size before relaxing)
 .debug_str     0x000018e9       0xad uCOS-III\Source\os_time.o
                               0x138e (size before relaxing)
 .debug_str     0x00001996      0x16c uCOS-III\Source\os_tick.o
                               0x13f5 (size before relaxing)
 .debug_str     0x00001b02      0x251 uCOS-III\Source\os_task.o
                               0x1585 (size before relaxing)
 .debug_str     0x00001d53      0x128 uCOS-III\Source\os_stat.o
                               0x14e2 (size before relaxing)
 .debug_str     0x00001e7b       0xec uCOS-III\Source\os_sem.o
                               0x137e (size before relaxing)
 .debug_str     0x00001f67       0xaf uCOS-III\Source\os_q.o
                               0x137c (size before relaxing)
 .debug_str     0x00002016       0x87 uCOS-III\Source\os_prio.o
                                0x1f6 (size before relaxing)
 .debug_str     0x0000209d       0x9c uCOS-III\Source\os_pend_multi.o
                               0x132c (size before relaxing)
 .debug_str     0x00002139       0xb7 uCOS-III\Source\os_mutex.o
                               0x138a (size before relaxing)
 .debug_str     0x000021f0       0xb5 uCOS-III\Source\os_msg.o
                                0xf7d (size before relaxing)
 .debug_str     0x000022a5       0x99 uCOS-III\Source\os_mem.o
                                0xf5a (size before relaxing)
 .debug_str     0x0000233e       0x2b uCOS-III\Source\os_int.o
                                0x177 (size before relaxing)
 .debug_str     0x00002369      0x10e uCOS-III\Source\os_flag.o
                               0x13dc (size before relaxing)
 .debug_str     0x00002477      0x4fb uCOS-III\Source\os_dbg.o
                                0xff1 (size before relaxing)
 .debug_str     0x00002972      0x35b uCOS-III\Source\os_core.o
                               0x1869 (size before relaxing)
 .debug_str     0x00002ccd      0x20b uCOS-III\Source\os_cfg_app.o
                                0xa54 (size before relaxing)
 .debug_str     0x00002ed8      0x107 uCOS-III\Ports\ARM-Cortex-M3\Generic\GNU\os_cpu_c.o
                                0x830 (size before relaxing)
 .debug_str     0x00002fdf      0x48f uC-LIB\lib_str.o
                                0x650 (size before relaxing)
 .debug_str     0x0000346e      0x7f5 uC-LIB\lib_mem.o
                                0x9fc (size before relaxing)
 .debug_str     0x00003c63       0x7f uC-LIB\lib_math.o
                                0x1e4 (size before relaxing)
 .debug_str     0x00003ce2      0x14c uC-LIB\lib_ascii.o
                                0x2d0 (size before relaxing)
 .debug_str     0x00003e2e      0x22c uC-CPU\cpu_core.o
                                0x3e3 (size before relaxing)
 .debug_str     0x0000405a       0xd8 uC-CPU\ARM-Cortex-M3\GNU\cpu_c.o
                                0x278 (size before relaxing)
 .debug_str     0x00004132       0x6a BSP\bsp_periph.o
                                0x200 (size before relaxing)
 .debug_str     0x0000419c      0x55d BSP\bsp_int.o
                                0x70b (size before relaxing)
 .debug_str     0x000046f9      0x2f2 BSP\bsp.o
                                0x4c3 (size before relaxing)
 .debug_str     0x000049eb       0xd0 BSP\ST\STM32L1xx\src\stm32l1xx_wwdg.o
                                0x289 (size before relaxing)
 .debug_str     0x00004abb      0x453 BSP\ST\STM32L1xx\src\stm32l1xx_usart.o
                                0x696 (size before relaxing)
 .debug_str     0x00004f0e      0x9f5 BSP\ST\STM32L1xx\src\stm32l1xx_tim.o
                                0xc56 (size before relaxing)
 .debug_str     0x00005903      0x26d BSP\ST\STM32L1xx\src\stm32l1xx_syscfg.o
                                0x420 (size before relaxing)
 .debug_str     0x00005b70      0x36e BSP\ST\STM32L1xx\src\stm32l1xx_spi.o
                                0x603 (size before relaxing)
 .debug_str     0x00005ede      0x46b BSP\ST\STM32L1xx\src\stm32l1xx_sdio.o
                                0x652 (size before relaxing)
 .debug_str     0x00006349      0x967 BSP\ST\STM32L1xx\src\stm32l1xx_rtc.o
                                0xb5e (size before relaxing)
 .debug_str     0x00006cb0      0x494 BSP\ST\STM32L1xx\src\stm32l1xx_rcc.o
                                0x716 (size before relaxing)
 .debug_str     0x00007144      0x1f1 BSP\ST\STM32L1xx\src\stm32l1xx_pwr.o
                                0x3d2 (size before relaxing)
 .debug_str     0x00007335      0x15d BSP\ST\STM32L1xx\src\stm32l1xx_opamp.o
                                0x31a (size before relaxing)
 .debug_str     0x00007492      0x23f BSP\ST\STM32L1xx\src\stm32l1xx_lcd.o
                                0x407 (size before relaxing)
 .debug_str     0x000076d1       0xcd BSP\ST\STM32L1xx\src\stm32l1xx_iwdg.o
                                0x273 (size before relaxing)
 .debug_str     0x0000779e      0x3a3 BSP\ST\STM32L1xx\src\stm32l1xx_i2c.o
                                0x66c (size before relaxing)
 .debug_str     0x00007b41      0x17d BSP\ST\STM32L1xx\src\stm32l1xx_gpio.o
                                0x4d2 (size before relaxing)
 .debug_str     0x00007cbe      0x2a5 BSP\ST\STM32L1xx\src\stm32l1xx_fsmc.o
                                0x440 (size before relaxing)
 .debug_str     0x00007f63      0x1d9 BSP\ST\STM32L1xx\src\stm32l1xx_flash_ramfunc.o
                                0x3d2 (size before relaxing)
 .debug_str     0x0000813c      0x472 BSP\ST\STM32L1xx\src\stm32l1xx_flash.o
                                0x711 (size before relaxing)
 .debug_str     0x000085ae      0x1b2 BSP\ST\STM32L1xx\src\stm32l1xx_exti.o
                                0x375 (size before relaxing)
 .debug_str     0x00008760      0x209 BSP\ST\STM32L1xx\src\stm32l1xx_dma.o
                                0x3d8 (size before relaxing)
 .debug_str     0x00008969       0xc1 BSP\ST\STM32L1xx\src\stm32l1xx_dbgmcu.o
                                0x25c (size before relaxing)
 .debug_str     0x00008a2a      0x273 BSP\ST\STM32L1xx\src\stm32l1xx_dac.o
                                0x45a (size before relaxing)
 .debug_str     0x00008c9d       0xad BSP\ST\STM32L1xx\src\stm32l1xx_crc.o
                                0x252 (size before relaxing)
 .debug_str     0x00008d4a      0x105 BSP\ST\STM32L1xx\src\stm32l1xx_comp.o
                                0x2c2 (size before relaxing)
 .debug_str     0x00008e4f      0x1b6 BSP\ST\STM32L1xx\src\stm32l1xx_aes_util.o
                                0x389 (size before relaxing)
 .debug_str     0x00009005      0x1dc BSP\ST\STM32L1xx\src\stm32l1xx_aes.o
                                0x45a (size before relaxing)
 .debug_str     0x000091e1      0x5ec BSP\ST\STM32L1xx\src\stm32l1xx_adc.o
                                0x7fc (size before relaxing)
 .debug_str     0x000097cd      0x1ab BSP\ST\STM32L1xx\src\misc.o
                                0x3e0 (size before relaxing)
 .debug_str     0x00009978       0xa0 BSP\OS\bsp_os.o
                               0x1303 (size before relaxing)
 .debug_str     0x00009a18       0xd8 APP\os_app_hooks.o
                                0x748 (size before relaxing)
 .debug_str     0x00009af0       0x73 APP\app.o
                               0x12d2 (size before relaxing)

.comment        0x00000000       0x89
 .comment       0x00000000       0x89 uCOS-III\Source\os_var.o
                                 0x8a (size before relaxing)
 .comment       0x00000000       0x8a uCOS-III\Source\os_tmr.o
 .comment       0x00000000       0x8a uCOS-III\Source\os_time.o
 .comment       0x00000000       0x8a uCOS-III\Source\os_tick.o
 .comment       0x00000000       0x8a uCOS-III\Source\os_task.o
 .comment       0x00000000       0x8a uCOS-III\Source\os_stat.o
 .comment       0x00000000       0x8a uCOS-III\Source\os_sem.o
 .comment       0x00000000       0x8a uCOS-III\Source\os_q.o
 .comment       0x00000000       0x8a uCOS-III\Source\os_prio.o
 .comment       0x00000000       0x8a uCOS-III\Source\os_pend_multi.o
 .comment       0x00000000       0x8a uCOS-III\Source\os_mutex.o
 .comment       0x00000000       0x8a uCOS-III\Source\os_msg.o
 .comment       0x00000000       0x8a uCOS-III\Source\os_mem.o
 .comment       0x00000000       0x8a uCOS-III\Source\os_int.o
 .comment       0x00000000       0x8a uCOS-III\Source\os_flag.o
 .comment       0x00000000       0x8a uCOS-III\Source\os_dbg.o
 .comment       0x00000000       0x8a uCOS-III\Source\os_core.o
 .comment       0x00000000       0x8a uCOS-III\Source\os_cfg_app.o
 .comment       0x00000000       0x8a uCOS-III\Ports\ARM-Cortex-M3\Generic\GNU\os_cpu_c.o
 .comment       0x00000000       0x8a uC-LIB\lib_str.o
 .comment       0x00000000       0x8a uC-LIB\lib_mem.o
 .comment       0x00000000       0x8a uC-LIB\lib_math.o
 .comment       0x00000000       0x8a uC-LIB\lib_ascii.o
 .comment       0x00000000       0x8a uC-CPU\cpu_core.o
 .comment       0x00000000       0x8a uC-CPU\ARM-Cortex-M3\GNU\cpu_c.o
 .comment       0x00000000       0x8a BSP\bsp_periph.o
 .comment       0x00000000       0x8a BSP\bsp_int.o
 .comment       0x00000000       0x8a BSP\bsp.o
 .comment       0x00000000       0x8a BSP\ST\STM32L1xx\src\stm32l1xx_wwdg.o
 .comment       0x00000000       0x8a BSP\ST\STM32L1xx\src\stm32l1xx_usart.o
 .comment       0x00000000       0x8a BSP\ST\STM32L1xx\src\stm32l1xx_tim.o
 .comment       0x00000000       0x8a BSP\ST\STM32L1xx\src\stm32l1xx_syscfg.o
 .comment       0x00000000       0x8a BSP\ST\STM32L1xx\src\stm32l1xx_spi.o
 .comment       0x00000000       0x8a BSP\ST\STM32L1xx\src\stm32l1xx_sdio.o
 .comment       0x00000000       0x8a BSP\ST\STM32L1xx\src\stm32l1xx_rtc.o
 .comment       0x00000000       0x8a BSP\ST\STM32L1xx\src\stm32l1xx_rcc.o
 .comment       0x00000000       0x8a BSP\ST\STM32L1xx\src\stm32l1xx_pwr.o
 .comment       0x00000000       0x8a BSP\ST\STM32L1xx\src\stm32l1xx_opamp.o
 .comment       0x00000000       0x8a BSP\ST\STM32L1xx\src\stm32l1xx_lcd.o
 .comment       0x00000000       0x8a BSP\ST\STM32L1xx\src\stm32l1xx_iwdg.o
 .comment       0x00000000       0x8a BSP\ST\STM32L1xx\src\stm32l1xx_i2c.o
 .comment       0x00000000       0x8a BSP\ST\STM32L1xx\src\stm32l1xx_gpio.o
 .comment       0x00000000       0x8a BSP\ST\STM32L1xx\src\stm32l1xx_fsmc.o
 .comment       0x00000000       0x8a BSP\ST\STM32L1xx\src\stm32l1xx_flash_ramfunc.o
 .comment       0x00000000       0x8a BSP\ST\STM32L1xx\src\stm32l1xx_flash.o
 .comment       0x00000000       0x8a BSP\ST\STM32L1xx\src\stm32l1xx_exti.o
 .comment       0x00000000       0x8a BSP\ST\STM32L1xx\src\stm32l1xx_dma.o
 .comment       0x00000000       0x8a BSP\ST\STM32L1xx\src\stm32l1xx_dbgmcu.o
 .comment       0x00000000       0x8a BSP\ST\STM32L1xx\src\stm32l1xx_dac.o
 .comment       0x00000000       0x8a BSP\ST\STM32L1xx\src\stm32l1xx_crc.o
 .comment       0x00000000       0x8a BSP\ST\STM32L1xx\src\stm32l1xx_comp.o
 .comment       0x00000000       0x8a BSP\ST\STM32L1xx\src\stm32l1xx_aes_util.o
 .comment       0x00000000       0x8a BSP\ST\STM32L1xx\src\stm32l1xx_aes.o
 .comment       0x00000000       0x8a BSP\ST\STM32L1xx\src\stm32l1xx_adc.o
 .comment       0x00000000       0x8a BSP\ST\STM32L1xx\src\misc.o
 .comment       0x00000000       0x8a BSP\OS\bsp_os.o
 .comment       0x00000000       0x8a APP\os_app_hooks.o
 .comment       0x00000000       0x8a APP\app.o

.debug_loc      0x00000000     0xbd7e
 .debug_loc     0x00000000      0x2d9 uCOS-III\Source\os_tmr.o
 .debug_loc     0x000002d9      0x118 uCOS-III\Source\os_time.o
 .debug_loc     0x000003f1      0x188 uCOS-III\Source\os_tick.o
 .debug_loc     0x00000579      0x578 uCOS-III\Source\os_task.o
 .debug_loc     0x00000af1       0xe2 uCOS-III\Source\os_stat.o
 .debug_loc     0x00000bd3      0x233 uCOS-III\Source\os_sem.o
 .debug_loc     0x00000e06      0x1fa uCOS-III\Source\os_q.o
 .debug_loc     0x00001000       0xe0 uCOS-III\Source\os_prio.o
 .debug_loc     0x000010e0       0xe0 uCOS-III\Source\os_pend_multi.o
 .debug_loc     0x000011c0      0x18a uCOS-III\Source\os_mutex.o
 .debug_loc     0x0000134a      0x118 uCOS-III\Source\os_msg.o
 .debug_loc     0x00001462      0x118 uCOS-III\Source\os_mem.o
 .debug_loc     0x0000157a      0x26a uCOS-III\Source\os_flag.o
 .debug_loc     0x000017e4       0x38 uCOS-III\Source\os_dbg.o
 .debug_loc     0x0000181c      0x870 uCOS-III\Source\os_core.o
 .debug_loc     0x0000208c       0x2c uCOS-III\Source\os_cfg_app.o
 .debug_loc     0x000020b8      0x244 uCOS-III\Ports\ARM-Cortex-M3\Generic\GNU\os_cpu_c.o
 .debug_loc     0x000022fc      0x544 uC-LIB\lib_str.o
 .debug_loc     0x00002840      0x3f8 uC-LIB\lib_mem.o
 .debug_loc     0x00002c38       0xd4 uC-LIB\lib_math.o
 .debug_loc     0x00002d0c      0x380 uC-LIB\lib_ascii.o
 .debug_loc     0x0000308c      0x3ee uC-CPU\cpu_core.o