<html>
<body>
<pre>
<h1>µVision Build Log</h1>
<h2>Project:</h2>
C:\Users\Administrator\Desktop\STM32\ucos3_example\stm32l15xx_ucos3\Micrium\Software\EvalBoards\ST\STM32L152-EVAL\uCOS-III\KeilMDK\uCOS-III.uvproj
Project File Date:  04/09/2014

<h2>Output:</h2>
Rebuild target 'uCOS-III'
compiling app.c...
compiling os_app_hooks.c...
compiling bsp.c...
compiling bsp_int.c...
compiling bsp_periph.c...
assembling cstartup.s...
compiling bsp_os.c...
compiling cpu_c.c...
compiling cpu_core.c...
assembling cpu_a.asm...
compiling lib_ascii.c...
compiling lib_math.c...
compiling lib_mem.c...
compiling lib_str.c...
assembling lib_mem_a.asm...
assembling os_cpu_a.s...
compiling os_cpu_c.c...
compiling os_cfg_app.c...
compiling os_core.c...
compiling os_dbg.c...
compiling os_flag.c...
compiling os_int.c...
compiling os_mem.c...
compiling os_msg.c...
compiling os_mutex.c...
compiling os_pend_multi.c...
compiling os_prio.c...
compiling os_q.c...
compiling os_sem.c...
compiling os_stat.c...
compiling os_task.c...
compiling os_tick.c...
compiling os_time.c...
compiling os_tmr.c...
compiling os_var.c...
compiling misc.c...
compiling stm32l1xx_adc.c...
compiling stm32l1xx_aes.c...
compiling stm32l1xx_aes_util.c...
compiling stm32l1xx_comp.c...
compiling stm32l1xx_crc.c...
compiling stm32l1xx_dac.c...
compiling stm32l1xx_dbgmcu.c...
compiling stm32l1xx_dma.c...
compiling stm32l1xx_exti.c...
compiling stm32l1xx_flash.c...
compiling stm32l1xx_flash_ramfunc.c...
compiling stm32l1xx_fsmc.c...
compiling stm32l1xx_gpio.c...
compiling stm32l1xx_i2c.c...
compiling stm32l1xx_iwdg.c...
compiling stm32l1xx_lcd.c...
compiling stm32l1xx_opamp.c...
compiling stm32l1xx_pwr.c...
compiling stm32l1xx_rcc.c...
compiling stm32l1xx_rtc.c...
compiling stm32l1xx_sdio.c...
compiling stm32l1xx_spi.c...
compiling stm32l1xx_syscfg.c...
compiling stm32l1xx_tim.c...
compiling stm32l1xx_usart.c...
compiling stm32l1xx_wwdg.c...
linking...
Program Size: Code=39598 RO-data=1258 RW-data=232 ZI-data=9472  
FromELF: creating hex file...
".\Obj\uCOS-III.axf" - 0 Error(s), 0 Warning(s).
Load "C:\\Users\\Administrator\\Desktop\\STM32\\ucos3_example\\stm32l15xx_ucos3\\Micrium\\Software\\EvalBoards\\ST\\STM32L152-EVAL\\uCOS-III\\KeilMDK\\Obj\\uCOS-III.AXF" 
Load "C:\\Users\\Administrator\\Desktop\\STM32\\ucos3_example\\stm32l15xx_ucos3\\Micrium\\Software\\EvalBoards\\ST\\STM32L152-EVAL\\uCOS-III\\KeilMDK\\Obj\\uCOS-III.AXF" 
Load "C:\\Users\\Administrator\\Desktop\\STM32\\ucos3_example\\stm32l15xx_ucos3\\Micrium\\Software\\EvalBoards\\ST\\STM32L152-EVAL\\uCOS-III\\KeilMDK\\Obj\\uCOS-III.AXF" 
Load "C:\\Users\\Administrator\\Desktop\\STM32\\ucos3_example\\stm32l15xx_ucos3\\Micrium\\Software\\EvalBoards\\ST\\STM32L152-EVAL\\uCOS-III\\KeilMDK\\Obj\\uCOS-III.AXF" 
Rebuild target 'uCOS-III'
compiling app.c...
compiling os_app_hooks.c...
compiling bsp.c...
compiling bsp_int.c...
compiling bsp_periph.c...
assembling cstartup.s...
compiling bsp_os.c...
compiling cpu_c.c...
compiling cpu_core.c...
assembling cpu_a.asm...
compiling lib_ascii.c...
compiling lib_math.c...
compiling lib_mem.c...
compiling lib_str.c...
assembling lib_mem_a.asm...
assembling os_cpu_a.s...
compiling os_cpu_c.c...
compiling os_cfg_app.c...
compiling os_core.c...
compiling os_dbg.c...
compiling os_flag.c...
compiling os_int.c...
compiling os_mem.c...
compiling os_msg.c...
compiling os_mutex.c...
compiling os_pend_multi.c...
compiling os_prio.c...
compiling os_q.c...
compiling os_sem.c...
compiling os_stat.c...
compiling os_task.c...
compiling os_tick.c...
compiling os_time.c...
compiling os_tmr.c...
compiling os_var.c...
compiling misc.c...
compiling stm32l1xx_adc.c...
compiling stm32l1xx_aes.c...
compiling stm32l1xx_aes_util.c...
compiling stm32l1xx_comp.c...
compiling stm32l1xx_crc.c...
compiling stm32l1xx_dac.c...
compiling stm32l1xx_dbgmcu.c...
compiling stm32l1xx_dma.c...
compiling stm32l1xx_exti.c...
compiling stm32l1xx_flash.c...
compiling stm32l1xx_flash_ramfunc.c...
compiling stm32l1xx_fsmc.c...
compiling stm32l1xx_gpio.c...
compiling stm32l1xx_i2c.c...
compiling stm32l1xx_iwdg.c...
compiling stm32l1xx_lcd.c...
compiling stm32l1xx_opamp.c...
compiling stm32l1xx_pwr.c...
compiling stm32l1xx_rcc.c...
compiling stm32l1xx_rtc.c...
compiling stm32l1xx_sdio.c...
compiling stm32l1xx_spi.c...
compiling stm32l1xx_syscfg.c...
compiling stm32l1xx_tim.c...
compiling stm32l1xx_usart.c...
compiling stm32l1xx_wwdg.c...
linking...
Program Size: Code=39598 RO-data=1258 RW-data=232 ZI-data=9472  
FromELF: creating hex file...
".\Obj\uCOS-III.axf" - 0 Error(s), 0 Warning(s).
Load "C:\\Users\\Administrator\\Desktop\\STM32\\ucos3_example\\stm32l15xx_ucos3\\Micrium\\Software\\EvalBoards\\ST\\STM32L152-EVAL\\uCOS-III\\KeilMDK\\Obj\\uCOS-III.AXF" 
Load "C:\\Users\\Administrator\\Desktop\\STM32\\ucos3_example\\stm32l15xx_ucos3\\Micrium\\Software\\EvalBoards\\ST\\STM32L152-EVAL\\uCOS-III\\KeilMDK\\Obj\\uCOS-III.AXF" 
Load "C:\\Users\\Administrator\\Desktop\\STM32\\ucos3_example\\stm32l15xx_ucos3\\Micrium\\Software\\EvalBoards\\ST\\STM32L152-EVAL\\uCOS-III\\KeilMDK\\Obj\\uCOS-III.AXF" 
Erase Done.
Programming Done.
Verify OK.
