ARM Linker, 4.1 [Build 894] [Standard]

==============================================================================

Section Cross References

    app.o(.text) refers to bsp.o(.text) for BSP_Init
    app.o(.text) refers to cpu_core.o(.text) for CPU_Init
    app.o(.text) refers to os_cpu_c.o(.text) for OS_CPU_SysTickInit
    app.o(.text) refers to lib_mem.o(.text) for Mem_Init
    app.o(.text) refers to lib_math.o(.text) for Math_Init
    app.o(.text) refers to os_stat.o(.text) for OSStatTaskCPUUsageInit
    app.o(.text) refers to bsp_int.o(.text) for BSP_IntVectSet
    app.o(.text) refers to os_time.o(.text) for OSTimeDlyHMSM
    app.o(.text) refers to os_core.o(.text) for OSInit
    app.o(.text) refers to os_task.o(.text) for OSTaskCreate
    app.o(.text) refers to os_cfg_app.o(.constdata) for OSCfg_TickRate_Hz
    app.o(.text) refers to app.o(.data) for AppSw
    app.o(.text) refers to app.o(.bss) for AppTaskStartStk
    os_app_hooks.o(.text) refers to cpu_a.o(.text) for CPU_SR_Save
    os_app_hooks.o(.text) refers to os_var.o(.data) for OS_AppTaskCreateHookPtr
    bsp.o(.text) refers to bsp_periph.o(.text) for BSP_PeriphEn
    bsp.o(.text) refers to stm32l1xx_gpio.o(.text) for GPIO_Init
    bsp.o(.text) refers to bsp_int.o(.text) for BSP_IntInit
    bsp.o(.text) refers to stm32l1xx_rcc.o(.text) for RCC_DeInit
    bsp.o(.text) refers to stm32l1xx_flash.o(.text) for FLASH_ReadAccess64Cmd
    bsp.o(.text) refers to stm32l1xx_pwr.o(.text) for PWR_VoltageScalingConfig
    bsp.o(.text) refers to stm32l1xx_syscfg.o(.text) for SYSCFG_EXTILineConfig
    bsp.o(.text) refers to stm32l1xx_exti.o(.text) for EXTI_Init
    bsp.o(.text) refers to misc.o(.text) for NVIC_PriorityGroupConfig
    bsp.o(.text) refers to cpu_core.o(.text) for CPU_TS_TmrFreqSet
    bsp.o(.text) refers to uldiv.o(.text) for __aeabi_uldivmod
    bsp_int.o(.text) refers to cpu_c.o(.text) for CPU_IntSrcDis
    bsp_int.o(.text) refers to cpu_a.o(.text) for CPU_IntDis
    bsp_int.o(.text) refers to os_core.o(.text) for OSIntEnter
    bsp_int.o(.text) refers to bsp.o(.text) for BSP_LED_Off
    bsp_int.o(.text) refers to stm32l1xx_exti.o(.text) for EXTI_ClearITPendingBit
    bsp_int.o(.text) refers to bsp_int.o(.bss) for BSP_IntVectTbl
    bsp_periph.o(.text) refers to bsp.o(.text) for BSP_CPU_ClkFreq
    cstartup.o(RESET) refers to cstartup.o(STACK) for __initial_sp
    cstartup.o(RESET) refers to cstartup.o(.text) for Reset_Handler
    cstartup.o(RESET) refers to os_cpu_a.o(CODE) for OS_CPU_PendSVHandler
    cstartup.o(RESET) refers to os_cpu_c.o(.text) for OS_CPU_SysTickHandler
    cstartup.o(RESET) refers to bsp_int.o(.text) for BSP_IntHandlerWWDG
    cstartup.o(.text) refers to entry.o(.ARM.Collect$$$$00000000) for __main
    bsp_os.o(.text) refers to os_sem.o(.text) for OSSemCreate
    bsp_os.o(.text) refers to os_time.o(.text) for OSTimeDlyHMSM
    bsp_os.o(.text) refers to os_cfg_app.o(.constdata) for OSCfg_TickRate_Hz
    cpu_c.o(.text) refers to cpu_a.o(.text) for CPU_SR_Save
    cpu_core.o(.text) refers to cpu_a.o(.text) for CPU_SR_Save
    cpu_core.o(.text) refers to lib_mem.o(.text) for Mem_Clr
    cpu_core.o(.text) refers to bsp.o(.text) for CPU_TS_TmrInit
    cpu_core.o(.text) refers to lib_str.o(.text) for Str_Copy_N
    cpu_core.o(.text) refers to llushr.o(.text) for __aeabi_llsr
    cpu_core.o(.text) refers to cpu_core.o(.bss) for CPU_Name
    cpu_core.o(.text) refers to cpu_core.o(.data) for CPU_TS_TmrFreq_Hz
    cpu_core.o(.text) refers to cpu_core.o(.constdata) for CPU_CntLeadZerosTbl
    lib_math.o(.text) refers to cpu_a.o(.text) for CPU_SR_Save
    lib_math.o(.text) refers to lib_math.o(.data) for Math_RandSeedCur
    lib_mem.o(.text) refers to lib_mem_a.o(.text) for Mem_Copy
    lib_mem.o(.text) refers to cpu_core.o(.text) for CPU_SW_Exception
    lib_mem.o(.text) refers to cpu_a.o(.text) for CPU_SR_Save
    lib_mem.o(.text) refers to lib_mem.o(.bss) for Mem_PoolHeap
    lib_mem.o(.text) refers to lib_mem.o(.data) for Mem_PoolTbl
    lib_str.o(.text) refers to lib_ascii.o(.text) for ASCII_ToLower
    lib_str.o(.text) refers to lib_str.o(.constdata) for Str_MultOvfThTbl_Int32U
    os_cpu_a.o(CODE) refers (Special) to os_core.o(.text) for OSIntExit
    os_cpu_a.o(CODE) refers (Special) to os_var.o(.data) for OSRunning
    os_cpu_a.o(CODE) refers to os_cpu_c.o(.data) for OS_CPU_ExceptStkBase
    os_cpu_a.o(CODE) refers to os_cpu_c.o(.text) for OSTaskSwHook
    os_cpu_c.o(.text) refers to bsp.o(.text) for CPU_TS_TmrRd
    os_cpu_c.o(.text) refers to cpu_a.o(.text) for CPU_SR_Save
    os_cpu_c.o(.text) refers to os_time.o(.text) for OSTimeTick
    os_cpu_c.o(.text) refers to os_core.o(.text) for OSIntExit
    os_cpu_c.o(.text) refers to os_var.o(.data) for OS_AppIdleTaskHookPtr
    os_cpu_c.o(.text) refers to os_cfg_app.o(.constdata) for OSCfg_ISRStkBasePtr
    os_cpu_c.o(.text) refers to os_cpu_c.o(.data) for OS_CPU_ExceptStkBase
[...]
    ..\..\BSP\ST\STM32L1xx\src\misc.c        0x00000000   Number         0  misc.o ABSOLUTE
    ..\..\BSP\ST\STM32L1xx\src\stm32l1xx_adc.c 0x00000000   Number         0  stm32l1xx_adc.o ABSOLUTE
    ..\..\BSP\ST\STM32L1xx\src\stm32l1xx_aes.c 0x00000000   Number         0  stm32l1xx_aes.o ABSOLUTE
    ..\..\BSP\ST\STM32L1xx\src\stm32l1xx_aes_util.c 0x00000000   Number         0  stm32l1xx_aes_util.o ABSOLUTE
    ..\..\BSP\ST\STM32L1xx\src\stm32l1xx_comp.c 0x00000000   Number         0  stm32l1xx_comp.o ABSOLUTE
    ..\..\BSP\ST\STM32L1xx\src\stm32l1xx_crc.c 0x00000000   Number         0  stm32l1xx_crc.o ABSOLUTE
    ..\..\BSP\ST\STM32L1xx\src\stm32l1xx_dac.c 0x00000000   Number         0  stm32l1xx_dac.o ABSOLUTE
    ..\..\BSP\ST\STM32L1xx\src\stm32l1xx_dbgmcu.c 0x00000000   Number         0  stm32l1xx_dbgmcu.o ABSOLUTE
    ..\..\BSP\ST\STM32L1xx\src\stm32l1xx_dma.c 0x00000000   Number         0  stm32l1xx_dma.o ABSOLUTE
    ..\..\BSP\ST\STM32L1xx\src\stm32l1xx_exti.c 0x00000000   Number         0  stm32l1xx_exti.o ABSOLUTE
    ..\..\BSP\ST\STM32L1xx\src\stm32l1xx_flash.c 0x00000000   Number         0  stm32l1xx_flash.o ABSOLUTE
    ..\..\BSP\ST\STM32L1xx\src\stm32l1xx_flash_ramfunc.c 0x00000000   Number         0  stm32l1xx_flash_ramfunc.o ABSOLUTE
    ..\..\BSP\ST\STM32L1xx\src\stm32l1xx_fsmc.c 0x00000000   Number         0  stm32l1xx_fsmc.o ABSOLUTE
    ..\..\BSP\ST\STM32L1xx\src\stm32l1xx_gpio.c 0x00000000   Number         0  stm32l1xx_gpio.o ABSOLUTE
    ..\..\BSP\ST\STM32L1xx\src\stm32l1xx_i2c.c 0x00000000   Number         0  stm32l1xx_i2c.o ABSOLUTE
    ..\..\BSP\ST\STM32L1xx\src\stm32l1xx_iwdg.c 0x00000000   Number         0  stm32l1xx_iwdg.o ABSOLUTE
    ..\..\BSP\ST\STM32L1xx\src\stm32l1xx_lcd.c 0x00000000   Number         0  stm32l1xx_lcd.o ABSOLUTE
    ..\..\BSP\ST\STM32L1xx\src\stm32l1xx_opamp.c 0x00000000   Number         0  stm32l1xx_opamp.o ABSOLUTE
    ..\..\BSP\ST\STM32L1xx\src\stm32l1xx_pwr.c 0x00000000   Number         0  stm32l1xx_pwr.o ABSOLUTE
    ..\..\BSP\ST\STM32L1xx\src\stm32l1xx_rcc.c 0x00000000   Number         0  stm32l1xx_rcc.o ABSOLUTE
    ..\..\BSP\ST\STM32L1xx\src\stm32l1xx_rtc.c 0x00000000   Number         0  stm32l1xx_rtc.o ABSOLUTE
    ..\..\BSP\ST\STM32L1xx\src\stm32l1xx_sdio.c 0x00000000   Number         0  stm32l1xx_sdio.o ABSOLUTE
    ..\..\BSP\ST\STM32L1xx\src\stm32l1xx_spi.c 0x00000000   Number         0  stm32l1xx_spi.o ABSOLUTE
    ..\..\BSP\ST\STM32L1xx\src\stm32l1xx_syscfg.c 0x00000000   Number         0  stm32l1xx_syscfg.o ABSOLUTE
    ..\..\BSP\ST\STM32L1xx\src\stm32l1xx_tim.c 0x00000000   Number         0  stm32l1xx_tim.o ABSOLUTE
    ..\..\BSP\ST\STM32L1xx\src\stm32l1xx_usart.c 0x00000000   Number         0  stm32l1xx_usart.o ABSOLUTE
    ..\..\BSP\ST\STM32L1xx\src\stm32l1xx_wwdg.c 0x00000000   Number         0  stm32l1xx_wwdg.o ABSOLUTE
    ..\..\BSP\bsp.c                          0x00000000   Number         0  bsp.o ABSOLUTE
    ..\..\BSP\bsp_int.c                      0x00000000   Number         0  bsp_int.o ABSOLUTE
    ..\..\BSP\bsp_periph.c                   0x00000000   Number         0  bsp_periph.o ABSOLUTE
    ..\\..\\BSP\\OS\\uCOS-III\\bsp_os.c      0x00000000   Number         0  bsp_os.o ABSOLUTE
    ..\\..\\BSP\\ST\\STM32L1xx\\src\\misc.c  0x00000000   Number         0  misc.o ABSOLUTE
    ..\\..\\BSP\\ST\\STM32L1xx\\src\\stm32l1xx_adc.c 0x00000000   Number         0  stm32l1xx_adc.o ABSOLUTE
    ..\\..\\BSP\\ST\\STM32L1xx\\src\\stm32l1xx_aes.c 0x00000000   Number         0  stm32l1xx_aes.o ABSOLUTE
    ..\\..\\BSP\\ST\\STM32L1xx\\src\\stm32l1xx_aes_util.c 0x00000000   Number         0  stm32l1xx_aes_util.o ABSOLUTE
    ..\\..\\BSP\\ST\\STM32L1xx\\src\\stm32l1xx_comp.c 0x00000000   Number         0  stm32l1xx_comp.o ABSOLUTE
    ..\\..\\BSP\\ST\\STM32L1xx\\src\\stm32l1xx_crc.c 0x00000000   Number         0  stm32l1xx_crc.o ABSOLUTE
    ..\\..\\BSP\\ST\\STM32L1xx\\src\\stm32l1xx_dac.c 0x00000000   Number         0  stm32l1xx_dac.o ABSOLUTE
    ..\\..\\BSP\\ST\\STM32L1xx\\src\\stm32l1xx_dbgmcu.c 0x00000000   Number         0  stm32l1xx_dbgmcu.o ABSOLUTE
    ..\\..\\BSP\\ST\\STM32L1xx\\src\\stm32l1xx_dma.c 0x00000000   Number         0  stm32l1xx_dma.o ABSOLUTE
    ..\\..\\BSP\\ST\\STM32L1xx\\src\\stm32l1xx_exti.c 0x00000000   Number         0  stm32l1xx_exti.o ABSOLUTE
    ..\\..\\BSP\\ST\\STM32L1xx\\src\\stm32l1xx_flash.c 0x00000000   Number         0  stm32l1xx_flash.o ABSOLUTE
    ..\\..\\BSP\\ST\\STM32L1xx\\src\\stm32l1xx_flash_ramfunc.c 0x00000000   Number         0  stm32l1xx_flash_ramfunc.o ABSOLUTE
    ..\\..\\BSP\\ST\\STM32L1xx\\src\\stm32l1xx_fsmc.c 0x00000000   Number         0  stm32l1xx_fsmc.o ABSOLUTE
    ..\\..\\BSP\\ST\\STM32L1xx\\src\\stm32l1xx_gpio.c 0x00000000   Number         0  stm32l1xx_gpio.o ABSOLUTE
    ..\\..\\BSP\\ST\\STM32L1xx\\src\\stm32l1xx_i2c.c 0x00000000   Number         0  stm32l1xx_i2c.o ABSOLUTE
    ..\\..\\BSP\\ST\\STM32L1xx\\src\\stm32l1xx_iwdg.c 0x00000000   Number         0  stm32l1xx_iwdg.o ABSOLUTE
    ..\\..\\BSP\\ST\\STM32L1xx\\src\\stm32l1xx_lcd.c 0x00000000   Number         0  stm32l1xx_lcd.o ABSOLUTE
    ..\\..\\BSP\\ST\\STM32L1xx\\src\\stm32l1xx_opamp.c 0x00000000   Number         0  stm32l1xx_opamp.o ABSOLUTE
    ..\\..\\BSP\\ST\\STM32L1xx\\src\\stm32l1xx_pwr.c 0x00000000   Number         0  stm32l1xx_pwr.o ABSOLUTE
    ..\\..\\BSP\\ST\\STM32L1xx\\src\\stm32l1xx_rcc.c 0x00000000   Number         0  stm32l1xx_rcc.o ABSOLUTE
    ..\\..\\BSP\\ST\\STM32L1xx\\src\\stm32l1xx_rtc.c 0x00000000   Number         0  stm32l1xx_rtc.o ABSOLUTE
    ..\\..\\BSP\\ST\\STM32L1xx\\src\\stm32l1xx_sdio.c 0x00000000   Number         0  stm32l1xx_sdio.o ABSOLUTE
    ..\\..\\BSP\\ST\\STM32L1xx\\src\\stm32l1xx_spi.c 0x00000000   Number         0  stm32l1xx_spi.o ABSOLUTE
    ..\\..\\BSP\\ST\\STM32L1xx\\src\\stm32l1xx_syscfg.c 0x00000000   Number         0  stm32l1xx_syscfg.o ABSOLUTE
    ..\\..\\BSP\\ST\\STM32L1xx\\src\\stm32l1xx_tim.c 0x00000000   Number         0  stm32l1xx_tim.o ABSOLUTE
    ..\\..\\BSP\\ST\\STM32L1xx\\src\\stm32l1xx_usart.c 0x00000000   Number         0  stm32l1xx_usart.o ABSOLUTE
    ..\\..\\BSP\\ST\\STM32L1xx\\src\\stm32l1xx_wwdg.c 0x00000000   Number         0  stm32l1xx_wwdg.o ABSOLUTE
    ..\\..\\BSP\\bsp.c                       0x00000000   Number         0  bsp.o ABSOLUTE
    ..\\..\\BSP\\bsp_int.c                   0x00000000   Number         0  bsp_int.o ABSOLUTE
    ..\\..\\BSP\\bsp_periph.c                0x00000000   Number         0  bsp_periph.o ABSOLUTE
    ..\\app.c                                0x00000000   Number         0  app.o ABSOLUTE
    ..\app.c                                 0x00000000   Number         0  app.o ABSOLUTE
    ..\os_app_hooks.c                        0x00000000   Number         0  os_app_hooks.o ABSOLUTE
    dc.s                                     0x00000000   Number         0  dc.o ABSOLUTE
    handlers.s                               0x00000000   Number         0  handlers.o ABSOLUTE
    init.s                                   0x00000000   Number         0  init.o ABSOLUTE
    RESET                                    0x08000000   Section      292  cstartup.o(RESET)
    .ARM.Collect$$$$00000000                 0x08000124   Section        0  entry.o(.ARM.Collect$$$$00000000)
    .ARM.Collect$$$$00000001                 0x08000124   Section        4  entry2.o(.ARM.Collect$$$$00000001)
    .ARM.Collect$$$$00000004                 0x08000128   Section        4  entry5.o(.ARM.Collect$$$$00000004)
    .ARM.Collect$$$$00000008                 0x0800012c   Section        0  entry7b.o(.ARM.Collect$$$$00000008)
    .ARM.Collect$$$$00000009                 0x0800012c   Section        8  entry8.o(.ARM.Collect$$$$00000009)
    .ARM.Collect$$$$00002712                 0x08000134   Section        4  entry2.o(.ARM.Collect$$$$00002712)
    __lit__00000000                          0x08000134   Data           4  entry2.o(.ARM.Collect$$$$00002712)
    .text                                    0x08000138   Section        0  app.o(.text)
    AppTaskCreate                            0x08000139   Thumb Code     2  app.o(.text)
    AppObjCreate                             0x0800013b   Thumb Code     2  app.o(.text)
    AppTaskStart                             0x0800013d   Thumb Code   222  app.o(.text)
    .text                                    0x08000298   Section        0  bsp.o(.text)
    BSP_BOTTOM_Init                          0x08000299   Thumb Code    38  bsp.o(.text)
    BSP_LED_Init                             0x080002bf   Thumb Code    44  bsp.o(.text)
    .text                                    0x080004fc   Section        0  bsp_int.o(.text)
    BSP_IntHandlerDummy                      0x08000595   Thumb Code     2  bsp_int.o(.text)
    BSP_IntHandler                           0x080005ad   Thumb Code    58  bsp_int.o(.text)
    .text                                    0x0800084c   Section        0  bsp_periph.o(.text)
    .text                                    0x08000b9c   Section       24  cstartup.o(.text)
    .text                                    0x08000bb4   Section        0  cpu_c.o(.text)
    .text                                    0x08001330   Section        0  cpu_core.o(.text)
    CPU_NameInit                             0x0800135b   Thumb Code     8  cpu_core.o(.text)
    CPU_TS_Init                              0x08001363   Thumb Code    14  cpu_core.o(.text)
    .text                                    0x08001640   Section       52  cpu_a.o(.text)
    .text                                    0x08001674   Section        0  lib_ascii.o(.text)
    .text                                    0x080018cc   Section        0  lib_math.o(.text)
    .text                                    0x0800194c   Section        0  lib_mem.o(.text)
    Mem_SegAlloc                             0x08001b83   Thumb Code    80  lib_mem.o(.text)
    Mem_SegCalcTotSize                       0x08001bd3   Thumb Code   164  lib_mem.o(.text)
    Mem_PoolBlkIsValidAddr                   0x08002509   Thumb Code   102  lib_mem.o(.text)
    .text                                    0x08002800   Section        0  lib_str.o(.text)
    Str_FmtNbr_Int32                         0x08002cb9   Thumb Code   474  lib_str.o(.text)
    Str_ParseNbr_Int32                       0x08002eff   Thumb Code   446  lib_str.o(.text)
    .text                                    0x08003128   Section      544  lib_mem_a.o(.text)
    .text                                    0x08003348   Section        0  os_cpu_c.o(.text)
    .text                                    0x080035b4   Section        0  os_cfg_app.o(.text)
    .text                                    0x080035b8   Section        0  os_core.o(.text)
    .text                                    0x08004370   Section        0  os_dbg.o(.text)
    .text                                    0x0800451c   Section        0  os_flag.o(.text)
    .text                                    0x08004c60   Section        0  os_mem.o(.text)
    .text                                    0x08004e5c   Section        0  os_msg.o(.text)
    .text                                    0x08005080   Section        0  os_mutex.o(.text)
    .text                                    0x0800555c   Section        0  os_prio.o(.text)
    .text                                    0x080055d8   Section        0  os_q.o(.text)
    .text                                    0x08005b0c   Section        0  os_sem.o(.text)
    .text                                    0x080060c0   Section        0  os_stat.o(.text)
    .text                                    0x0800666c   Section        0  os_task.o(.text)
    .text                                    0x080077f8   Section        0  os_tick.o(.text)
    .text                                    0x08007c90   Section        0  os_time.o(.text)
    .text                                    0x08007fa0   Section        0  os_tmr.o(.text)
    .text                                    0x080086e0   Section        0  misc.o(.text)
    .text                                    0x080087c4   Section        0  stm32l1xx_exti.o(.text)
    .text                                    0x080088dc   Section        0  stm32l1xx_flash.o(.text)
    .text                                    0x08008f90   Section        0  stm32l1xx_gpio.o(.text)
    .text                                    0x080091bc   Section        0  stm32l1xx_pwr.o(.text)
    .text                                    0x0800930c   Section        0  stm32l1xx_rcc.o(.text)
    .text                                    0x08009798   Section        0  stm32l1xx_syscfg.o(.text)
    .text                                    0x08009a80   Section        0  uldiv.o(.text)
    .text                                    0x08009ae2   Section        0  llushr.o(.text)
    .text                                    0x08009b02   Section        0  llshl.o(.text)
    .text                                    0x08009b20   Section       36  init.o(.text)
    CODE                                     0x08009b44   Section      132  os_cpu_a.o(CODE)
    i.__scatterload_copy                     0x08009bc8   Section       14  handlers.o(i.__scatterload_copy)
    i.__scatterload_null                     0x08009bd6   Section        2  handlers.o(i.__scatterload_null)
    i.__scatterload_zeroinit                 0x08009bd8   Section       14  handlers.o(i.__scatterload_zeroinit)
    .constdata                               0x08009be6   Section      256  cpu_core.o(.constdata)
    CPU_CntLeadZerosTbl                      0x08009be6   Data         256  cpu_core.o(.constdata)
    .constdata                               0x08009ce8   Section      148  lib_str.o(.constdata)
    Str_MultOvfThTbl_Int32U                  0x08009ce8   Data         148  lib_str.o(.constdata)
    .constdata                               0x08009d7c   Section      164  os_cfg_app.o(.constdata)
    .constdata                               0x08009e20   Section      364  os_dbg.o(.constdata)
    .data                                    0x20000000   Section        8  app.o(.data)
    AppSw                                    0x20000000   Data           1  app.o(.data)
    .data                                    0x20000008   Section        4  cpu_core.o(.data)
    .data                                    0x2000000c   Section        4  lib_math.o(.data)
    .data                                    0x20000010   Section        4  lib_mem.o(.data)
    .data                                    0x20000014   Section        4  os_cpu_c.o(.data)
    .data                                    0x20000018   Section        4  os_prio.o(.data)
    .data                                    0x2000001c   Section      180  os_var.o(.data)
    .data                                    0x200000d0   Section       25  stm32l1xx_rcc.o(.data)
    PLLMulTable                              0x200000d0   Data           9  stm32l1xx_rcc.o(.data)
    APBAHBPrescTable                         0x200000d9   Data          16  stm32l1xx_rcc.o(.data)
    .bss                                     0x200000ec   Section      708  app.o(.bss)
    AppTaskStartTCB                          0x200000ec   Data         196  app.o(.bss)
    AppTaskStartStk                          0x200001b0   Data         512  app.o(.bss)
    .bss                                     0x200003b0   Section      228  bsp_int.o(.bss)
    BSP_IntVectTbl                           0x200003b0   Data         228  bsp_int.o(.bss)
    .bss                                     0x20000494   Section       16  cpu_core.o(.bss)
    .bss                                     0x200004a4   Section     2120  lib_mem.o(.bss)
    .bss                                     0x20000cec   Section     4944  os_cfg_app.o(.bss)
    .bss                                     0x2000203c   Section      940  os_var.o(.bss)
    STACK                                    0x200023e8   Section      512  cstartup.o(STACK)

    Global Symbols

    Symbol Name                              Value     Ov Type        Size  Object(Section)

    BuildAttributes$$THM_ISAv4$P$D$K$B$S$PE$A:L22UL41UL21$X:L11$S22US41US21$IEEE1$IW$USESV6$~STKCKD$USESV7$~SHL$OSPACE$EBA8$MICROLIB$REQ8$PRES8$EABIv2 0x00000000   Number         0  anon$$obj.o ABSOLUTE
    __ARM_use_no_argv                        0x00000000   Number         0  app.o ABSOLUTE
    __decompress                              - Undefined Weak Reference
    _clock_init                               - Undefined Weak Reference
    __Vectors                                0x08000000   Data           4  cstartup.o(RESET)
    __main                                   0x08000125   Thumb Code     0  entry.o(.ARM.Collect$$$$00000000)
    _main_stk                                0x08000125   Thumb Code     0  entry2.o(.ARM.Collect$$$$00000001)
    _main_scatterload                        0x08000129   Thumb Code     0  entry5.o(.ARM.Collect$$$$00000004)
    __main_after_scatterload                 0x0800012d   Thumb Code     0  entry5.o(.ARM.Collect$$$$00000004)
    _main_clock                              0x0800012d   Thumb Code     0  entry7b.o(.ARM.Collect$$$$00000008)
    _main_init                               0x0800012d   Thumb Code     0  entry8.o(.ARM.Collect$$$$00000009)
    main                                     0x0800021b   Thumb Code    80  app.o(.text)
    BSP_Init                                 0x080002eb   Thumb Code   110  bsp.o(.text)
    BSP_CPU_ClkFreq                          0x08000359   Thumb Code    14  bsp.o(.text)
    BSP_LED_Off                              0x08000367   Thumb Code    58  bsp.o(.text)
    BSP_LED_On                               0x080003a1   Thumb Code    58  bsp.o(.text)
    BSP_LED_Toggle                           0x080003db   Thumb Code   122  bsp.o(.text)
    BSP_EXTI_Init                            0x08000455   Thumb Code    44  bsp.o(.text)
    CPU_TS_TmrInit                           0x08000481   Thumb Code    44  bsp.o(.text)
    CPU_TS_TmrRd                             0x080004ad   Thumb Code     6  bsp.o(.text)
    CPU_TS32_to_uSec                         0x080004b3   Thumb Code    54  bsp.o(.text)
    BSP_IntClr                               0x080004fd   Thumb Code     2  bsp_int.o(.text)
    BSP_IntDis                               0x080004ff   Thumb Code    20  bsp_int.o(.text)
    BSP_IntDisAll                            0x08000513   Thumb Code     8  bsp_int.o(.text)
    BSP_IntEn                                0x0800051b   Thumb Code    20  bsp_int.o(.text)
    BSP_IntVectSet                           0x0800052f   Thumb Code    48  bsp_int.o(.text)
    BSP_IntPrioSet                           0x0800055f   Thumb Code    54  bsp_int.o(.text)
    BSP_IntInit                              0x08000597   Thumb Code    22  bsp_int.o(.text)
    BSP_IntHandlerWWDG                       0x080005e7   Thumb Code    10  bsp_int.o(.text)
    BSP_IntHandlerPVD                        0x080005f1   Thumb Code    10  bsp_int.o(.text)
    BSP_IntHandlerTAMP_STAMP                 0x080005fb   Thumb Code    10  bsp_int.o(.text)
    BSP_IntHandlerRTC_WKUP                   0x08000605   Thumb Code    10  bsp_int.o(.text)
    BSP_IntHandlerFLASH                      0x0800060f   Thumb Code    10  bsp_int.o(.text)
    BSP_IntHandlerRCC                        0x08000619   Thumb Code    10  bsp_int.o(.text)
    BSP_IntHandlerEXTI0                      0x08000623   Thumb Code    10  bsp_int.o(.text)
    BSP_IntHandlerEXTI1                      0x0800062d   Thumb Code    10  bsp_int.o(.text)
    BSP_IntHandlerEXTI2                      0x08000637   Thumb Code    10  bsp_int.o(.text)
    BSP_IntHandlerEXTI3                      0x08000641   Thumb Code    10  bsp_int.o(.text)
    BSP_IntHandlerEXTI4                      0x0800064b   Thumb Code    10  bsp_int.o(.text)
    BSP_IntHandlerDMA1_CH1                   0x08000655   Thumb Code    10  bsp_int.o(.text)
    BSP_IntHandlerDMA1_CH2                   0x0800065f   Thumb Code    10  bsp_int.o(.text)
    BSP_IntHandlerDMA1_CH3                   0x08000669   Thumb Code    10  bsp_int.o(.text)
    BSP_IntHandlerDMA1_CH4                   0x08000673   Thumb Code    10  bsp_int.o(.text)
    BSP_IntHandlerDMA1_CH5                   0x0800067d   Thumb Code    10  bsp_int.o(.text)
    BSP_IntHandlerDMA1_CH6                   0x08000687   Thumb Code    10  bsp_int.o(.text)
    BSP_IntHandlerDMA1_CH7                   0x08000691   Thumb Code    10  bsp_int.o(.text)
    BSP_IntHandlerADC1                       0x0800069b   Thumb Code    10  bsp_int.o(.text)
    BSP_IntHandlerUSB_HP                     0x080006a5   Thumb Code    10  bsp_int.o(.text)
    BSP_IntHandlerUSB_LP                     0x080006af   Thumb Code    10  bsp_int.o(.text)
    BSP_IntHandlerDAC                        0x080006b9   Thumb Code    10  bsp_int.o(.text)
    BSP_IntHandlerCOMP                       0x080006c3   Thumb Code    10  bsp_int.o(.text)
    BSP_IntHandlerEXTI9_5                    0x080006cd   Thumb Code    10  bsp_int.o(.text)
    BSP_IntHandlerLCD                        0x080006d7   Thumb Code    10  bsp_int.o(.text)
    BSP_IntHandlerTIM9                       0x080006e1   Thumb Code    10  bsp_int.o(.text)
    BSP_IntHandlerTIM10                      0x080006eb   Thumb Code    10  bsp_int.o(.text)
    BSP_IntHandlerTIM11                      0x080006f5   Thumb Code    10  bsp_int.o(.text)
    BSP_IntHandlerTIM2                       0x080006ff   Thumb Code    10  bsp_int.o(.text)
    BSP_IntHandlerTIM3                       0x08000709   Thumb Code    10  bsp_int.o(.text)
    BSP_IntHandlerTIM4                       0x08000713   Thumb Code    10  bsp_int.o(.text)
    BSP_IntHandlerI2C1_EV                    0x0800071d   Thumb Code    10  bsp_int.o(.text)
    BSP_IntHandlerI2C1_ER                    0x08000727   Thumb Code    10  bsp_int.o(.text)
    BSP_IntHandlerI2C2_EV                    0x08000731   Thumb Code    10  bsp_int.o(.text)
    BSP_IntHandlerI2C2_ER                    0x0800073b   Thumb Code    10  bsp_int.o(.text)
    BSP_IntHandlerSPI1                       0x08000745   Thumb Code    10  bsp_int.o(.text)
    BSP_IntHandlerSPI2                       0x0800074f   Thumb Code    10  bsp_int.o(.text)
    BSP_IntHandlerUSART1                     0x08000759   Thumb Code    10  bsp_int.o(.text)
    BSP_IntHandlerUSART2                     0x08000763   Thumb Code    10  bsp_int.o(.text)
    BSP_IntHandlerUSART3                     0x0800076d   Thumb Code    10  bsp_int.o(.text)
    BSP_IntHandlerEXTI15_10                  0x08000777   Thumb Code    10  bsp_int.o(.text)
    BSP_IntHandlerRTCAlarm                   0x08000781   Thumb Code    10  bsp_int.o(.text)
    BSP_IntHandlerUSB_FS_WKUP                0x0800078b   Thumb Code    10  bsp_int.o(.text)
    BSP_IntHandlerTIM6                       0x08000795   Thumb Code    10  bsp_int.o(.text)
    BSP_IntHandlerTIM7                       0x0800079f   Thumb Code    10  bsp_int.o(.text)
    BSP_IntHandlerSDIO                       0x080007a9   Thumb Code    10  bsp_int.o(.text)
    BSP_IntHandlerTIM5                       0x080007b3   Thumb Code    10  bsp_int.o(.text)
    BSP_IntHandlerSPI3                       0x080007bd   Thumb Code    10  bsp_int.o(.text)
    BSP_IntHandlerUART4                      0x080007c7   Thumb Code    10  bsp_int.o(.text)
    BSP_IntHandlerUART5                      0x080007d1   Thumb Code    10  bsp_int.o(.text)
    BSP_IntHandlerDMA2_CH1                   0x080007db   Thumb Code    10  bsp_int.o(.text)
    BSP_IntHandlerDMA2_CH2                   0x080007e5   Thumb Code    10  bsp_int.o(.text)
    BSP_IntHandlerDMA2_CH3                   0x080007ef   Thumb Code    10  bsp_int.o(.text)
    BSP_IntHandlerDMA2_CH4                   0x080007f9   Thumb Code    10  bsp_int.o(.text)
    BSP_IntHandlerDMA2_CH5                   0x08000803   Thumb Code    10  bsp_int.o(.text)
    BSP_IntHandlerAES                        0x0800080d   Thumb Code    10  bsp_int.o(.text)
    BSP_IntHandlerCOMP_ACQ                   0x08000817   Thumb Code    10  bsp_int.o(.text)
    BSP_IntHandler_EXTI0_PA0                 0x08000821   Thumb Code    32  bsp_int.o(.text)
    BSP_PeriphClkFreqGet                     0x0800084d   Thumb Code   284  bsp_periph.o(.text)
    BSP_PeriphEn                             0x08000969   Thumb Code   280  bsp_periph.o(.text)
    BSP_PeriphDis                            0x08000a81   Thumb Code   280  bsp_periph.o(.text)
    Reset_Handler                            0x08000b9d   Thumb Code     4  cstartup.o(.text)
    App_NMI_ISR                              0x08000ba1   Thumb Code     2  cstartup.o(.text)
    App_Fault_ISR                            0x08000ba3   Thumb Code     2  cstartup.o(.text)
    App_MemFault_ISR                         0x08000ba5   Thumb Code     2  cstartup.o(.text)
    App_BusFault_ISR                         0x08000ba7   Thumb Code     2  cstartup.o(.text)
    App_UsageFault_ISR                       0x08000ba9   Thumb Code     2  cstartup.o(.text)
    App_Spurious_ISR                         0x08000bab   Thumb Code     2  cstartup.o(.text)
    App_Reserved_ISR                         0x08000bad   Thumb Code     2  cstartup.o(.text)
    CPU_BitBandClr                           0x08000bb5   Thumb Code    58  cpu_c.o(.text)
    CPU_BitBandSet                           0x08000bef   Thumb Code    58  cpu_c.o(.text)
    CPU_IntSrcDis                            0x08000c29   Thumb Code   330  cpu_c.o(.text)
    CPU_IntSrcEn                             0x08000d73   Thumb Code   330  cpu_c.o(.text)
    CPU_IntSrcPendClr                        0x08000ebd   Thumb Code   166  cpu_c.o(.text)
    CPU_IntSrcPrioSet                        0x08000f63   Thumb Code   514  cpu_c.o(.text)
    CPU_IntSrcPrioGet                        0x08001165   Thumb Code   446  cpu_c.o(.text)
    CPU_NameClr                              0x08001331   Thumb Code    42  cpu_core.o(.text)
    CPU_Init                                 0x08001371   Thumb Code    12  cpu_core.o(.text)
    CPU_SW_Exception                         0x0800137d   Thumb Code     4  cpu_core.o(.text)
    CPU_NameGet                              0x08001381   Thumb Code    70  cpu_core.o(.text)
    CPU_NameSet                              0x080013c7   Thumb Code    96  cpu_core.o(.text)
    CPU_TS_Get32                             0x08001427   Thumb Code    12  cpu_core.o(.text)
    CPU_TS_Update                            0x08001433   Thumb Code     2  cpu_core.o(.text)
    CPU_TS_TmrFreqGet                        0x08001435   Thumb Code    28  cpu_core.o(.text)
    CPU_TS_TmrFreqSet                        0x08001451   Thumb Code     6  cpu_core.o(.text)
    CPU_CntLeadZeros08                       0x08001457   Thumb Code    18  cpu_core.o(.text)
    CPU_CntLeadZeros16                       0x08001469   Thumb Code    18  cpu_core.o(.text)
    CPU_CntLeadZeros32                       0x0800147b   Thumb Code    18  cpu_core.o(.text)
    CPU_CntLeadZeros64                       0x0800148d   Thumb Code   290  cpu_core.o(.text)
    CPU_CntTrailZeros08                      0x080015af   Thumb Code    22  cpu_core.o(.text)
    CPU_CntTrailZeros16                      0x080015c5   Thumb Code    22  cpu_core.o(.text)
    CPU_CntTrailZeros32                      0x080015db   Thumb Code    22  cpu_core.o(.text)
    CPU_CntTrailZeros64                      0x080015f1   Thumb Code    66  cpu_core.o(.text)
    CPU_IntDis                               0x08001641   Thumb Code     0  cpu_a.o(.text)
    CPU_IntEn                                0x08001645   Thumb Code     0  cpu_a.o(.text)
    CPU_SR_Save                              0x08001649   Thumb Code     0  cpu_a.o(.text)
    CPU_SR_Restore                           0x08001651   Thumb Code     0  cpu_a.o(.text)
    CPU_WaitForInt                           0x08001657   Thumb Code     0  cpu_a.o(.text)
    CPU_WaitForExcept                        0x0800165b   Thumb Code     0  cpu_a.o(.text)
    CPU_CntLeadZeros                         0x0800165f   Thumb Code     0  cpu_a.o(.text)
    CPU_CntTrailZeros                        0x08001665   Thumb Code     0  cpu_a.o(.text)
    CPU_RevBits                              0x0800166f   Thumb Code     0  cpu_a.o(.text)
    ASCII_IsAlpha                            0x08001675   Thumb Code    48  lib_ascii.o(.text)
    ASCII_IsAlphaNum                         0x080016a5   Thumb Code    76  lib_ascii.o(.text)
    ASCII_IsLower                            0x080016f1   Thumb Code    20  lib_ascii.o(.text)
    ASCII_IsUpper                            0x08001705   Thumb Code    20  lib_ascii.o(.text)
    ASCII_IsDig                              0x08001719   Thumb Code    20  lib_ascii.o(.text)
    ASCII_IsDigOct                           0x0800172d   Thumb Code    20  lib_ascii.o(.text)
    ASCII_IsDigHex                           0x08001741   Thumb Code    36  lib_ascii.o(.text)
    ASCII_IsBlank                            0x08001765   Thumb Code    20  lib_ascii.o(.text)
    ASCII_IsSpace                            0x08001779   Thumb Code    36  lib_ascii.o(.text)
    ASCII_IsPrint                            0x0800179d   Thumb Code    20  lib_ascii.o(.text)
    ASCII_IsGraph                            0x080017b1   Thumb Code    20  lib_ascii.o(.text)
    ASCII_IsPunct                            0x080017c5   Thumb Code   134  lib_ascii.o(.text)
    ASCII_IsCtrl                             0x0800184b   Thumb Code    26  lib_ascii.o(.text)
    ASCII_ToLower                            0x08001865   Thumb Code    32  lib_ascii.o(.text)
    ASCII_ToUpper                            0x08001885   Thumb Code    32  lib_ascii.o(.text)
    ASCII_Cmp                                0x080018a5   Thumb Code    38  lib_ascii.o(.text)
    Math_RandSetSeed                         0x080018cd   Thumb Code    40  lib_math.o(.text)
    Math_Init                                0x080018f5   Thumb Code    10  lib_math.o(.text)
    Math_RandSeed                            0x080018ff   Thumb Code    18  lib_math.o(.text)
    Math_Rand                                0x08001911   Thumb Code    52  lib_math.o(.text)
    Mem_Init                                 0x0800194d   Thumb Code    54  lib_mem.o(.text)
    Mem_Set                                  0x08001983   Thumb Code    98  lib_mem.o(.text)
    Mem_Clr                                  0x080019e5   Thumb Code    18  lib_mem.o(.text)
    Mem_Move                                 0x080019f7   Thumb Code   204  lib_mem.o(.text)
    Mem_Cmp                                  0x08001ac3   Thumb Code   192  lib_mem.o(.text)
    Mem_HeapAlloc                            0x08001c77   Thumb Code   256  lib_mem.o(.text)
    Mem_SegGetSizeRem                        0x08001d77   Thumb Code   198  lib_mem.o(.text)
    Mem_HeapGetSizeRem                       0x08001e3d   Thumb Code    22  lib_mem.o(.text)
    Mem_PoolClr                              0x08001e53   Thumb Code    78  lib_mem.o(.text)
    Mem_PoolCreate                           0x08001ea1   Thumb Code  1076  lib_mem.o(.text)
    Mem_PoolBlkGetNbrAvail                   0x080022d5   Thumb Code   128  lib_mem.o(.text)
    Mem_PoolBlkGet                           0x08002355   Thumb Code   224  lib_mem.o(.text)
    Mem_PoolBlkGetUsedAtIx                   0x08002435   Thumb Code   212  lib_mem.o(.text)
    Mem_PoolBlkFree                          0x0800256f   Thumb Code   338  lib_mem.o(.text)
    Mem_PoolBlkIxGet                         0x080026c1   Thumb Code   314  lib_mem.o(.text)
    Str_Len_N                                0x08002801   Thumb Code    28  lib_str.o(.text)
    Str_Len                                  0x0800281d   Thumb Code    20  lib_str.o(.text)
    Str_Copy_N                               0x08002831   Thumb Code    70  lib_str.o(.text)
    Str_Copy                                 0x08002877   Thumb Code    24  lib_str.o(.text)
    Str_Cat_N                                0x0800288f   Thumb Code    90  lib_str.o(.text)
    Str_Cat                                  0x080028e9   Thumb Code    24  lib_str.o(.text)
    Str_Cmp_N                                0x08002901   Thumb Code   156  lib_str.o(.text)
    Str_Cmp                                  0x0800299d   Thumb Code    24  lib_str.o(.text)
    Str_CmpIgnoreCase_N                      0x080029b5   Thumb Code   264  lib_str.o(.text)
    Str_CmpIgnoreCase                        0x08002abd   Thumb Code    24  lib_str.o(.text)
    Str_Char_N                               0x08002ad5   Thumb Code    74  lib_str.o(.text)
    Str_Char                                 0x08002b1f   Thumb Code    24  lib_str.o(.text)
    Str_Char_Last_N                          0x08002b37   Thumb Code    76  lib_str.o(.text)
    Str_Char_Last                            0x08002b83   Thumb Code    24  lib_str.o(.text)
    Str_Char_Replace_N                       0x08002b9b   Thumb Code    52  lib_str.o(.text)
    Str_Char_Replace                         0x08002bcf   Thumb Code    28  lib_str.o(.text)
    Str_Str_N                                0x08002beb   Thumb Code   182  lib_str.o(.text)
    Str_Str                                  0x08002ca1   Thumb Code    24  lib_str.o(.text)
    Str_FmtNbr_Int32U                        0x08002e93   Thumb Code    46  lib_str.o(.text)
    Str_FmtNbr_Int32S                        0x08002ec1   Thumb Code    62  lib_str.o(.text)
    Str_ParseNbr_Int32U                      0x080030bd   Thumb Code    30  lib_str.o(.text)
    Str_ParseNbr_Int32S                      0x080030db   Thumb Code    74  lib_str.o(.text)
    Mem_Copy                                 0x08003129   Thumb Code     0  lib_mem_a.o(.text)
    OSIdleTaskHook                           0x08003349   Thumb Code    16  os_cpu_c.o(.text)
    OSInitHook                               0x08003359   Thumb Code    42  os_cpu_c.o(.text)
    OSStatTaskHook                           0x08003383   Thumb Code    16  os_cpu_c.o(.text)
    OSTaskCreateHook                         0x08003393   Thumb Code    20  os_cpu_c.o(.text)
    OSTaskDelHook                            0x080033a7   Thumb Code    20  os_cpu_c.o(.text)
    OSTaskReturnHook                         0x080033bb   Thumb Code    20  os_cpu_c.o(.text)
    OSTaskStkInit                            0x080033cf   Thumb Code   188  os_cpu_c.o(.text)
    OSTaskSwHook                             0x0800348b   Thumb Code   120  os_cpu_c.o(.text)
    OSTimeTickHook                           0x08003503   Thumb Code    16  os_cpu_c.o(.text)
    OS_CPU_SysTickHandler                    0x08003513   Thumb Code    52  os_cpu_c.o(.text)
    OS_CPU_SysTickInit                       0x08003547   Thumb Code    44  os_cpu_c.o(.text)
    OSCfg_Init                               0x080035b5   Thumb Code     2  os_cfg_app.o(.text)
    OS_IdleTask                              0x080035b9   Thumb Code    60  os_core.o(.text)
    OS_IdleTaskInit                          0x080035f5   Thumb Code    68  os_core.o(.text)
    OS_RdyListInit                           0x08003639   Thumb Code    32  os_core.o(.text)
    OSInit                                   0x08003659   Thumb Code   288  os_core.o(.text)
    OSIntEnter                               0x08003779   Thumb Code    34  os_core.o(.text)
    OSIntExit                                0x0800379b   Thumb Code   192  os_core.o(.text)
    OSSched                                  0x0800385b   Thumb Code   134  os_core.o(.text)
    OS_SchedLockTimeMeasStart                0x080038e1   Thumb Code    20  os_core.o(.text)
    OSSchedLock                              0x080038f5   Thumb Code   104  os_core.o(.text)
    OS_SchedLockTimeMeasStop                 0x0800395d   Thumb Code    44  os_core.o(.text)
    OSSchedUnlock                            0x08003989   Thumb Code   290  os_core.o(.text)
    OSSchedRoundRobinCfg                     0x08003aab   Thumb Code    88  os_core.o(.text)
    OS_RdyListMoveHeadToTail                 0x08003b03   Thumb Code    68  os_core.o(.text)
    OSSchedRoundRobinYield                   0x08003b47   Thumb Code   164  os_core.o(.text)
    OSStart                                  0x08003beb   Thumb Code    78  os_core.o(.text)
    OSVersion                                0x08003c39   Thumb Code    12  os_core.o(.text)
    OS_PendDbgNameAdd                        0x08003c45   Thumb Code    66  os_core.o(.text)
    OS_PendListInsertPrio                    0x08003c87   Thumb Code   102  os_core.o(.text)
    OS_PendDataInit                          0x08003ced   Thumb Code    38  os_core.o(.text)
    OS_RdyListRemove                         0x08003d13   Thumb Code    86  os_core.o(.text)
    OS_TaskBlock                             0x08003d69   Thumb Code    56  os_core.o(.text)
    OS_Pend                                  0x08003da1   Thumb Code    98  os_core.o(.text)
    OS_PendListRemove1                       0x08003e03   Thumb Code   136  os_core.o(.text)
    OS_PendListRemove                        0x08003e8b   Thumb Code    48  os_core.o(.text)
    OS_PendAbort1                            0x08003ebb   Thumb Code    36  os_core.o(.text)
    OS_RdyListInsertHead                     0x08003edf   Thumb Code    58  os_core.o(.text)
    OS_RdyListInsertTail                     0x08003f19   Thumb Code    56  os_core.o(.text)
    OS_RdyListInsert                         0x08003f51   Thumb Code    40  os_core.o(.text)
    OS_TaskRdy                               0x08003f79   Thumb Code    28  os_core.o(.text)
    OS_PendAbort                             0x08003f95   Thumb Code   178  os_core.o(.text)
    OS_PendDbgNameRemove                     0x08004047   Thumb Code    34  os_core.o(.text)
    OS_PendListChangePrio                    0x08004069   Thumb Code    70  os_core.o(.text)
    OS_PendListInit                          0x080040af   Thumb Code    10  os_core.o(.text)
    OS_PendListInsertHead                    0x080040b9   Thumb Code    32  os_core.o(.text)
    OS_PendObjDel1                           0x080040d9   Thumb Code    36  os_core.o(.text)
    OS_PendObjDel                            0x080040fd   Thumb Code   174  os_core.o(.text)
    OS_Post1                                 0x080041ab   Thumb Code    42  os_core.o(.text)
    OS_Post                                  0x080041d5   Thumb Code   198  os_core.o(.text)
    OS_SchedRoundRobin                       0x0800429b   Thumb Code   202  os_core.o(.text)
    OS_Dbg_Init                              0x08004371   Thumb Code   148  os_dbg.o(.text)
    OS_FlagDbgListAdd                        0x0800451d   Thumb Code    38  os_flag.o(.text)
    OSFlagCreate                             0x08004543   Thumb Code   116  os_flag.o(.text)
    OS_FlagBlock                             0x080045b7   Thumb Code    58  os_flag.o(.text)
    OSFlagPend                               0x080045f1   Thumb Code   906  os_flag.o(.text)
    OSFlagPendGetFlagsRdy                    0x0800497b   Thumb Code    68  os_flag.o(.text)
    OS_FlagTaskRdy                           0x080049bf   Thumb Code    92  os_flag.o(.text)
    OS_FlagPost                              0x08004a1b   Thumb Code   352  os_flag.o(.text)
    OSFlagPost                               0x08004b7b   Thumb Code   112  os_flag.o(.text)
    OS_FlagClr                               0x08004beb   Thumb Code    28  os_flag.o(.text)
    OS_FlagInit                              0x08004c07   Thumb Code    14  os_flag.o(.text)
    OS_FlagDbgListRemove                     0x08004c15   Thumb Code    44  os_flag.o(.text)
    OS_MemDbgListAdd                         0x08004c61   Thumb Code    34  os_mem.o(.text)
    OSMemCreate                              0x08004c83   Thumb Code   232  os_mem.o(.text)
    OSMemGet                                 0x08004d6b   Thumb Code   100  os_mem.o(.text)
    OSMemPut                                 0x08004dcf   Thumb Code   112  os_mem.o(.text)
    OS_MemInit                               0x08004e3f   Thumb Code    14  os_mem.o(.text)
    OS_MsgPoolInit                           0x08004e5d   Thumb Code   110  os_msg.o(.text)
    OS_MsgQFreeAll                           0x08004ecb   Thumb Code    62  os_msg.o(.text)
    OS_MsgQInit                              0x08004f09   Thumb Code    14  os_msg.o(.text)
    OS_MsgQGet                               0x08004f17   Thumb Code    98  os_msg.o(.text)
    OS_MsgQPut                               0x08004f79   Thumb Code   250  os_msg.o(.text)
    OS_MutexDbgListAdd                       0x08005081   Thumb Code    38  os_mutex.o(.text)
    OSMutexCreate                            0x080050a7   Thumb Code   122  os_mutex.o(.text)
    OSMutexPend                              0x08005121   Thumb Code   574  os_mutex.o(.text)
    OSMutexPost                              0x0800535f   Thumb Code   390  os_mutex.o(.text)
    OS_MutexClr                              0x080054e5   Thumb Code    38  os_mutex.o(.text)
    OS_MutexDbgListRemove                    0x0800550b   Thumb Code    44  os_mutex.o(.text)
    OS_MutexInit                             0x08005537   Thumb Code    14  os_mutex.o(.text)
    OS_PrioInit                              0x0800555d   Thumb Code    20  os_prio.o(.text)
    OS_PrioGetHighest                        0x08005571   Thumb Code    36  os_prio.o(.text)
    OS_PrioInsert                            0x08005595   Thumb Code    32  os_prio.o(.text)
    OS_PrioRemove                            0x080055b5   Thumb Code    32  os_prio.o(.text)
    OS_QDbgListAdd                           0x080055d9   Thumb Code    38  os_q.o(.text)
    OSQCreate                                0x080055ff   Thumb Code   130  os_q.o(.text)
    OSQPend                                  0x08005681   Thumb Code   446  os_q.o(.text)
    OSQPendAbort                             0x0800583f   Thumb Code   236  os_q.o(.text)
    OS_QPost                                 0x0800592b   Thumb Code   220  os_q.o(.text)
    OSQPost                                  0x08005a07   Thumb Code   144  os_q.o(.text)
    OS_QClr                                  0x08005a97   Thumb Code    40  os_q.o(.text)
    OS_QDbgListRemove                        0x08005abf   Thumb Code    44  os_q.o(.text)
    OS_QInit                                 0x08005aeb   Thumb Code    14  os_q.o(.text)
    OS_SemDbgListAdd                         0x08005b0d   Thumb Code    38  os_sem.o(.text)
    OSSemCreate                              0x08005b33   Thumb Code   116  os_sem.o(.text)
    OSSemPend                                0x08005ba7   Thumb Code   406  os_sem.o(.text)
    OSSemPendAbort                           0x08005d3d   Thumb Code   236  os_sem.o(.text)
    OS_SemPost                               0x08005e29   Thumb Code   322  os_sem.o(.text)
    OSSemPost                                0x08005f6b   Thumb Code   108  os_sem.o(.text)
    OSSemSet                                 0x08005fd7   Thumb Code   120  os_sem.o(.text)
    OS_SemClr                                0x0800604f   Thumb Code    28  os_sem.o(.text)
    OS_SemDbgListRemove                      0x0800606b   Thumb Code    44  os_sem.o(.text)
    OS_SemInit                               0x08006097   Thumb Code    14  os_sem.o(.text)
    OSStatReset                              0x080060c1   Thumb Code   268  os_stat.o(.text)
    OSStatTaskCPUUsageInit                   0x080061cd   Thumb Code   212  os_stat.o(.text)
    OS_StatTask                              0x080062a1   Thumb Code   766  os_stat.o(.text)
    OS_StatTaskInit                          0x0800659f   Thumb Code   138  os_stat.o(.text)
    OSTaskChangePrio                         0x0800666d   Thumb Code   274  os_task.o(.text)
    OS_TaskDbgListAdd                        0x0800677f   Thumb Code    42  os_task.o(.text)
    OS_TaskInitTCB                           0x080067a9   Thumb Code   198  os_task.o(.text)
    OSTaskCreate                             0x0800686f   Thumb Code   410  os_task.o(.text)
    OSTaskQFlush                             0x08006a09   Thumb Code   156  os_task.o(.text)
    OSTaskQPend                              0x08006aa5   Thumb Code   458  os_task.o(.text)
    OS_TaskQPost                             0x08006c6f   Thumb Code   220  os_task.o(.text)
    OSTaskQPost                              0x08006d4b   Thumb Code    82  os_task.o(.text)
    OSTaskRegGet                             0x08006d9d   Thumb Code    78  os_task.o(.text)
    OSTaskRegGetID                           0x08006deb   Thumb Code    84  os_task.o(.text)
    OSTaskRegSet                             0x08006e3f   Thumb Code    78  os_task.o(.text)
    OS_TaskResume                            0x08006e8d   Thumb Code   274  os_task.o(.text)
    OSTaskResume                             0x08006f9f   Thumb Code    96  os_task.o(.text)
    OSTaskSemPend                            0x08006fff   Thumb Code   464  os_task.o(.text)
    OSTaskSemPendAbort                       0x080071cf   Thumb Code   214  os_task.o(.text)
    OS_TaskSemPost                           0x080072a5   Thumb Code   460  os_task.o(.text)
    OSTaskSemPost                            0x08007471   Thumb Code    62  os_task.o(.text)
    OSTaskSemSet                             0x080074af   Thumb Code    80  os_task.o(.text)
    OSTaskStkChk                             0x080074ff   Thumb Code   202  os_task.o(.text)
    OS_TaskSuspend                           0x080075c9   Thumb Code   272  os_task.o(.text)
    OSTaskSuspend                            0x080076d9   Thumb Code    48  os_task.o(.text)
    OSTaskTimeQuantaSet                      0x08007709   Thumb Code    96  os_task.o(.text)
    OS_TaskDbgListRemove                     0x08007769   Thumb Code    64  os_task.o(.text)
    OS_TaskInit                              0x080077a9   Thumb Code    18  os_task.o(.text)
    OS_TaskReturn                            0x080077bb   Thumb Code    26  os_task.o(.text)
    OS_TickListRemove                        0x080077f9   Thumb Code    56  os_tick.o(.text)
    OS_TickListUpdate                        0x08007831   Thumb Code   388  os_tick.o(.text)
    OS_TickTask                              0x080079b5   Thumb Code    38  os_tick.o(.text)
    OS_TickListInit                          0x080079db   Thumb Code    32  os_tick.o(.text)
    OS_TickTaskInit                          0x080079fb   Thumb Code   130  os_tick.o(.text)
    OS_TickListInsert                        0x08007a7d   Thumb Code   496  os_tick.o(.text)
    OS_TickListResetPeak                     0x08007c6d   Thumb Code    28  os_tick.o(.text)
    OSTimeDly                                0x08007c91   Thumb Code   182  os_time.o(.text)
    OSTimeDlyHMSM                            0x08007d47   Thumb Code   396  os_time.o(.text)
    OSTimeGet                                0x08007ed3   Thumb Code    46  os_time.o(.text)
    OSTimeSet                                0x08007f01   Thumb Code    46  os_time.o(.text)
    OSTimeTick                               0x08007f2f   Thumb Code    68  os_time.o(.text)
    OS_TmrDbgListAdd                         0x08007fa1   Thumb Code    34  os_tmr.o(.text)
    OSTmrCreate                              0x08007fc3   Thumb Code   192  os_tmr.o(.text)
    OSTmrRemainGet                           0x08008083   Thumb Code   188  os_tmr.o(.text)
    OS_TmrLink                               0x0800813f   Thumb Code   196  os_tmr.o(.text)
    OS_TmrUnlink                             0x08008203   Thumb Code    72  os_tmr.o(.text)
    OSTmrStart                               0x0800824b   Thumb Code   170  os_tmr.o(.text)
    OSTmrStateGet                            0x080082f5   Thumb Code   134  os_tmr.o(.text)
    OSTmrStop                                0x0800837b   Thumb Code   276  os_tmr.o(.text)
    OS_TmrClr                                0x0800848f   Thumb Code    36  os_tmr.o(.text)
    OS_TmrDbgListRemove                      0x080084b3   Thumb Code    44  os_tmr.o(.text)
    OS_TmrTask                               0x080084df   Thumb Code   176  os_tmr.o(.text)
    OS_TmrInit                               0x0800858f   Thumb Code   208  os_tmr.o(.text)
    OS_TmrResetPeak                          0x0800865f   Thumb Code    28  os_tmr.o(.text)
    NVIC_PriorityGroupConfig                 0x080086e1   Thumb Code    10  misc.o(.text)
    NVIC_Init                                0x080086eb   Thumb Code   108  misc.o(.text)
    NVIC_SetVectorTable                      0x08008757   Thumb Code    14  misc.o(.text)
    NVIC_SystemLPConfig                      0x08008765   Thumb Code    34  misc.o(.text)
    SysTick_CLKSourceConfig                  0x08008787   Thumb Code    40  misc.o(.text)
    EXTI_DeInit                              0x080087c5   Thumb Code    30  stm32l1xx_exti.o(.text)
    EXTI_Init                                0x080087e3   Thumb Code   142  stm32l1xx_exti.o(.text)
    EXTI_StructInit                          0x08008871   Thumb Code    16  stm32l1xx_exti.o(.text)
    EXTI_GenerateSWInterrupt                 0x08008881   Thumb Code    16  stm32l1xx_exti.o(.text)
    EXTI_GetFlagStatus                       0x08008891   Thumb Code    22  stm32l1xx_exti.o(.text)
    EXTI_ClearFlag                           0x080088a7   Thumb Code     8  stm32l1xx_exti.o(.text)
    EXTI_GetITStatus                         0x080088af   Thumb Code    34  stm32l1xx_exti.o(.text)
    EXTI_ClearITPendingBit                   0x080088d1   Thumb Code     8  stm32l1xx_exti.o(.text)
    FLASH_SetLatency                         0x080088dd   Thumb Code    18  stm32l1xx_flash.o(.text)
    FLASH_PrefetchBufferCmd                  0x080088ef   Thumb Code    30  stm32l1xx_flash.o(.text)
    FLASH_ReadAccess64Cmd                    0x0800890d   Thumb Code    30  stm32l1xx_flash.o(.text)
    FLASH_SLEEPPowerDownCmd                  0x0800892b   Thumb Code    30  stm32l1xx_flash.o(.text)
    DATA_EEPROM_Unlock                       0x08008949   Thumb Code    26  stm32l1xx_flash.o(.text)
    FLASH_Unlock                             0x08008963   Thumb Code    32  stm32l1xx_flash.o(.text)
    FLASH_Lock                               0x08008983   Thumb Code    18  stm32l1xx_flash.o(.text)
    FLASH_GetStatus                          0x08008995   Thumb Code    56  stm32l1xx_flash.o(.text)
    FLASH_WaitForLastOperation               0x080089cd   Thumb Code    38  stm32l1xx_flash.o(.text)
    FLASH_ErasePage                          0x080089f3   Thumb Code    86  stm32l1xx_flash.o(.text)
    FLASH_FastProgramWord                    0x08008a49   Thumb Code    34  stm32l1xx_flash.o(.text)
    DATA_EEPROM_Lock                         0x08008a6b   Thumb Code    18  stm32l1xx_flash.o(.text)
    DATA_EEPROM_FixedTimeProgramCmd          0x08008a7d   Thumb Code    38  stm32l1xx_flash.o(.text)
    DATA_EEPROM_EraseByte                    0x08008aa3   Thumb Code    26  stm32l1xx_flash.o(.text)
    DATA_EEPROM_EraseHalfWord                0x08008abd   Thumb Code    26  stm32l1xx_flash.o(.text)
    DATA_EEPROM_EraseWord                    0x08008ad7   Thumb Code    26  stm32l1xx_flash.o(.text)
    DATA_EEPROM_FastProgramByte              0x08008af1   Thumb Code    50  stm32l1xx_flash.o(.text)
    DATA_EEPROM_FastProgramHalfWord          0x08008b23   Thumb Code    50  stm32l1xx_flash.o(.text)
    DATA_EEPROM_FastProgramWord              0x08008b55   Thumb Code    50  stm32l1xx_flash.o(.text)
    DATA_EEPROM_ProgramByte                  0x08008b87   Thumb Code    34  stm32l1xx_flash.o(.text)
    DATA_EEPROM_ProgramHalfWord              0x08008ba9   Thumb Code    34  stm32l1xx_flash.o(.text)
    DATA_EEPROM_ProgramWord                  0x08008bcb   Thumb Code    34  stm32l1xx_flash.o(.text)
    FLASH_OB_Unlock                          0x08008bed   Thumb Code    32  stm32l1xx_flash.o(.text)
    FLASH_OB_Lock                            0x08008c0d   Thumb Code    18  stm32l1xx_flash.o(.text)
    FLASH_OB_Launch                          0x08008c1f   Thumb Code    18  stm32l1xx_flash.o(.text)
    FLASH_OB_WRPConfig                       0x08008c31   Thumb Code   176  stm32l1xx_flash.o(.text)
    FLASH_OB_WRP1Config                      0x08008ce1   Thumb Code   142  stm32l1xx_flash.o(.text)
    FLASH_OB_WRP2Config                      0x08008d6f   Thumb Code   142  stm32l1xx_flash.o(.text)
    FLASH_OB_RDPConfig                       0x08008dfd   Thumb Code    48  stm32l1xx_flash.o(.text)
    FLASH_OB_UserConfig                      0x08008e2d   Thumb Code    92  stm32l1xx_flash.o(.text)
    FLASH_OB_BORConfig                       0x08008e89   Thumb Code    64  stm32l1xx_flash.o(.text)
    FLASH_OB_BootConfig                      0x08008ec9   Thumb Code    62  stm32l1xx_flash.o(.text)
    FLASH_OB_GetUser                         0x08008f07   Thumb Code    10  stm32l1xx_flash.o(.text)
    FLASH_OB_GetWRP                          0x08008f11   Thumb Code     8  stm32l1xx_flash.o(.text)
    FLASH_OB_GetWRP1                         0x08008f19   Thumb Code     8  stm32l1xx_flash.o(.text)
    FLASH_OB_GetWRP2                         0x08008f21   Thumb Code     8  stm32l1xx_flash.o(.text)
    FLASH_OB_GetRDP                          0x08008f29   Thumb Code    20  stm32l1xx_flash.o(.text)
    FLASH_OB_GetBOR                          0x08008f3d   Thumb Code    10  stm32l1xx_flash.o(.text)
    FLASH_ITConfig                           0x08008f47   Thumb Code    34  stm32l1xx_flash.o(.text)
    FLASH_GetFlagStatus                      0x08008f69   Thumb Code    22  stm32l1xx_flash.o(.text)
    FLASH_ClearFlag                          0x08008f7f   Thumb Code     8  stm32l1xx_flash.o(.text)
    GPIO_DeInit                              0x08008f91   Thumb Code   196  stm32l1xx_gpio.o(.text)
    GPIO_Init                                0x08009055   Thumb Code   144  stm32l1xx_gpio.o(.text)
    GPIO_StructInit                          0x080090e5   Thumb Code    18  stm32l1xx_gpio.o(.text)
    GPIO_PinLockConfig                       0x080090f7   Thumb Code    18  stm32l1xx_gpio.o(.text)
    GPIO_ReadInputDataBit                    0x08009109   Thumb Code    18  stm32l1xx_gpio.o(.text)
    GPIO_ReadInputData                       0x0800911b   Thumb Code     6  stm32l1xx_gpio.o(.text)
    GPIO_ReadOutputDataBit                   0x08009121   Thumb Code    18  stm32l1xx_gpio.o(.text)
    GPIO_ReadOutputData                      0x08009133   Thumb Code     6  stm32l1xx_gpio.o(.text)
    GPIO_SetBits                             0x08009139   Thumb Code     4  stm32l1xx_gpio.o(.text)
    GPIO_ResetBits                           0x0800913d   Thumb Code     4  stm32l1xx_gpio.o(.text)
    GPIO_WriteBit                            0x08009141   Thumb Code    10  stm32l1xx_gpio.o(.text)
    GPIO_Write                               0x0800914b   Thumb Code     4  stm32l1xx_gpio.o(.text)
    GPIO_ToggleBits                          0x0800914f   Thumb Code     8  stm32l1xx_gpio.o(.text)
    GPIO_PinAFConfig                         0x08009157   Thumb Code    70  stm32l1xx_gpio.o(.text)
    PWR_DeInit                               0x080091bd   Thumb Code    22  stm32l1xx_pwr.o(.text)
    PWR_RTCAccessCmd                         0x080091d3   Thumb Code     6  stm32l1xx_pwr.o(.text)
    PWR_PVDLevelConfig                       0x080091d9   Thumb Code    18  stm32l1xx_pwr.o(.text)
    PWR_PVDCmd                               0x080091eb   Thumb Code     6  stm32l1xx_pwr.o(.text)
    PWR_WakeUpPinCmd                         0x080091f1   Thumb Code    12  stm32l1xx_pwr.o(.text)
    PWR_FastWakeUpCmd                        0x080091fd   Thumb Code     6  stm32l1xx_pwr.o(.text)
    PWR_UltraLowPowerCmd                     0x08009203   Thumb Code     6  stm32l1xx_pwr.o(.text)
    PWR_VoltageScalingConfig                 0x08009209   Thumb Code    24  stm32l1xx_pwr.o(.text)
    PWR_EnterLowPowerRunMode                 0x08009221   Thumb Code    50  stm32l1xx_pwr.o(.text)
    PWR_EnterSleepMode                       0x08009253   Thumb Code    42  stm32l1xx_pwr.o(.text)
    PWR_EnterSTOPMode                        0x0800927d   Thumb Code    54  stm32l1xx_pwr.o(.text)
    PWR_EnterSTANDBYMode                     0x080092b3   Thumb Code    42  stm32l1xx_pwr.o(.text)
    PWR_GetFlagStatus                        0x080092dd   Thumb Code    20  stm32l1xx_pwr.o(.text)
    PWR_ClearFlag                            0x080092f1   Thumb Code    14  stm32l1xx_pwr.o(.text)
    RCC_DeInit                               0x0800930d   Thumb Code    74  stm32l1xx_rcc.o(.text)
    RCC_HSEConfig                            0x08009357   Thumb Code    14  stm32l1xx_rcc.o(.text)
    RCC_GetFlagStatus                        0x08009365   Thumb Code    48  stm32l1xx_rcc.o(.text)
    RCC_WaitForHSEStartUp                    0x08009395   Thumb Code    48  stm32l1xx_rcc.o(.text)
    RCC_AdjustMSICalibrationValue            0x080093c5   Thumb Code     8  stm32l1xx_rcc.o(.text)
    RCC_MSIRangeConfig                       0x080093cd   Thumb Code    20  stm32l1xx_rcc.o(.text)
    RCC_MSICmd                               0x080093e1   Thumb Code     6  stm32l1xx_rcc.o(.text)
    RCC_AdjustHSICalibrationValue            0x080093e7   Thumb Code    22  stm32l1xx_rcc.o(.text)
    RCC_HSICmd                               0x080093fd   Thumb Code     6  stm32l1xx_rcc.o(.text)
    RCC_LSEConfig                            0x08009403   Thumb Code    14  stm32l1xx_rcc.o(.text)
    RCC_LSICmd                               0x08009411   Thumb Code     6  stm32l1xx_rcc.o(.text)
    RCC_PLLConfig                            0x08009417   Thumb Code    16  stm32l1xx_rcc.o(.text)
    RCC_PLLCmd                               0x08009427   Thumb Code     6  stm32l1xx_rcc.o(.text)
    RCC_ClockSecuritySystemCmd               0x0800942d   Thumb Code     6  stm32l1xx_rcc.o(.text)
    RCC_LSEClockSecuritySystemCmd            0x08009433   Thumb Code     8  stm32l1xx_rcc.o(.text)
    RCC_MCOConfig                            0x0800943b   Thumb Code    12  stm32l1xx_rcc.o(.text)
    RCC_SYSCLKConfig                         0x08009447   Thumb Code    20  stm32l1xx_rcc.o(.text)
    RCC_GetSYSCLKSource                      0x0800945b   Thumb Code    12  stm32l1xx_rcc.o(.text)
    RCC_HCLKConfig                           0x08009467   Thumb Code    20  stm32l1xx_rcc.o(.text)
    RCC_PCLK1Config                          0x0800947b   Thumb Code    20  stm32l1xx_rcc.o(.text)
    RCC_PCLK2Config                          0x0800948f   Thumb Code    22  stm32l1xx_rcc.o(.text)
    RCC_GetClocksFreq                        0x080094a5   Thumb Code   248  stm32l1xx_rcc.o(.text)
    RCC_RTCCLKConfig                         0x0800959d   Thumb Code    64  stm32l1xx_rcc.o(.text)
    RCC_RTCCLKCmd                            0x080095dd   Thumb Code     8  stm32l1xx_rcc.o(.text)
    RCC_RTCResetCmd                          0x080095e5   Thumb Code     8  stm32l1xx_rcc.o(.text)
    RCC_AHBPeriphClockCmd                    0x080095ed   Thumb Code    34  stm32l1xx_rcc.o(.text)
    RCC_APB2PeriphClockCmd                   0x0800960f   Thumb Code    34  stm32l1xx_rcc.o(.text)
    RCC_APB1PeriphClockCmd                   0x08009631   Thumb Code    34  stm32l1xx_rcc.o(.text)
    RCC_AHBPeriphResetCmd                    0x08009653   Thumb Code    34  stm32l1xx_rcc.o(.text)
    RCC_APB2PeriphResetCmd                   0x08009675   Thumb Code    34  stm32l1xx_rcc.o(.text)
    RCC_APB1PeriphResetCmd                   0x08009697   Thumb Code    34  stm32l1xx_rcc.o(.text)
    RCC_AHBPeriphClockLPModeCmd              0x080096b9   Thumb Code    34  stm32l1xx_rcc.o(.text)
    RCC_APB2PeriphClockLPModeCmd             0x080096db   Thumb Code    66  stm32l1xx_rcc.o(.text)
    RCC_APB1PeriphClockLPModeCmd             0x0800971d   Thumb Code    34  stm32l1xx_rcc.o(.text)
    RCC_ITConfig                             0x0800973f   Thumb Code    38  stm32l1xx_rcc.o(.text)
    RCC_ClearFlag                            0x08009765   Thumb Code    18  stm32l1xx_rcc.o(.text)
    RCC_GetITStatus                          0x08009777   Thumb Code    22  stm32l1xx_rcc.o(.text)
    RCC_ClearITPendingBit                    0x0800978d   Thumb Code     8  stm32l1xx_rcc.o(.text)
    SYSCFG_DeInit                            0x08009799   Thumb Code    20  stm32l1xx_syscfg.o(.text)
    SYSCFG_RIDeInit                          0x080097ad   Thumb Code    32  stm32l1xx_syscfg.o(.text)
    SYSCFG_MemoryRemapConfig                 0x080097cd   Thumb Code     6  stm32l1xx_syscfg.o(.text)
    SYSCFG_GetBootMode                       0x080097d3   Thumb Code    10  stm32l1xx_syscfg.o(.text)
    SYSCFG_USBPuCmd                          0x080097dd   Thumb Code    30  stm32l1xx_syscfg.o(.text)
    SYSCFG_EXTILineConfig                    0x080097fb   Thumb Code    66  stm32l1xx_syscfg.o(.text)
    SYSCFG_RITIMSelect                       0x0800983d   Thumb Code    18  stm32l1xx_syscfg.o(.text)
    SYSCFG_RITIMInputCaptureConfig           0x0800984f   Thumb Code    86  stm32l1xx_syscfg.o(.text)
    SYSCFG_RIResistorConfig                  0x080098a5   Thumb Code    34  stm32l1xx_syscfg.o(.text)
    SYSCFG_RIChannelSpeedConfig              0x080098c7   Thumb Code    34  stm32l1xx_syscfg.o(.text)
    SYSCFG_RIIOSwitchConfig                  0x080098e9   Thumb Code    80  stm32l1xx_syscfg.o(.text)
    SYSCFG_RISwitchControlModeCmd            0x08009939   Thumb Code    38  stm32l1xx_syscfg.o(.text)
    SYSCFG_RIHysteresisConfig                0x0800995f   Thumb Code   282  stm32l1xx_syscfg.o(.text)
    __aeabi_uldivmod                         0x08009a81   Thumb Code    98  uldiv.o(.text)
    __aeabi_llsr                             0x08009ae3   Thumb Code    32  llushr.o(.text)
    _ll_ushift_r                             0x08009ae3   Thumb Code     0  llushr.o(.text)
    __aeabi_llsl                             0x08009b03   Thumb Code    30  llshl.o(.text)
    _ll_shift_l                              0x08009b03   Thumb Code     0  llshl.o(.text)
    __scatterload                            0x08009b21   Thumb Code    28  init.o(.text)
    __scatterload_rt2                        0x08009b21   Thumb Code     0  init.o(.text)
    OSStartHighRdy                           0x08009b45   Thumb Code     0  os_cpu_a.o(CODE)
    OS_CPU_PendSVHandler                     0x08009b67   Thumb Code     0  os_cpu_a.o(CODE)
    __scatterload_copy                       0x08009bc9   Thumb Code    14  handlers.o(i.__scatterload_copy)
    __scatterload_null                       0x08009bd7   Thumb Code     2  handlers.o(i.__scatterload_null)
    __scatterload_zeroinit                   0x08009bd9   Thumb Code    14  handlers.o(i.__scatterload_zeroinit)
    OSCfg_IdleTaskStkBasePtr                 0x08009d7c   Data           4  os_cfg_app.o(.constdata)
    OSCfg_IdleTaskStkLimit                   0x08009d80   Data           4  os_cfg_app.o(.constdata)
    OSCfg_IdleTaskStkSize                    0x08009d84   Data           4  os_cfg_app.o(.constdata)
    OSCfg_IdleTaskStkSizeRAM                 0x08009d88   Data           4  os_cfg_app.o(.constdata)
    OSCfg_IntQBasePtr                        0x08009d8c   Data           4  os_cfg_app.o(.constdata)
    OSCfg_IntQSize                           0x08009d90   Data           2  os_cfg_app.o(.constdata)
    OSCfg_IntQSizeRAM                        0x08009d94   Data           4  os_cfg_app.o(.constdata)
    OSCfg_IntQTaskStkBasePtr                 0x08009d98   Data           4  os_cfg_app.o(.constdata)
    OSCfg_IntQTaskStkLimit                   0x08009d9c   Data           4  os_cfg_app.o(.constdata)
    OSCfg_IntQTaskStkSize                    0x08009da0   Data           4  os_cfg_app.o(.constdata)
    OSCfg_IntQTaskStkSizeRAM                 0x08009da4   Data           4  os_cfg_app.o(.constdata)
    OSCfg_ISRStkBasePtr                      0x08009da8   Data           4  os_cfg_app.o(.constdata)
    OSCfg_ISRStkSize                         0x08009dac   Data           4  os_cfg_app.o(.constdata)
    OSCfg_ISRStkSizeRAM                      0x08009db0   Data           4  os_cfg_app.o(.constdata)
    OSCfg_MsgPoolSize                        0x08009db4   Data           2  os_cfg_app.o(.constdata)
    OSCfg_MsgPoolSizeRAM                     0x08009db8   Data           4  os_cfg_app.o(.constdata)
    OSCfg_MsgPoolBasePtr                     0x08009dbc   Data           4  os_cfg_app.o(.constdata)
    OSCfg_StatTaskPrio                       0x08009dc0   Data           1  os_cfg_app.o(.constdata)
    OSCfg_StatTaskRate_Hz                    0x08009dc4   Data           4  os_cfg_app.o(.constdata)
    OSCfg_StatTaskStkBasePtr                 0x08009dc8   Data           4  os_cfg_app.o(.constdata)
    OSCfg_StatTaskStkLimit                   0x08009dcc   Data           4  os_cfg_app.o(.constdata)
    OSCfg_StatTaskStkSize                    0x08009dd0   Data           4  os_cfg_app.o(.constdata)
    OSCfg_StatTaskStkSizeRAM                 0x08009dd4   Data           4  os_cfg_app.o(.constdata)
    OSCfg_StkSizeMin                         0x08009dd8   Data           4  os_cfg_app.o(.constdata)
    OSCfg_TickRate_Hz                        0x08009ddc   Data           4  os_cfg_app.o(.constdata)
    OSCfg_TickTaskPrio                       0x08009de0   Data           1  os_cfg_app.o(.constdata)
    OSCfg_TickTaskStkBasePtr                 0x08009de4   Data           4  os_cfg_app.o(.constdata)
    OSCfg_TickTaskStkLimit                   0x08009de8   Data           4  os_cfg_app.o(.constdata)
    OSCfg_TickTaskStkSize                    0x08009dec   Data           4  os_cfg_app.o(.constdata)
    OSCfg_TickTaskStkSizeRAM                 0x08009df0   Data           4  os_cfg_app.o(.constdata)
    OSCfg_TickWheelSize                      0x08009df4   Data           2  os_cfg_app.o(.constdata)
    OSCfg_TickWheelSizeRAM                   0x08009df8   Data           4  os_cfg_app.o(.constdata)
    OSCfg_TmrTaskPrio                        0x08009dfc   Data           1  os_cfg_app.o(.constdata)
    OSCfg_TmrTaskRate_Hz                     0x08009e00   Data           4  os_cfg_app.o(.constdata)
    OSCfg_TmrTaskStkBasePtr                  0x08009e04   Data           4  os_cfg_app.o(.constdata)
    OSCfg_TmrTaskStkLimit                    0x08009e08   Data           4  os_cfg_app.o(.constdata)
    OSCfg_TmrTaskStkSize                     0x08009e0c   Data           4  os_cfg_app.o(.constdata)
    OSCfg_TmrTaskStkSizeRAM                  0x08009e10   Data           4  os_cfg_app.o(.constdata)
    OSCfg_TmrWheelSize                       0x08009e14   Data           2  os_cfg_app.o(.constdata)
    OSCfg_TmrWheelSizeRAM                    0x08009e18   Data           4  os_cfg_app.o(.constdata)
    OSCfg_DataSizeRAM                        0x08009e1c   Data           4  os_cfg_app.o(.constdata)
    OSDbg_DbgEn                              0x08009e20   Data           1  os_dbg.o(.constdata)
    OSDbg_ArgChkEn                           0x08009e21   Data           1  os_dbg.o(.constdata)
    OSDbg_AppHooksEn                         0x08009e22   Data           1  os_dbg.o(.constdata)
    OSDbg_EndiannessTest                     0x08009e24   Data           4  os_dbg.o(.constdata)
    OSDbg_CalledFromISRChkEn                 0x08009e28   Data           1  os_dbg.o(.constdata)
    OSDbg_FlagEn                             0x08009e29   Data           1  os_dbg.o(.constdata)
    OSDbg_FlagGrp                            0x08009e2c   Data          40  os_dbg.o(.constdata)
    OSDbg_FlagDelEn                          0x08009e54   Data           1  os_dbg.o(.constdata)
    OSDbg_FlagModeClrEn                      0x08009e55   Data           1  os_dbg.o(.constdata)
    OSDbg_FlagPendAbortEn                    0x08009e56   Data           1  os_dbg.o(.constdata)
    OSDbg_FlagGrpSize                        0x08009e58   Data           2  os_dbg.o(.constdata)
    OSDbg_FlagWidth                          0x08009e5a   Data           2  os_dbg.o(.constdata)
    OSDbg_IntQ                               0x08009e5c   Data           2  os_dbg.o(.constdata)
    OSDbg_ISRPostDeferredEn                  0x08009e5e   Data           1  os_dbg.o(.constdata)
    OSDbg_Mem                                0x08009e60   Data          32  os_dbg.o(.constdata)
    OSDbg_MemEn                              0x08009e80   Data           1  os_dbg.o(.constdata)
    OSDbg_MemSize                            0x08009e82   Data           2  os_dbg.o(.constdata)
    OSDbg_MsgEn                              0x08009e84   Data           1  os_dbg.o(.constdata)
    OSDbg_MsgSize                            0x08009e86   Data           2  os_dbg.o(.constdata)
    OSDbg_MsgPoolSize                        0x08009e88   Data           2  os_dbg.o(.constdata)
    OSDbg_MsgQSize                           0x08009e8a   Data           2  os_dbg.o(.constdata)
    OSDbg_Mutex                              0x08009e8c   Data          44  os_dbg.o(.constdata)
    OSDbg_MutexEn                            0x08009eb8   Data           1  os_dbg.o(.constdata)
    OSDbg_MutexDelEn                         0x08009eb9   Data           1  os_dbg.o(.constdata)
    OSDbg_MutexPendAbortEn                   0x08009eba   Data           1  os_dbg.o(.constdata)
    OSDbg_MutexSize                          0x08009ebc   Data           2  os_dbg.o(.constdata)
    OSDbg_ObjTypeChkEn                       0x08009ebe   Data           1  os_dbg.o(.constdata)
    OSDbg_PendMultiEn                        0x08009ebf   Data           1  os_dbg.o(.constdata)
    OSDbg_PendDataSize                       0x08009ec0   Data           2  os_dbg.o(.constdata)
    OSDbg_PendListSize                       0x08009ec2   Data           2  os_dbg.o(.constdata)
    OSDbg_PendObjSize                        0x08009ec4   Data           2  os_dbg.o(.constdata)
    OSDbg_PrioMax                            0x08009ec6   Data           2  os_dbg.o(.constdata)
    OSDbg_PrioTblSize                        0x08009ec8   Data           2  os_dbg.o(.constdata)
    OSDbg_PtrSize                            0x08009eca   Data           2  os_dbg.o(.constdata)
    OSDbg_Q                                  0x08009ecc   Data          48  os_dbg.o(.constdata)
    OSDbg_QEn                                0x08009efc   Data           1  os_dbg.o(.constdata)
    OSDbg_QDelEn                             0x08009efd   Data           1  os_dbg.o(.constdata)
    OSDbg_QFlushEn                           0x08009efe   Data           1  os_dbg.o(.constdata)
    OSDbg_QPendAbortEn                       0x08009eff   Data           1  os_dbg.o(.constdata)
    OSDbg_QSize                              0x08009f00   Data           2  os_dbg.o(.constdata)
    OSDbg_SchedRoundRobinEn                  0x08009f02   Data           1  os_dbg.o(.constdata)
    OSDbg_Sem                                0x08009f04   Data          40  os_dbg.o(.constdata)
    OSDbg_SemEn                              0x08009f2c   Data           1  os_dbg.o(.constdata)
    OSDbg_SemDelEn                           0x08009f2d   Data           1  os_dbg.o(.constdata)
    OSDbg_SemPendAbortEn                     0x08009f2e   Data           1  os_dbg.o(.constdata)
    OSDbg_SemSetEn                           0x08009f2f   Data           1  os_dbg.o(.constdata)
    OSDbg_SemSize                            0x08009f30   Data           2  os_dbg.o(.constdata)
    OSDbg_RdyList                            0x08009f32   Data           2  os_dbg.o(.constdata)
    OSDbg_RdyListSize                        0x08009f34   Data           4  os_dbg.o(.constdata)
    OSDbg_StkWidth                           0x08009f38   Data           1  os_dbg.o(.constdata)
    OSDbg_StatTaskEn                         0x08009f39   Data           1  os_dbg.o(.constdata)
    OSDbg_StatTaskStkChkEn                   0x08009f3a   Data           1  os_dbg.o(.constdata)
    OSDbg_TaskChangePrioEn                   0x08009f3b   Data           1  os_dbg.o(.constdata)
    OSDbg_TaskDelEn                          0x08009f3c   Data           1  os_dbg.o(.constdata)
    OSDbg_TaskQEn                            0x08009f3d   Data           1  os_dbg.o(.constdata)
    OSDbg_TaskQPendAbortEn                   0x08009f3e   Data           1  os_dbg.o(.constdata)
    OSDbg_TaskProfileEn                      0x08009f3f   Data           1  os_dbg.o(.constdata)
    OSDbg_TaskRegTblSize                     0x08009f40   Data           2  os_dbg.o(.constdata)
    OSDbg_TaskSemPendAbortEn                 0x08009f42   Data           1  os_dbg.o(.constdata)
    OSDbg_TaskSuspendEn                      0x08009f43   Data           1  os_dbg.o(.constdata)
    OSDbg_TCBSize                            0x08009f44   Data           2  os_dbg.o(.constdata)
    OSDbg_TickSpokeSize                      0x08009f46   Data           2  os_dbg.o(.constdata)
    OSDbg_TimeDlyHMSMEn                      0x08009f48   Data           1  os_dbg.o(.constdata)
    OSDbg_TimeDlyResumeEn                    0x08009f49   Data           1  os_dbg.o(.constdata)
    OSDbg_TLS_TblSize                        0x08009f4a   Data           2  os_dbg.o(.constdata)
    OSDbg_Tmr                                0x08009f4c   Data          52  os_dbg.o(.constdata)
    OSDbg_TmrEn                              0x08009f80   Data           1  os_dbg.o(.constdata)
    OSDbg_TmrDelEn                           0x08009f81   Data           1  os_dbg.o(.constdata)
    OSDbg_TmrSize                            0x08009f82   Data           2  os_dbg.o(.constdata)
    OSDbg_TmrSpokeSize                       0x08009f84   Data           2  os_dbg.o(.constdata)
    OSDbg_VersionNbr                         0x08009f86   Data           2  os_dbg.o(.constdata)
    OSDbg_DataSize                           0x08009f88   Data           4  os_dbg.o(.constdata)
    Region$$Table$$Base                      0x08009f8c   Number         0  anon$$obj.o(Region$$Table)
    Region$$Table$$Limit                     0x08009fac   Number         0  anon$$obj.o(Region$$Table)
    probe                                    0x20000004   Data           4  app.o(.data)
    CPU_TS_TmrFreq_Hz                        0x20000008   Data           4  cpu_core.o(.data)
    Math_RandSeedCur                         0x2000000c   Data           4  lib_math.o(.data)
    Mem_PoolTbl                              0x20000010   Data           4  lib_mem.o(.data)
    OS_CPU_ExceptStkBase                     0x20000014   Data           4  os_cpu_c.o(.data)
    OSPrioTbl                                0x20000018   Data           4  os_prio.o(.data)
    OS_AppTaskCreateHookPtr                  0x2000001c   Data           4  os_var.o(.data)
    OS_AppTaskDelHookPtr                     0x20000020   Data           4  os_var.o(.data)
    OS_AppTaskReturnHookPtr                  0x20000024   Data           4  os_var.o(.data)
    OS_AppIdleTaskHookPtr                    0x20000028   Data           4  os_var.o(.data)
    OS_AppStatTaskHookPtr                    0x2000002c   Data           4  os_var.o(.data)
    OS_AppTaskSwHookPtr                      0x20000030   Data           4  os_var.o(.data)
    OS_AppTimeTickHookPtr                    0x20000034   Data           4  os_var.o(.data)
    OSIdleTaskCtr                            0x20000038   Data           4  os_var.o(.data)
    OSIntNestingCtr                          0x2000003c   Data           1  os_var.o(.data)
    OSRunning                                0x2000003d   Data           1  os_var.o(.data)
    OSFlagDbgListPtr                         0x20000040   Data           4  os_var.o(.data)
    OSFlagQty                                0x20000044   Data           2  os_var.o(.data)
    OSMemDbgListPtr                          0x20000048   Data           4  os_var.o(.data)
    OSMemQty                                 0x2000004c   Data           2  os_var.o(.data)
    OSMutexDbgListPtr                        0x20000050   Data           4  os_var.o(.data)
    OSMutexQty                               0x20000054   Data           2  os_var.o(.data)
    OSPrioCur                                0x20000056   Data           1  os_var.o(.data)
    OSPrioHighRdy                            0x20000057   Data           1  os_var.o(.data)
    OSPrioSaved                              0x20000058   Data           1  os_var.o(.data)
    OSQDbgListPtr                            0x2000005c   Data           4  os_var.o(.data)
    OSQQty                                   0x20000060   Data           2  os_var.o(.data)
    OSSchedLockTimeBegin                     0x20000064   Data           4  os_var.o(.data)
    OSSchedLockTimeMax                       0x20000068   Data           4  os_var.o(.data)
    OSSchedLockTimeMaxCur                    0x2000006c   Data           4  os_var.o(.data)
    OSSchedLockNestingCtr                    0x20000070   Data           1  os_var.o(.data)
    OSSchedRoundRobinDfltTimeQuanta          0x20000074   Data           4  os_var.o(.data)
    OSSchedRoundRobinEn                      0x20000078   Data           1  os_var.o(.data)
    OSSemDbgListPtr                          0x2000007c   Data           4  os_var.o(.data)
    OSSemQty                                 0x20000080   Data           2  os_var.o(.data)
    OSStatResetFlag                          0x20000082   Data           1  os_var.o(.data)
    OSStatTaskCPUUsage                       0x20000084   Data           2  os_var.o(.data)
    OSStatTaskCPUUsageMax                    0x20000086   Data           2  os_var.o(.data)
    OSStatTaskCtr                            0x20000088   Data           4  os_var.o(.data)
    OSStatTaskCtrMax                         0x2000008c   Data           4  os_var.o(.data)
    OSStatTaskCtrRun                         0x20000090   Data           4  os_var.o(.data)
    OSStatTaskRdy                            0x20000094   Data           1  os_var.o(.data)
    OSStatTaskTimeMax                        0x20000098   Data           4  os_var.o(.data)
    OSTaskCtxSwCtr                           0x2000009c   Data           4  os_var.o(.data)
    OSTaskDbgListPtr                         0x200000a0   Data           4  os_var.o(.data)
    OSTaskQty                                0x200000a4   Data           2  os_var.o(.data)
    OSTaskRegNextAvailID                     0x200000a6   Data           1  os_var.o(.data)
    OSTickCtr                                0x200000a8   Data           4  os_var.o(.data)
    OSTickTaskTimeMax                        0x200000ac   Data           4  os_var.o(.data)
    OSTmrDbgListPtr                          0x200000b0   Data           4  os_var.o(.data)
    OSTmrQty                                 0x200000b4   Data           2  os_var.o(.data)
    OSTmrTaskTimeMax                         0x200000b8   Data           4  os_var.o(.data)
    OSTmrTickCtr                             0x200000bc   Data           4  os_var.o(.data)
    OSTmrUpdateCnt                           0x200000c0   Data           4  os_var.o(.data)
    OSTmrUpdateCtr                           0x200000c4   Data           4  os_var.o(.data)
    OSTCBCurPtr                              0x200000c8   Data           4  os_var.o(.data)
    OSTCBHighRdyPtr                          0x200000cc   Data           4  os_var.o(.data)
    CPU_Name                                 0x20000494   Data          16  cpu_core.o(.bss)
    Mem_PoolHeap                             0x200004a4   Data          72  lib_mem.o(.bss)
    Mem_Heap                                 0x200004ec   Data        2048  lib_mem.o(.bss)
    OSCfg_IdleTaskStk                        0x20000cec   Data         512  os_cfg_app.o(.bss)
    OSCfg_ISRStk                             0x20000eec   Data        1024  os_cfg_app.o(.bss)
    OSCfg_MsgPool                            0x200012ec   Data        1600  os_cfg_app.o(.bss)
    OSCfg_StatTaskStk                        0x2000192c   Data         512  os_cfg_app.o(.bss)
    OSCfg_TickTaskStk                        0x20001b2c   Data         512  os_cfg_app.o(.bss)
    OSCfg_TickWheel                          0x20001d2c   Data         136  os_cfg_app.o(.bss)
    OSCfg_TmrTaskStk                         0x20001db4   Data         512  os_cfg_app.o(.bss)
    OSCfg_TmrWheel                           0x20001fb4   Data         136  os_cfg_app.o(.bss)
    OSIdleTaskTCB                            0x2000203c   Data         196  os_var.o(.bss)
    OSMsgPool                                0x20002100   Data          12  os_var.o(.bss)
    OSRdyList                                0x2000210c   Data         144  os_var.o(.bss)
    OSStatTaskTCB                            0x2000219c   Data         196  os_var.o(.bss)
    OSTickTaskTCB                            0x20002260   Data         196  os_var.o(.bss)
    OSTmrTaskTCB                             0x20002324   Data         196  os_var.o(.bss)
    __initial_sp                             0x200025e8   Data           0  cstartup.o(STACK)



==============================================================================

Memory Map of the image

  Image Entry point : 0x08000125

  Load Region LR_IROM1 (Base: 0x08000000, Size: 0x0000a098, Max: 0x00020000, ABSOLUTE)

    Execution Region ER_IROM1 (Base: 0x08000000, Size: 0x00009fac, Max: 0x00020000, ABSOLUTE)

    Base Addr    Size         Type   Attr      Idx    E Section Name        Object

    0x08000000   0x00000124   Data   RO          222    RESET               cstartup.o
    0x08000124   0x00000000   Code   RO         1213  * .ARM.Collect$$$$00000000  mc_w.l(entry.o)
    0x08000124   0x00000004   Code   RO         1220    .ARM.Collect$$$$00000001  mc_w.l(entry2.o)
    0x08000128   0x00000004   Code   RO         1223    .ARM.Collect$$$$00000004  mc_w.l(entry5.o)
    0x0800012c   0x00000000   Code   RO         1225    .ARM.Collect$$$$00000008  mc_w.l(entry7b.o)
    0x0800012c   0x00000008   Code   RO         1226    .ARM.Collect$$$$00000009  mc_w.l(entry8.o)
    0x08000134   0x00000004   Code   RO         1221    .ARM.Collect$$$$00002712  mc_w.l(entry2.o)
    0x08000138   0x00000160   Code   RO            3    .text               app.o
    0x08000298   0x00000264   Code   RO          150    .text               bsp.o
    0x080004fc   0x00000350   Code   RO          173    .text               bsp_int.o
    0x0800084c   0x00000350   Code   RO          202    .text               bsp_periph.o
    0x08000b9c   0x00000018   Code   RO          223    .text               cstartup.o
    0x08000bb4   0x0000077c   Code   RO          250    .text               cpu_c.o
    0x08001330   0x00000310   Code   RO          262    .text               cpu_core.o
    0x08001640   0x00000034   Code   RO          288    .text               cpu_a.o
    0x08001674   0x00000256   Code   RO          291    .text               lib_ascii.o
    0x080018ca   0x00000002   PAD
    0x080018cc   0x00000080   Code   RO          306    .text               lib_math.o
    0x0800194c   0x00000eb4   Code   RO          324    .text               lib_mem.o
    0x08002800   0x00000928   Code   RO          343    .text               lib_str.o
    0x08003128   0x00000220   Code   RO          360    .text               lib_mem_a.o
    0x08003348   0x0000026c   Code   RO          366    .text               os_cpu_c.o
    0x080035b4   0x00000002   Code   RO          384    .text               os_cfg_app.o
    0x080035b6   0x00000002   PAD
    0x080035b8   0x00000db8   Code   RO          407    .text               os_core.o
    0x08004370   0x000001ac   Code   RO          419    .text               os_dbg.o
    0x0800451c   0x00000744   Code   RO          434    .text               os_flag.o
    0x08004c60   0x000001fc   Code   RO          452    .text               os_mem.o
    0x08004e5c   0x00000224   Code   RO          464    .text               os_msg.o
    0x08005080   0x000004dc   Code   RO          476    .text               os_mutex.o
    0x0800555c   0x0000007c   Code   RO          500    .text               os_prio.o
    0x080055d8   0x00000534   Code   RO          519    .text               os_q.o
    0x08005b0c   0x000005b4   Code   RO          531    .text               os_sem.o
    0x080060c0   0x000005ac   Code   RO          543    .text               os_stat.o
    0x0800666c   0x0000118c   Code   RO          555    .text               os_task.o
    0x080077f8   0x00000498   Code   RO          567    .text               os_tick.o
    0x08007c90   0x00000310   Code   RO          579    .text               os_time.o
    0x08007fa0   0x00000740   Code   RO          591    .text               os_tmr.o
    0x080086e0   0x000000e4   Code   RO          619    .text               misc.o
    0x080087c4   0x00000118   Code   RO          820    .text               stm32l1xx_exti.o
    0x080088dc   0x000006b4   Code   RO          840    .text               stm32l1xx_flash.o
    0x08008f90   0x0000022c   Code   RO          903    .text               stm32l1xx_gpio.o
    0x080091bc   0x00000150   Code   RO         1015    .text               stm32l1xx_pwr.o
    0x0800930c   0x0000048c   Code   RO         1035    .text               stm32l1xx_rcc.o
    0x08009798   0x000002e8   Code   RO         1126    .text               stm32l1xx_syscfg.o
    0x08009a80   0x00000062   Code   RO         1216    .text               mc_w.l(uldiv.o)
    0x08009ae2   0x00000020   Code   RO         1218    .text               mc_w.l(llushr.o)
    0x08009b02   0x0000001e   Code   RO         1227    .text               mc_w.l(llshl.o)
    0x08009b20   0x00000024   Code   RO         1229    .text               mc_w.l(init.o)
    0x08009b44   0x00000084   Code   RO          363    CODE                os_cpu_a.o
    0x08009bc8   0x0000000e   Code   RO         1233    i.__scatterload_copy  mc_w.l(handlers.o)
    0x08009bd6   0x00000002   Code   RO         1234    i.__scatterload_null  mc_w.l(handlers.o)
    0x08009bd8   0x0000000e   Code   RO         1235    i.__scatterload_zeroinit  mc_w.l(handlers.o)
    0x08009be6   0x00000100   Data   RO          264    .constdata          cpu_core.o
    0x08009ce6   0x00000002   PAD
    0x08009ce8   0x00000094   Data   RO          344    .constdata          lib_str.o
    0x08009d7c   0x000000a4   Data   RO          386    .constdata          os_cfg_app.o
    0x08009e20   0x0000016c   Data   RO          420    .constdata          os_dbg.o
    0x08009f8c   0x00000020   Data   RO         1231    Region$$Table       anon$$obj.o


    Execution Region RW_IRAM1 (Base: 0x20000000, Size: 0x000025e8, Max: 0x00004000, ABSOLUTE)

    Base Addr    Size         Type   Attr      Idx    E Section Name        Object

    0x20000000   0x00000008   Data   RW            5    .data               app.o
    0x20000008   0x00000004   Data   RW          265    .data               cpu_core.o
    0x2000000c   0x00000004   Data   RW          307    .data               lib_math.o
    0x20000010   0x00000004   Data   RW          326    .data               lib_mem.o
    0x20000014   0x00000004   Data   RW          367    .data               os_cpu_c.o
    0x20000018   0x00000004   Data   RW          501    .data               os_prio.o
    0x2000001c   0x000000b4   Data   RW          604    .data               os_var.o
    0x200000d0   0x00000019   Data   RW         1036    .data               stm32l1xx_rcc.o
    0x200000e9   0x00000003   PAD
    0x200000ec   0x000002c4   Zero   RW            4    .bss                app.o
    0x200003b0   0x000000e4   Zero   RW          174    .bss                bsp_int.o
    0x20000494   0x00000010   Zero   RW          263    .bss                cpu_core.o
    0x200004a4   0x00000848   Zero   RW          325    .bss                lib_mem.o
    0x20000cec   0x00001350   Zero   RW          385    .bss                os_cfg_app.o
    0x2000203c   0x000003ac   Zero   RW          603    .bss                os_var.o
    0x200023e8   0x00000200   Zero   RW          220    STACK               cstartup.o


==============================================================================

Image component sizes


      Code (inc. data)   RO Data    RW Data    ZI Data      Debug   Object Name

       352         46          0          8        708     249955   app.o
       612         38          0          0          0       6652   bsp.o
       848         12          0          0        228      34297   bsp_int.o
       848        148          0          0          0       1238   bsp_periph.o
        52          0          0          0          0        392   cpu_a.o
      1916        108          0          0          0       3573   cpu_c.o
       784         14        256          4         16      14680   cpu_core.o
        24          6        292          0        512        696   cstartup.o
       598          0          0          0          0       3936   lib_ascii.o
       128          8          0          4          0       2016   lib_math.o
      3764         62          0          4       2120      25200   lib_mem.o
       544          0          0          0          0        536   lib_mem_a.o
      2344          4        148          0          0      13962   lib_str.o
       228         22          0          0          0       1913   misc.o
         2          0        164          0       4944      19826   os_cfg_app.o
      3512        270          0          0          0      12375   os_core.o
       132         32          0          0          0        436   os_cpu_a.o
       620         66          0          4          0       4029   os_cpu_c.o
       428        280        364          0          0       4941   os_dbg.o
      1860         70          0          0          0       6001   os_flag.o
       508         16          0          0          0       2864   os_mem.o
       548         14          0          0          0       2778   os_msg.o
      1244         62          0          0          0       3662   os_mutex.o
       124          4          0          4          0       1912   os_prio.o
      1332         48          0          0          0       5044   os_q.o
      1460         56          0          0          0       5487   os_sem.o
      1452        148          0          0          0       2889   os_stat.o
      4492        156          0          0          0      12491   os_task.o
      1176         82          0          0          0       3365   os_tick.o
       784         46          0          0          0       2805   os_time.o
      1856        132          0          0          0       6317   os_tmr.o
         0          0          0        180        940      18237   os_var.o
       280          4          0          0          0       2363   stm32l1xx_exti.o
      1716         44          0          0          0      10465   stm32l1xx_flash.o
       556         32          0          0          0       4033   stm32l1xx_gpio.o
       336         14          0          0          0       4124   stm32l1xx_pwr.o
      1164         40          0         25          0       9653   stm32l1xx_rcc.o
       744          8          0          0          0       3336   stm32l1xx_syscfg.o

    ----------------------------------------------------------------------
     39372       2092       1258        236       9468     508479   Object Totals
         0          0         32          0          0          0   (incl. Generated)
         4          0          2          3          0          0   (incl. Padding)

    ----------------------------------------------------------------------

      Code (inc. data)   RO Data    RW Data    ZI Data      Debug   Library Member Name

         0          0          0          0          0          0   entry.o
         8          4          0          0          0          0   entry2.o
         4          0          0          0          0          0   entry5.o
         0          0          0          0          0          0   entry7b.o
         8          4          0          0          0          0   entry8.o
        30          0          0          0          0          0   handlers.o
        36          8          0          0          0         68   init.o
        30          0          0          0          0         68   llshl.o
        32          0          0          0          0         68   llushr.o
        98          0          0          0          0         92   uldiv.o

    ----------------------------------------------------------------------
       246         16          0          0          0        296   Library Totals
         0          0          0          0          0          0   (incl. Padding)

    ----------------------------------------------------------------------

      Code (inc. data)   RO Data    RW Data    ZI Data      Debug   Library Name

       246         16          0          0          0        296   mc_w.l

    ----------------------------------------------------------------------
       246         16          0          0          0        296   Library Totals

    ----------------------------------------------------------------------

==============================================================================


      Code (inc. data)   RO Data    RW Data    ZI Data      Debug   

     39618       2108       1258        236       9468     505031   Grand Totals
     39618       2108       1258        236       9468     505031   ELF Image Totals
     39618       2108       1258        236          0          0   ROM Totals

==============================================================================

    Total RO  Size (Code + RO Data)                40876 (  39.92kB)
    Total RW  Size (RW Data + ZI Data)              9704 (   9.48kB)
    Total ROM Size (Code + RO Data + RW Data)      41112 (  40.15kB)

==============================================================================

